Component: ARM Compiler 5.05 update 1 (build 106) Tool: armlink [4d0efa]

==============================================================================

Section Cross References

    main.o(i.led_task) refers to os_time.o(i.OSTimeDlyHMSM) for OSTimeDlyHMSM
    main.o(i.main) refers to sys.o(i.Stm32_Clock_Init) for Stm32_Clock_Init
    main.o(i.main) refers to stm32f4xx_hal.o(i.HAL_Init) for HAL_Init
    main.o(i.main) refers to delay.o(i.delay_init) for delay_init
    main.o(i.main) refers to usart.o(i.uart_init) for uart_init
    main.o(i.main) refers to led.o(i.LED_Init) for LED_Init
    main.o(i.main) refers to sdram.o(i.SDRAM_Init) for SDRAM_Init
    main.o(i.main) refers to pcf8574.o(i.PCF8574_Init) for PCF8574_Init
    main.o(i.main) refers to malloc.o(i.my_mem_init) for my_mem_init
    main.o(i.main) refers to noretval__2printf.o(.text) for __2printf
    main.o(i.main) refers to lwip_comm.o(i.EthMemAlloc) for EthMemAlloc
    main.o(i.main) refers to os_core.o(i.OSInit) for OSInit
    main.o(i.main) refers to os_task.o(i.OSTaskCreate) for OSTaskCreate
    main.o(i.main) refers to os_core.o(i.OSStart) for OSStart
    main.o(i.main) refers to main.o(.bss) for START_TASK_STK
    main.o(i.main) refers to main.o(i.start_task) for start_task
    main.o(i.netinit_task) refers to rt_memclr_w.o(.text) for __aeabi_memclr4
    main.o(i.netinit_task) refers to lwip_comm.o(i.lwip_comm_init) for lwip_comm_init
    main.o(i.netinit_task) refers to noretval__2printf.o(.text) for __2printf
    main.o(i.netinit_task) refers to udpecho.o(i.udpecho_init) for udpecho_init
    main.o(i.netinit_task) refers to mulcast.o(i.Multicast_Config) for Multicast_Config
    main.o(i.netinit_task) refers to mulcast.o(i.McuInfoInit) for McuInfoInit
    main.o(i.netinit_task) refers to stm32f4xx_hal_eth.o(i.HAL_ETH_ReadPHYRegister) for HAL_ETH_ReadPHYRegister
    main.o(i.netinit_task) refers to mulcast.o(i.Multicast_Send) for Multicast_Send
    main.o(i.netinit_task) refers to os_time.o(i.OSTimeDlyHMSM) for OSTimeDlyHMSM
    main.o(i.netinit_task) refers to main.o(.data) for g_NetInitFine
    main.o(i.netinit_task) refers to lan8720.o(.bss) for ETH_Handler
    main.o(i.start_task) refers to os_core.o(i.OSStatInit) for OSStatInit
    main.o(i.start_task) refers to os_cpu_a.o(.text) for OS_CPU_SR_Save
    main.o(i.start_task) refers to os_task.o(i.OSTaskCreate) for OSTaskCreate
    main.o(i.start_task) refers to os_task.o(i.OSTaskSuspend) for OSTaskSuspend
    main.o(i.start_task) refers to main.o(.bss) for LED_TASK_STK
    main.o(i.start_task) refers to main.o(i.led_task) for led_task
    main.o(i.start_task) refers to main.o(i.netinit_task) for netinit_task
    system_stm32f4xx.o(i.SystemCoreClockUpdate) refers to system_stm32f4xx.o(.data) for SystemCoreClock
    udpecho.o(i.udpecho_init) refers to sys_arch.o(i.sys_thread_new) for sys_thread_new
    udpecho.o(i.udpecho_init) refers to udpecho.o(i.udpecho_thread) for udpecho_thread
    udpecho.o(i.udpecho_thread) refers to noretval__2printf.o(.text) for __2printf
    udpecho.o(i.udpecho_thread) refers to api_lib.o(i.netconn_new_with_proto_and_callback) for netconn_new_with_proto_and_callback
    udpecho.o(i.udpecho_thread) refers to api_lib.o(i.netconn_bind) for netconn_bind
    udpecho.o(i.udpecho_thread) refers to api_lib.o(i.netconn_recv) for netconn_recv
    udpecho.o(i.udpecho_thread) refers to api_lib.o(i.netconn_connect) for netconn_connect
    udpecho.o(i.udpecho_thread) refers to api_lib.o(i.netconn_send) for netconn_send
    udpecho.o(i.udpecho_thread) refers to netbuf.o(i.netbuf_delete) for netbuf_delete
    udpecho.o(i.udpecho_thread) refers to api_lib.o(i.netconn_delete) for netconn_delete
    udpecho.o(i.udpecho_thread) refers to udpecho.o(.data) for conn
    udpecho.o(i.udpecho_thread) refers to main.o(.data) for g_IpAllModified
    udpecho.o(i.udpecho_thread) refers to ip_addr.o(.constdata) for ip_addr_any
    mulcast.o(i.McuInfoInit) refers to rt_memcpy_v6.o(.text) for __aeabi_memcpy
    mulcast.o(i.McuInfoInit) refers to mulcast.o(.bss) for g_MCUinfo
    mulcast.o(i.Multicast_Config) refers to udp.o(i.udp_new) for udp_new
    mulcast.o(i.Multicast_Config) refers to noretval__2printf.o(.text) for __2printf
    mulcast.o(i.Multicast_Config) refers to mulcast.o(.data) for ipgroup_send
    mulcast.o(i.Multicast_Send) refers to mulcast.o(i.multicast_send_data) for multicast_send_data
    mulcast.o(i.Multicast_Send) refers to mulcast.o(.data) for lwip_demo_buf_len
    mulcast.o(i.Multicast_Send) refers to mulcast.o(.bss) for lwip_demo_buf
    mulcast.o(i.multicast_send_data) refers to _printf_percent.o(.ARM.Collect$$_printf_percent$$00000000) for _printf_percent
    mulcast.o(i.multicast_send_data) refers to _printf_d.o(.ARM.Collect$$_printf_percent$$00000009) for _printf_d
    mulcast.o(i.multicast_send_data) refers to _printf_dec.o(.text) for _printf_int_dec
    mulcast.o(i.multicast_send_data) refers to pbuf.o(i.pbuf_alloc) for pbuf_alloc
[...]
    HAL_ETH_MspInit                          0x0800152d   Thumb Code   310  lan8720.o(i.HAL_ETH_MspInit)
    HAL_ETH_ReadPHYRegister                  0x08001679   Thumb Code   144  stm32f4xx_hal_eth.o(i.HAL_ETH_ReadPHYRegister)
    HAL_ETH_Start                            0x08001709   Thumb Code    82  stm32f4xx_hal_eth.o(i.HAL_ETH_Start)
    HAL_ETH_TransmitFrame                    0x0800175b   Thumb Code   318  stm32f4xx_hal_eth.o(i.HAL_ETH_TransmitFrame)
    HAL_ETH_WritePHYRegister                 0x08001899   Thumb Code   144  stm32f4xx_hal_eth.o(i.HAL_ETH_WritePHYRegister)
    HAL_GPIO_Init                            0x08001929   Thumb Code   486  stm32f4xx_hal_gpio.o(i.HAL_GPIO_Init)
    HAL_GPIO_WritePin                        0x08001b45   Thumb Code    12  stm32f4xx_hal_gpio.o(i.HAL_GPIO_WritePin)
    HAL_GetTick                              0x08001b51   Thumb Code     6  stm32f4xx_hal.o(i.HAL_GetTick)
    HAL_IncTick                              0x08001b5d   Thumb Code    12  stm32f4xx_hal.o(i.HAL_IncTick)
    HAL_Init                                 0x08001b6d   Thumb Code    54  stm32f4xx_hal.o(i.HAL_Init)
    HAL_InitTick                             0x08001ba9   Thumb Code    36  stm32f4xx_hal.o(i.HAL_InitTick)
    HAL_MspInit                              0x08001bcd   Thumb Code    10  stm32f4xx_hal.o(i.HAL_MspInit)
    HAL_NVIC_EnableIRQ                       0x08001bd7   Thumb Code    26  stm32f4xx_hal_cortex.o(i.HAL_NVIC_EnableIRQ)
    HAL_NVIC_SetPriority                     0x08001bf1   Thumb Code   124  stm32f4xx_hal_cortex.o(i.HAL_NVIC_SetPriority)
    HAL_NVIC_SetPriorityGrouping             0x08001c6d   Thumb Code    32  stm32f4xx_hal_cortex.o(i.HAL_NVIC_SetPriorityGrouping)
    HAL_PWREx_EnableOverDrive                0x08001c95   Thumb Code   152  stm32f4xx_hal_pwr_ex.o(i.HAL_PWREx_EnableOverDrive)
    HAL_RCC_ClockConfig                      0x08001d39   Thumb Code   680  stm32f4xx_hal_rcc.o(i.HAL_RCC_ClockConfig)
    HAL_RCC_GetHCLKFreq                      0x08001fe9   Thumb Code    42  stm32f4xx_hal_rcc.o(i.HAL_RCC_GetHCLKFreq)
    HAL_RCC_GetPCLK1Freq                     0x08002021   Thumb Code    36  stm32f4xx_hal_rcc.o(i.HAL_RCC_GetPCLK1Freq)
    HAL_RCC_GetPCLK2Freq                     0x0800204d   Thumb Code    36  stm32f4xx_hal_rcc.o(i.HAL_RCC_GetPCLK2Freq)
    HAL_RCC_GetSysClockFreq                  0x08002079   Thumb Code   168  stm32f4xx_hal_rcc.o(i.HAL_RCC_GetSysClockFreq)
    HAL_RCC_OscConfig                        0x0800212d   Thumb Code  1032  stm32f4xx_hal_rcc.o(i.HAL_RCC_OscConfig)
    HAL_SDRAM_Init                           0x08002535   Thumb Code    64  stm32f4xx_hal_sdram.o(i.HAL_SDRAM_Init)
    HAL_SDRAM_MspInit                        0x08002575   Thumb Code   282  sdram.o(i.HAL_SDRAM_MspInit)
    HAL_SDRAM_ProgramRefreshRate             0x080026a9   Thumb Code    40  stm32f4xx_hal_sdram.o(i.HAL_SDRAM_ProgramRefreshRate)
    HAL_SDRAM_SendCommand                    0x080026d1   Thumb Code    58  stm32f4xx_hal_sdram.o(i.HAL_SDRAM_SendCommand)
    HAL_SYSTICK_CLKSourceConfig              0x0800270b   Thumb Code    40  stm32f4xx_hal_cortex.o(i.HAL_SYSTICK_CLKSourceConfig)
    HAL_SYSTICK_Config                       0x08002733   Thumb Code    52  stm32f4xx_hal_cortex.o(i.HAL_SYSTICK_Config)
    HAL_TIMEx_BreakCallback                  0x08002767   Thumb Code     2  stm32f4xx_hal_tim_ex.o(i.HAL_TIMEx_BreakCallback)
    HAL_TIMEx_CommutationCallback            0x08002769   Thumb Code     2  stm32f4xx_hal_tim_ex.o(i.HAL_TIMEx_CommutationCallback)
    HAL_TIM_IC_CaptureCallback               0x0800276b   Thumb Code     2  stm32f4xx_hal_tim.o(i.HAL_TIM_IC_CaptureCallback)
    HAL_TIM_IRQHandler                       0x0800276d   Thumb Code   406  stm32f4xx_hal_tim.o(i.HAL_TIM_IRQHandler)
    HAL_TIM_OC_DelayElapsedCallback          0x08002903   Thumb Code     2  stm32f4xx_hal_tim.o(i.HAL_TIM_OC_DelayElapsedCallback)
    HAL_TIM_PWM_PulseFinishedCallback        0x08002905   Thumb Code     2  stm32f4xx_hal_tim.o(i.HAL_TIM_PWM_PulseFinishedCallback)
    HAL_TIM_PeriodElapsedCallback            0x08002907   Thumb Code     2  timer.o(i.HAL_TIM_PeriodElapsedCallback)
    HAL_TIM_TriggerCallback                  0x08002909   Thumb Code     2  stm32f4xx_hal_tim.o(i.HAL_TIM_TriggerCallback)
    HAL_UART_ErrorCallback                   0x0800290b   Thumb Code     2  stm32f4xx_hal_uart.o(i.HAL_UART_ErrorCallback)
    HAL_UART_GetState                        0x0800290d   Thumb Code     8  stm32f4xx_hal_uart.o(i.HAL_UART_GetState)
    HAL_UART_IRQHandler                      0x08002915   Thumb Code   304  stm32f4xx_hal_uart.o(i.HAL_UART_IRQHandler)
    HAL_UART_Init                            0x08002a45   Thumb Code   110  stm32f4xx_hal_uart.o(i.HAL_UART_Init)
    HAL_UART_MspInit                         0x08002ab5   Thumb Code   144  usart.o(i.HAL_UART_MspInit)
    HAL_UART_Receive_IT                      0x08002b51   Thumb Code   134  stm32f4xx_hal_uart.o(i.HAL_UART_Receive_IT)
    HAL_UART_RxCpltCallback                  0x08002bd9   Thumb Code   120  usart.o(i.HAL_UART_RxCpltCallback)
    HAL_UART_TxCpltCallback                  0x08002c61   Thumb Code     2  stm32f4xx_hal_uart.o(i.HAL_UART_TxCpltCallback)
    HardFault_Handler                        0x08002c63   Thumb Code     4  stm32f4xx_it.o(i.HardFault_Handler)
    IIC_Ack                                  0x08002c69   Thumb Code    66  myiic.o(i.IIC_Ack)
    IIC_Init                                 0x08002cb9   Thumb Code    74  myiic.o(i.IIC_Init)
    IIC_NAck                                 0x08002d15   Thumb Code    66  myiic.o(i.IIC_NAck)
    IIC_Read_Byte                            0x08002d65   Thumb Code    94  myiic.o(i.IIC_Read_Byte)
    IIC_Send_Byte                            0x08002dd1   Thumb Code    90  myiic.o(i.IIC_Send_Byte)
    IIC_Start                                0x08002e39   Thumb Code    64  myiic.o(i.IIC_Start)
    IIC_Stop                                 0x08002e85   Thumb Code    62  myiic.o(i.IIC_Stop)
    IIC_Wait_Ack                             0x08002ed1   Thumb Code    82  myiic.o(i.IIC_Wait_Ack)
    LAN8720_Init                             0x08002f31   Thumb Code   134  lan8720.o(i.LAN8720_Init)
    LED_Init                                 0x08002fc5   Thumb Code    82  led.o(i.LED_Init)
    McuInfoInit                              0x08003021   Thumb Code   256  mulcast.o(i.McuInfoInit)
    MemManage_Handler                        0x08003139   Thumb Code     4  stm32f4xx_it.o(i.MemManage_Handler)
    Multicast_Config                         0x0800313d   Thumb Code    30  mulcast.o(i.Multicast_Config)
    Multicast_Send                           0x08003181   Thumb Code    14  mulcast.o(i.Multicast_Send)
    NMI_Handler                              0x08003199   Thumb Code     2  stm32f4xx_it.o(i.NMI_Handler)
    OSEventNameSet                           0x080031d5   Thumb Code    84  os_core.o(i.OSEventNameSet)
    OSInit                                   0x0800322d   Thumb Code    44  os_core.o(i.OSInit)
    OSInitHookBegin                          0x08003259   Thumb Code    34  os_cpu_c.o(i.OSInitHookBegin)
    OSInitHookEnd                            0x08003289   Thumb Code     2  os_cpu_c.o(i.OSInitHookEnd)
    OSIntEnter                               0x0800328d   Thumb Code    28  os_core.o(i.OSIntEnter)
    OSIntExit                                0x080032b1   Thumb Code   112  os_core.o(i.OSIntExit)
    OSQCreate                                0x08003341   Thumb Code   144  os_q.o(i.OSQCreate)
    OSQDel                                   0x080033e1   Thumb Code   244  os_q.o(i.OSQDel)
    OSQPend                                  0x080034e5   Thumb Code   278  os_q.o(i.OSQPend)
    OSQPost                                  0x08003609   Thumb Code   114  os_q.o(i.OSQPost)
    OSQQuery                                 0x0800367b   Thumb Code    98  os_q.o(i.OSQQuery)
    OSSchedLock                              0x080036dd   Thumb Code    50  os_core.o(i.OSSchedLock)
    OSSchedUnlock                            0x0800371d   Thumb Code    82  os_core.o(i.OSSchedUnlock)
    OSSemCreate                              0x0800377d   Thumb Code    72  os_sem.o(i.OSSemCreate)
    OSSemDel                                 0x080037d1   Thumb Code   210  os_sem.o(i.OSSemDel)
    OSSemPend                                0x080038b1   Thumb Code   228  os_sem.o(i.OSSemPend)
    OSSemPost                                0x080039a1   Thumb Code    88  os_sem.o(i.OSSemPost)
    OSSemQuery                               0x080039f9   Thumb Code    76  os_sem.o(i.OSSemQuery)
    OSStart                                  0x08003a45   Thumb Code    48  os_core.o(i.OSStart)
    OSStatInit                               0x08003a8d   Thumb Code    62  os_core.o(i.OSStatInit)
    OSTCBInitHook                            0x08003ad9   Thumb Code    12  os_cpu_c.o(i.OSTCBInitHook)
    OSTaskCreate                             0x08003ae5   Thumb Code   148  os_task.o(i.OSTaskCreate)
    OSTaskCreateExt                          0x08003b85   Thumb Code   170  os_task.o(i.OSTaskCreateExt)
    OSTaskCreateHook                         0x08003c3d   Thumb Code    12  os_cpu_c.o(i.OSTaskCreateHook)
    OSTaskDel                                0x08003c49   Thumb Code   306  os_task.o(i.OSTaskDel)
    OSTaskDelHook                            0x08003da9   Thumb Code    12  os_cpu_c.o(i.OSTaskDelHook)
    OSTaskIdleHook                           0x08003db5   Thumb Code     8  os_cpu_c.o(i.OSTaskIdleHook)
    OSTaskNameSet                            0x08003dbd   Thumb Code    98  os_task.o(i.OSTaskNameSet)
    OSTaskReturnHook                         0x08003e2d   Thumb Code    12  os_cpu_c.o(i.OSTaskReturnHook)
    OSTaskStatHook                           0x08003e39   Thumb Code     8  os_cpu_c.o(i.OSTaskStatHook)
    OSTaskStkChk                             0x08003e41   Thumb Code   128  os_task.o(i.OSTaskStkChk)
    OSTaskStkInit                            0x08003ec9   Thumb Code   444  os_cpu_c.o(i.OSTaskStkInit)
    OSTaskSuspend                            0x080040f1   Thumb Code   152  os_task.o(i.OSTaskSuspend)
    OSTaskSwHook                             0x08004199   Thumb Code    52  os_cpu_c.o(i.OSTaskSwHook)
    OSTimeDly                                0x080041d5   Thumb Code   100  os_time.o(i.OSTimeDly)
    OSTimeDlyHMSM                            0x0800424d   Thumb Code    86  os_time.o(i.OSTimeDlyHMSM)
    OSTimeGet                                0x080042ad   Thumb Code    24  os_time.o(i.OSTimeGet)
    OSTimeTick                               0x080042c9   Thumb Code   210  os_core.o(i.OSTimeTick)
    OSTimeTickHook                           0x080043b5   Thumb Code     8  os_cpu_c.o(i.OSTimeTickHook)
    OS_Dummy                                 0x080043bd   Thumb Code     2  os_core.o(i.OS_Dummy)
    OS_EventTaskRdy                          0x080043c1   Thumb Code   128  os_core.o(i.OS_EventTaskRdy)
    OS_EventTaskRemove                       0x08004451   Thumb Code    46  os_core.o(i.OS_EventTaskRemove)
    OS_EventTaskRemoveMulti                  0x0800447f   Thumb Code    58  os_core.o(i.OS_EventTaskRemoveMulti)
    OS_EventTaskWait                         0x080044b9   Thumb Code   112  os_core.o(i.OS_EventTaskWait)
    OS_EventWaitListInit                     0x08004535   Thumb Code    28  os_core.o(i.OS_EventWaitListInit)
    OS_FlagInit                              0x08004551   Thumb Code    74  os_flag.o(i.OS_FlagInit)
    OS_FlagUnlink                            0x080045a9   Thumb Code    36  os_flag.o(i.OS_FlagUnlink)
    OS_MemClr                                0x080047ed   Thumb Code    18  os_core.o(i.OS_MemClr)
    OS_QInit                                 0x08004801   Thumb Code    72  os_q.o(i.OS_QInit)
    OS_Sched                                 0x08004851   Thumb Code    88  os_core.o(i.OS_Sched)
    OS_TCBInit                               0x080048f1   Thumb Code   292  os_core.o(i.OS_TCBInit)
    OS_TaskIdle                              0x08004a31   Thumb Code    34  os_core.o(i.OS_TaskIdle)
    OS_TaskReturn                            0x08004a59   Thumb Code    18  os_task.o(i.OS_TaskReturn)
    OS_TaskStat                              0x08004a71   Thumb Code   140  os_core.o(i.OS_TaskStat)
    OS_TaskStatStkChk                        0x08004b11   Thumb Code    54  os_core.o(i.OS_TaskStatStkChk)
    OS_TaskStkClr                            0x08004b4d   Thumb Code    26  os_task.o(i.OS_TaskStkClr)
    PCF8574_Init                             0x08004b69   Thumb Code    98  pcf8574.o(i.PCF8574_Init)
    PCF8574_ReadOneByte                      0x08004bd5   Thumb Code    34  pcf8574.o(i.PCF8574_ReadOneByte)
    PCF8574_WriteBit                         0x08004bf7   Thumb Code    38  pcf8574.o(i.PCF8574_WriteBit)
    PCF8574_WriteOneByte                     0x08004c1d   Thumb Code    40  pcf8574.o(i.PCF8574_WriteOneByte)
    SDRAM_Init                               0x08004c45   Thumb Code   162  sdram.o(i.SDRAM_Init)
    SDRAM_Send_Cmd                           0x08004cf1   Thumb Code    68  sdram.o(i.SDRAM_Send_Cmd)
    SVC_Handler                              0x08004d39   Thumb Code     2  stm32f4xx_it.o(i.SVC_Handler)
    Stm32_Clock_Init                         0x08004d3d   Thumb Code   176  sys.o(i.Stm32_Clock_Init)
    SysTick_Handler                          0x08004df5   Thumb Code    28  delay.o(i.SysTick_Handler)
    SystemInit                               0x08004e15   Thumb Code    82  system_stm32f4xx.o(i.SystemInit)
    TIM3_IRQHandler                          0x08004e79   Thumb Code    10  timer.o(i.TIM3_IRQHandler)
    USART1_IRQHandler                        0x08005209   Thumb Code    74  usart.o(i.USART1_IRQHandler)
    UsageFault_Handler                       0x08005261   Thumb Code     4  stm32f4xx_it.o(i.UsageFault_Handler)
    _is_digit                                0x08005265   Thumb Code    14  __printf_wp.o(i._is_digit)
    _sys_exit                                0x08005273   Thumb Code     4  usart.o(i._sys_exit)
    delay_init                               0x08005299   Thumb Code    58  delay.o(i.delay_init)
    delay_ms                                 0x080052dd   Thumb Code    66  delay.o(i.delay_ms)
    delay_osschedlock                        0x0800532d   Thumb Code     8  delay.o(i.delay_osschedlock)
    delay_osschedunlock                      0x08005335   Thumb Code     8  delay.o(i.delay_osschedunlock)
    delay_ostimedly                          0x0800533d   Thumb Code    12  delay.o(i.delay_ostimedly)
    delay_us                                 0x08005349   Thumb Code    84  delay.o(i.delay_us)
    do_bind                                  0x080053a1   Thumb Code    96  api_msg.o(i.do_bind)
    do_connect                               0x08005401   Thumb Code   108  api_msg.o(i.do_connect)
    do_delconn                               0x080054d9   Thumb Code   226  api_msg.o(i.do_delconn)
    do_newconn                               0x08005651   Thumb Code    32  api_msg.o(i.do_newconn)
    do_send                                  0x08005671   Thumb Code   166  api_msg.o(i.do_send)
    etharp_output                            0x08005c41   Thumb Code   378  etharp.o(i.etharp_output)
    etharp_query                             0x08005f5d   Thumb Code   460  etharp.o(i.etharp_query)
    etharp_request                           0x08006371   Thumb Code    40  etharp.o(i.etharp_request)
    etharp_tmr                               0x08006451   Thumb Code   144  etharp.o(i.etharp_tmr)
    ethernet_input                           0x0800663d   Thumb Code   200  etharp.o(i.ethernet_input)
    ethernetif_init                          0x08006781   Thumb Code    56  ethernetif.o(i.ethernetif_init)
    ethernetif_input                         0x08006825   Thumb Code    48  ethernetif.o(i.ethernetif_input)
    fputc                                    0x08006855   Thumb Code    22  usart.o(i.fputc)
    icmp_dest_unreach                        0x08006871   Thumb Code    18  icmp.o(i.icmp_dest_unreach)
    icmp_input                               0x08006885   Thumb Code   492  icmp.o(i.icmp_input)
    icmp_time_exceeded                       0x08006cd9   Thumb Code    18  icmp.o(i.icmp_time_exceeded)
    igmp_init                                0x08006d15   Thumb Code    18  igmp.o(i.igmp_init)
    igmp_input                               0x08006d39   Thumb Code   312  igmp.o(i.igmp_input)
    igmp_lookfor_group                       0x08006eb5   Thumb Code    40  igmp.o(i.igmp_lookfor_group)
    igmp_report_groups                       0x08006f39   Thumb Code    36  igmp.o(i.igmp_report_groups)
    igmp_start                               0x08007095   Thumb Code    66  igmp.o(i.igmp_start)
    igmp_tmr                                 0x08007145   Thumb Code    38  igmp.o(i.igmp_tmr)
    inet_chksum                              0x08007171   Thumb Code    20  inet_chksum.o(i.inet_chksum)
    inet_chksum_pbuf                         0x08007185   Thumb Code    86  inet_chksum.o(i.inet_chksum_pbuf)
    ip4_addr_isbroadcast                     0x080071db   Thumb Code    78  ip_addr.o(i.ip4_addr_isbroadcast)
    ip_frag                                  0x08007229   Thumb Code   448  ip_frag.o(i.ip_frag)
    ip_input                                 0x080074fd   Thumb Code   476  ip.o(i.ip_input)
    ip_output                                0x080076ed   Thumb Code    84  ip.o(i.ip_output)
    ip_output_if                             0x080077a1   Thumb Code    52  ip.o(i.ip_output_if)
    ip_output_if_opt                         0x080077d5   Thumb Code   334  ip.o(i.ip_output_if_opt)
    ip_reass                                 0x080079b9   Thumb Code   410  ip_frag.o(i.ip_reass)
    ip_reass_tmr                             0x080081e5   Thumb Code    56  ip_frag.o(i.ip_reass_tmr)
    ip_route                                 0x08008221   Thumb Code    80  ip.o(i.ip_route)
    led_task                                 0x08008335   Thumb Code    34  main.o(i.led_task)
    lwip_comm_default_ip_set                 0x080085dd   Thumb Code    76  lwip_comm.o(i.lwip_comm_default_ip_set)
    lwip_comm_init                           0x0800862d   Thumb Code   256  lwip_comm.o(i.lwip_comm_init)
    lwip_comm_mem_free                       0x08008805   Thumb Code    44  lwip_comm.o(i.lwip_comm_mem_free)
    lwip_comm_mem_malloc                     0x08008841   Thumb Code   100  lwip_comm.o(i.lwip_comm_mem_malloc)
    lwip_htons                               0x080088b5   Thumb Code    12  def.o(i.lwip_htons)
    lwip_init                                0x080088c1   Thumb Code    36  init.o(i.lwip_init)
    lwip_ntohs                               0x080088e5   Thumb Code    12  def.o(i.lwip_ntohs)
    lwip_pkt_handle                          0x080088f1   Thumb Code    10  lwip_comm.o(i.lwip_pkt_handle)
    lwip_socket_init                         0x08008901   Thumb Code     2  sockets.o(i.lwip_socket_init)
    main                                     0x08008961   Thumb Code   118  main.o(i.main)
    mem_free                                 0x08008a1d   Thumb Code   182  mem.o(i.mem_free)
    mem_init                                 0x08008b85   Thumb Code   114  mem.o(i.mem_init)
    mem_malloc                               0x08008c79   Thumb Code   390  mem.o(i.mem_malloc)
    mem_trim                                 0x08008f01   Thumb Code   338  mem.o(i.mem_trim)
    memp_free                                0x080090ed   Thumb Code    74  memp.o(i.memp_free)
    memp_get_memorysize                      0x080091ad   Thumb Code     8  memp.o(i.memp_get_memorysize)
    memp_init                                0x080091b5   Thumb Code    86  memp.o(i.memp_init)
    memp_malloc                              0x0800921d   Thumb Code   104  memp.o(i.memp_malloc)
    multicast_send_data                      0x0800931d   Thumb Code    74  mulcast.o(i.multicast_send_data)
    my_mem_free                              0x08009391   Thumb Code    96  malloc.o(i.my_mem_free)
    my_mem_init                              0x080093fd   Thumb Code    34  malloc.o(i.my_mem_init)
    my_mem_malloc                            0x08009429   Thumb Code   156  malloc.o(i.my_mem_malloc)
    my_mem_perused                           0x080094d1   Thumb Code    56  malloc.o(i.my_mem_perused)
    myfree                                   0x08009511   Thumb Code    30  malloc.o(i.myfree)
    mymalloc                                 0x08009535   Thumb Code    34  malloc.o(i.mymalloc)
    mymemset                                 0x0800955d   Thumb Code    20  malloc.o(i.mymemset)
    netbuf_delete                            0x08009571   Thumb Code    32  netbuf.o(i.netbuf_delete)
    netconn_alloc                            0x08009591   Thumb Code   148  api_msg.o(i.netconn_alloc)
    netconn_bind                             0x080096a1   Thumb Code    98  api_lib.o(i.netconn_bind)
    netconn_connect                          0x08009779   Thumb Code    98  api_lib.o(i.netconn_connect)
    netconn_delete                           0x08009855   Thumb Code    36  api_lib.o(i.netconn_delete)
    netconn_free                             0x080098b5   Thumb Code    92  api_msg.o(i.netconn_free)
    netconn_new_with_proto_and_callback      0x080099d1   Thumb Code   164  api_lib.o(i.netconn_new_with_proto_and_callback)
    netconn_recv                             0x08009b25   Thumb Code   124  api_lib.o(i.netconn_recv)
    netconn_send                             0x08009e0d   Thumb Code    94  api_lib.o(i.netconn_send)
    netif_add                                0x08009ee1   Thumb Code   164  netif.o(i.netif_add)
    netif_init                               0x08009ff5   Thumb Code     2  netif.o(i.netif_init)
    netif_set_addr                           0x08009ff7   Thumb Code    34  netif.o(i.netif_set_addr)
    netif_set_default                        0x0800a019   Thumb Code    10  netif.o(i.netif_set_default)
    netif_set_gw                             0x0800a029   Thumb Code    16  netif.o(i.netif_set_gw)
    netif_set_ipaddr                         0x0800a039   Thumb Code    16  netif.o(i.netif_set_ipaddr)
    netif_set_netmask                        0x0800a049   Thumb Code    16  netif.o(i.netif_set_netmask)
    netif_set_up                             0x0800a059   Thumb Code    70  netif.o(i.netif_set_up)
    netinit_task                             0x0800a0a1   Thumb Code   184  main.o(i.netinit_task)
    pbuf_alloc                               0x0800a1cd   Thumb Code   652  pbuf.o(i.pbuf_alloc)
    pbuf_alloced_custom                      0x0800a5e9   Thumb Code   148  pbuf.o(i.pbuf_alloced_custom)
    pbuf_cat                                 0x0800a6f1   Thumb Code   126  pbuf.o(i.pbuf_cat)
    pbuf_chain                               0x0800a839   Thumb Code    26  pbuf.o(i.pbuf_chain)
    pbuf_clen                                0x0800a853   Thumb Code    18  pbuf.o(i.pbuf_clen)
    pbuf_copy                                0x0800a865   Thumb Code   326  pbuf.o(i.pbuf_copy)
    pbuf_free                                0x0800aa9d   Thumb Code   272  pbuf.o(i.pbuf_free)
    pbuf_header                              0x0800ac5d   Thumb Code   200  pbuf.o(i.pbuf_header)
    pbuf_realloc                             0x0800adb1   Thumb Code   248  pbuf.o(i.pbuf_realloc)
    pbuf_ref                                 0x0800af75   Thumb Code    26  pbuf.o(i.pbuf_ref)
    raw_bind                                 0x0800b251   Thumb Code    16  raw.o(i.raw_bind)
    raw_connect                              0x0800b261   Thumb Code    16  raw.o(i.raw_connect)
    raw_input                                0x0800b271   Thumb Code   102  raw.o(i.raw_input)
    raw_new                                  0x0800b2e5   Thumb Code    46  raw.o(i.raw_new)
    raw_recv                                 0x0800b319   Thumb Code     6  raw.o(i.raw_recv)
    raw_remove                               0x0800b321   Thumb Code    60  raw.o(i.raw_remove)
    raw_send                                 0x0800b361   Thumb Code    18  raw.o(i.raw_send)
    raw_sendto                               0x0800b375   Thumb Code   190  raw.o(i.raw_sendto)
    start_task                               0x0800b6c9   Thumb Code    54  main.o(i.start_task)
    sys_arch_mbox_fetch                      0x0800b711   Thumb Code   158  sys_arch.o(i.sys_arch_mbox_fetch)
    sys_arch_mbox_tryfetch                   0x0800b805   Thumb Code    18  sys_arch.o(i.sys_arch_mbox_tryfetch)
    sys_arch_sem_wait                        0x0800b817   Thumb Code   100  sys_arch.o(i.sys_arch_sem_wait)
    sys_init                                 0x0800b87b   Thumb Code     2  sys_arch.o(i.sys_init)
    sys_mbox_free                            0x0800b87d   Thumb Code    56  sys_arch.o(i.sys_mbox_free)
    sys_mbox_new                             0x0800b901   Thumb Code   108  sys_arch.o(i.sys_mbox_new)
    sys_mbox_post                            0x0800b9bd   Thumb Code    28  sys_arch.o(i.sys_mbox_post)
    sys_mbox_set_invalid                     0x0800b9dd   Thumb Code     6  sys_arch.o(i.sys_mbox_set_invalid)
    sys_mbox_trypost                         0x0800b9e5   Thumb Code    32  sys_arch.o(i.sys_mbox_trypost)
    sys_mbox_valid                           0x0800ba09   Thumb Code    56  sys_arch.o(i.sys_mbox_valid)
    sys_sem_free                             0x0800ba41   Thumb Code    52  sys_arch.o(i.sys_sem_free)
    sys_sem_new                              0x0800bac5   Thumb Code    62  sys_arch.o(i.sys_sem_new)
    sys_sem_set_invalid                      0x0800bb65   Thumb Code     6  sys_arch.o(i.sys_sem_set_invalid)
    sys_sem_signal                           0x0800bb6b   Thumb Code    12  sys_arch.o(i.sys_sem_signal)
    sys_sem_valid                            0x0800bb77   Thumb Code    22  sys_arch.o(i.sys_sem_valid)
    sys_thread_new                           0x0800bb8d   Thumb Code    52  sys_arch.o(i.sys_thread_new)
    sys_timeout                              0x0800bbc5   Thumb Code   174  timers.o(i.sys_timeout)
    sys_timeouts_init                        0x0800bd0d   Thumb Code    38  timers.o(i.sys_timeouts_init)
    sys_timeouts_mbox_fetch                  0x0800bd41   Thumb Code   132  timers.o(i.sys_timeouts_mbox_fetch)
    sys_untimeout                            0x0800bdc9   Thumb Code    90  timers.o(i.sys_untimeout)
    tcpip_apimsg                             0x0800be29   Thumb Code    60  tcpip.o(i.tcpip_apimsg)
    tcpip_init                               0x0800be69   Thumb Code    72  tcpip.o(i.tcpip_init)
    tcpip_input                              0x0800bf45   Thumb Code    72  tcpip.o(i.tcpip_input)
    uart_init                                0x0800c0f5   Thumb Code    44  usart.o(i.uart_init)
    udp_bind                                 0x0800c12d   Thumb Code   170  udp.o(i.udp_bind)
    udp_connect                              0x0800c239   Thumb Code    98  udp.o(i.udp_connect)
    udp_init                                 0x0800c2a1   Thumb Code     2  udp.o(i.udp_init)
    udp_input                                0x0800c2a5   Thumb Code   466  udp.o(i.udp_input)
    udp_new                                  0x0800c4fd   Thumb Code    28  udp.o(i.udp_new)
    udp_recv                                 0x0800c571   Thumb Code     6  udp.o(i.udp_recv)
    udp_remove                               0x0800c579   Thumb Code    60  udp.o(i.udp_remove)
    udp_send                                 0x0800c5b9   Thumb Code    20  udp.o(i.udp_send)
    udp_sendto                               0x0800c5cd   Thumb Code    72  udp.o(i.udp_sendto)
    udp_sendto_if                            0x0800c615   Thumb Code   292  udp.o(i.udp_sendto_if)
    udpecho_init                             0x0800c7b9   Thumb Code    22  udpecho.o(i.udpecho_init)
    _fp_init                                 0x0800c92d   Thumb Code    10  fpinit.o(x$fpl$fpinit)
    __fplib_config_fpu_vfp                   0x0800c935   Thumb Code     0  fpinit.o(x$fpl$fpinit)
    __fplib_config_pureend_doubles           0x0800c935   Thumb Code     0  fpinit.o(x$fpl$fpinit)
    APBAHBPrescTable                         0x0800c936   Data          16  stm32f4xx_hal_rcc.o(.constdata)
    memtblsize                               0x0800c948   Data          12  malloc.o(.constdata)
    memblksize                               0x0800c954   Data          12  malloc.o(.constdata)
    memsize                                  0x0800c960   Data          12  malloc.o(.constdata)
    ethbroadcast                             0x0800c96c   Data           6  etharp.o(.constdata)
    ethzero                                  0x0800c972   Data           6  etharp.o(.constdata)
    ip_addr_any                              0x0800c978   Data           4  ip_addr.o(.constdata)
    ip_addr_broadcast                        0x0800c97c   Data           4  ip_addr.o(.constdata)
    pvNullPointer                            0x0800c9b0   Data           4  sys_arch.o(.constdata)
    OSUnMapTbl                               0x0800c9b4   Data         256  os_core.o(.constdata)
    Region$$Table$$Base                      0x0800cbc0   Number         0  anon$$obj.o(Region$$Table)
    Region$$Table$$Limit                     0x0800cbe0   Number         0  anon$$obj.o(Region$$Table)
    mem3base                                 0x10000000   Data       61440  malloc.o(.ARM.__AT_0x10000000)
    mem3mapbase                              0x1000f000   Data        3840  malloc.o(.ARM.__AT_0x1000F000)
    g_NetInitFine                            0x20000000   Data           1  main.o(.data)
    g_IpAllModified                          0x20000001   Data           1  main.o(.data)
    SystemCoreClock                          0x20000004   Data           4  system_stm32f4xx.o(.data)
    AHBPrescTable                            0x20000008   Data          16  system_stm32f4xx.o(.data)
    LOCAL_UDPPORT_m                          0x20000018   Data           2  udpecho.o(.data)
    udp_server_multi_pcb                     0x2000002c   Data           4  mulcast.o(.data)
    ipgroup_rev                              0x20000030   Data           4  mulcast.o(.data)
    ipgroup_send                             0x20000034   Data           4  mulcast.o(.data)
    lwip_demo_buf_len                        0x20000038   Data           2  mulcast.o(.data)
    __stdout                                 0x20000048   Data           4  usart.o(.data)
    USART_RX_STA                             0x2000004c   Data           2  usart.o(.data)
    aRxBuffer                                0x2000004e   Data           1  usart.o(.data)
    DMARxDscrTab                             0x20000050   Data           4  lan8720.o(.data)
    DMATxDscrTab                             0x20000054   Data           4  lan8720.o(.data)
    Rx_Buff                                  0x20000058   Data           4  lan8720.o(.data)
    Tx_Buff                                  0x2000005c   Data           4  lan8720.o(.data)
    mallco_dev                               0x20000060   Data          36  malloc.o(.data)
    ARPTimer                                 0x20000084   Data           4  lwip_comm.o(.data)
    TCPIP_THREAD_TASK_STK                    0x20000088   Data           4  lwip_comm.o(.data)
    LWIP_DHCP_TASK_STK                       0x2000008c   Data           4  lwip_comm.o(.data)
    current_netif                            0x200000a0   Data           4  ip.o(.data)
    current_header                           0x200000a4   Data           4  ip.o(.data)
    current_iphdr_src                        0x200000a8   Data           4  ip.o(.data)
    current_iphdr_dest                       0x200000ac   Data           4  ip.o(.data)
    ram_heap                                 0x200000bc   Data           4  mem.o(.data)
    memp_memory                              0x20000100   Data           4  memp.o(.data)
    netif_list                               0x20000104   Data           4  netif.o(.data)
    netif_default                            0x20000108   Data           4  netif.o(.data)
    udp_pcbs                                 0x2000011c   Data           4  udp.o(.data)
    OSCtxSwCtr                               0x2000012c   Data           4  os_core.o(.data)
    OSEventFreeList                          0x20000130   Data           4  os_core.o(.data)
    OSFlagFreeList                           0x20000134   Data           4  os_core.o(.data)
    OSCPUUsage                               0x20000138   Data           1  os_core.o(.data)
    OSIdleCtrMax                             0x2000013c   Data           4  os_core.o(.data)
    OSIdleCtrRun                             0x20000140   Data           4  os_core.o(.data)
    OSStatRdy                                0x20000144   Data           1  os_core.o(.data)
    OSIntNesting                             0x20000145   Data           1  os_core.o(.data)
    OSLockNesting                            0x20000146   Data           1  os_core.o(.data)
    OSPrioCur                                0x20000147   Data           1  os_core.o(.data)
    OSPrioHighRdy                            0x20000148   Data           1  os_core.o(.data)
    OSRdyGrp                                 0x20000149   Data           1  os_core.o(.data)
    OSRdyTbl                                 0x2000014a   Data           8  os_core.o(.data)
    OSRunning                                0x20000152   Data           1  os_core.o(.data)
    OSTaskCtr                                0x20000153   Data           1  os_core.o(.data)
    OSIdleCtr                                0x20000154   Data           4  os_core.o(.data)
    OSTCBCur                                 0x20000158   Data           4  os_core.o(.data)
    OSTCBFreeList                            0x2000015c   Data           4  os_core.o(.data)
    OSTCBHighRdy                             0x20000160   Data           4  os_core.o(.data)
    OSTCBList                                0x20000164   Data           4  os_core.o(.data)
    OSTickStepState                          0x20000168   Data           1  os_core.o(.data)
    OSQFreeList                              0x2000016c   Data           4  os_core.o(.data)
    OSTaskRegNextAvailID                     0x20000170   Data           1  os_core.o(.data)
    OSTime                                   0x20000174   Data           4  os_core.o(.data)
    OS_CPU_ExceptStkBase                     0x20000178   Data           4  os_cpu_c.o(.data)
    LED_TASK_STK                             0x2000017c   Data         256  main.o(.bss)
    NETINIT_TASK_STK                         0x2000027c   Data        2048  main.o(.bss)
    START_TASK_STK                           0x20000a7c   Data         512  main.o(.bss)
    g_MCUinfo                                0x20000c7c   Data          73  mulcast.o(.bss)
    lwip_demo_buf                            0x20000cc5   Data        1024  mulcast.o(.bss)
    USART_RX_BUF                             0x200010c8   Data         200  usart.o(.bss)
    UART1_Handler                            0x20001190   Data          64  usart.o(.bss)
    SDRAM_Handler                            0x200011d0   Data          52  sdram.o(.bss)
    ETH_Handler                              0x20001204   Data          72  lan8720.o(.bss)
    TIM3_Handler                             0x2000124c   Data          60  timer.o(.bss)
    mem1base                                 0x200012a0   Data       102400  malloc.o(.bss)
    mem1mapbase                              0x2001a2a0   Data        6400  malloc.o(.bss)
    lwipdev                                  0x2001bba0   Data          23  lwip_comm.o(.bss)
    lwip_netif                               0x2001bbb8   Data          52  lwip_comm.o(.bss)
    OSEventTbl                               0x2001bce4   Data         480  os_core.o(.bss)
    OSFlagTbl                                0x2001bec4   Data          80  os_core.o(.bss)
    OSTaskStatStk                            0x2001bf14   Data         512  os_core.o(.bss)
    OSTaskIdleStk                            0x2001c114   Data         512  os_core.o(.bss)
    OSTCBPrioTbl                             0x2001c314   Data         256  os_core.o(.bss)
    OSTCBTbl                                 0x2001c414   Data        1936  os_core.o(.bss)
    OSQTbl                                   0x2001cba4   Data          96  os_core.o(.bss)
    OS_CPU_ExceptStk                         0x2001cc04   Data         512  os_cpu_c.o(.bss)
    _random_number_data                      0x2001ce04   Data         228  rand.o(.bss)
    __libspace_start                         0x2001cee8   Data          96  libspace.o(.bss)
    __temporary_stack_top$libspace           0x2001cf48   Data           0  libspace.o(.bss)
    mem2base                                 0xc01f4000   Data       29605888  malloc.o(.ARM.__AT_0xC01F4000)
    mem2mapbase                              0xc1e30000   Data       1850368  malloc.o(.ARM.__AT_0xC1E30000)



==============================================================================

Memory Map of the image

  Image Entry point : 0x080001ad

  Load Region LR_IROM1 (Base: 0x08000000, Size: 0x0000cd5c, Max: 0x00100000, ABSOLUTE, COMPRESSED[0x0000cc3c])

    Execution Region ER_IROM1 (Base: 0x08000000, Size: 0x0000cbe0, Max: 0x00100000, ABSOLUTE)

    Base Addr    Size         Type   Attr      Idx    E Section Name        Object

    0x08000000   0x000001ac   Data   RO          707    RESET               startup_stm32f429xx.o
    0x080001ac   0x00000008   Code   RO         8288  * !!!main             c_w.l(__main.o)
    0x080001b4   0x00000034   Code   RO         8481    !!!scatter          c_w.l(__scatter.o)
    0x080001e8   0x0000005a   Code   RO         8479    !!dczerorl2         c_w.l(__dczerorl2.o)
    0x08000242   0x00000002   PAD
    0x08000244   0x0000001c   Code   RO         8483    !!handler_zi        c_w.l(__scatter_zi.o)
    0x08000260   0x00000000   Code   RO         8270    .ARM.Collect$$_printf_percent$$00000000  c_w.l(_printf_percent.o)
    0x08000260   0x00000006   Code   RO         8269    .ARM.Collect$$_printf_percent$$00000009  c_w.l(_printf_d.o)
    0x08000266   0x00000006   Code   RO         8268    .ARM.Collect$$_printf_percent$$0000000C  c_w.l(_printf_x.o)
    0x0800026c   0x00000006   Code   RO         8267    .ARM.Collect$$_printf_percent$$00000014  c_w.l(_printf_s.o)
    0x08000272   0x00000004   Code   RO         8308    .ARM.Collect$$_printf_percent$$00000017  c_w.l(_printf_percent_end.o)
    0x08000276   0x00000002   Code   RO         8410    .ARM.Collect$$libinit$$00000000  c_w.l(libinit.o)
    0x08000278   0x00000004   Code   RO         8314    .ARM.Collect$$libinit$$00000001  c_w.l(libinit2.o)
    0x0800027c   0x00000000   Code   RO         8317    .ARM.Collect$$libinit$$00000004  c_w.l(libinit2.o)
    0x0800027c   0x00000000   Code   RO         8320    .ARM.Collect$$libinit$$0000000A  c_w.l(libinit2.o)
    0x0800027c   0x00000000   Code   RO         8322    .ARM.Collect$$libinit$$0000000C  c_w.l(libinit2.o)
    0x0800027c   0x00000004   Code   RO         8323    .ARM.Collect$$libinit$$0000000D  c_w.l(libinit2.o)
    0x08000280   0x00000000   Code   RO         8324    .ARM.Collect$$libinit$$0000000E  c_w.l(libinit2.o)
    0x08000280   0x00000000   Code   RO         8327    .ARM.Collect$$libinit$$00000011  c_w.l(libinit2.o)
    0x08000280   0x00000000   Code   RO         8329    .ARM.Collect$$libinit$$00000013  c_w.l(libinit2.o)
    0x08000280   0x00000000   Code   RO         8331    .ARM.Collect$$libinit$$00000015  c_w.l(libinit2.o)
    0x08000280   0x00000000   Code   RO         8333    .ARM.Collect$$libinit$$00000017  c_w.l(libinit2.o)
    0x08000280   0x00000000   Code   RO         8335    .ARM.Collect$$libinit$$00000019  c_w.l(libinit2.o)
    0x08000280   0x00000000   Code   RO         8337    .ARM.Collect$$libinit$$0000001B  c_w.l(libinit2.o)
    0x08000280   0x00000000   Code   RO         8339    .ARM.Collect$$libinit$$0000001D  c_w.l(libinit2.o)
    0x08000280   0x00000000   Code   RO         8341    .ARM.Collect$$libinit$$0000001F  c_w.l(libinit2.o)
    0x08000280   0x00000000   Code   RO         8343    .ARM.Collect$$libinit$$00000021  c_w.l(libinit2.o)
    0x08000280   0x00000000   Code   RO         8345    .ARM.Collect$$libinit$$00000023  c_w.l(libinit2.o)
    0x08000280   0x00000000   Code   RO         8347    .ARM.Collect$$libinit$$00000025  c_w.l(libinit2.o)
    0x08000280   0x00000000   Code   RO         8351    .ARM.Collect$$libinit$$0000002C  c_w.l(libinit2.o)
    0x08000280   0x00000000   Code   RO         8353    .ARM.Collect$$libinit$$0000002E  c_w.l(libinit2.o)
    0x08000280   0x00000000   Code   RO         8355    .ARM.Collect$$libinit$$00000030  c_w.l(libinit2.o)
    0x08000280   0x00000000   Code   RO         8357    .ARM.Collect$$libinit$$00000032  c_w.l(libinit2.o)
    0x08000280   0x00000002   Code   RO         8358    .ARM.Collect$$libinit$$00000033  c_w.l(libinit2.o)
    0x08000282   0x00000002   Code   RO         8447    .ARM.Collect$$libshutdown$$00000000  c_w.l(libshutdown.o)
    0x08000284   0x00000000   Code   RO         8464    .ARM.Collect$$libshutdown$$00000003  c_w.l(libshutdown2.o)
    0x08000284   0x00000000   Code   RO         8467    .ARM.Collect$$libshutdown$$00000006  c_w.l(libshutdown2.o)
    0x08000284   0x00000000   Code   RO         8470    .ARM.Collect$$libshutdown$$00000009  c_w.l(libshutdown2.o)
    0x08000284   0x00000000   Code   RO         8472    .ARM.Collect$$libshutdown$$0000000B  c_w.l(libshutdown2.o)
    0x08000284   0x00000000   Code   RO         8475    .ARM.Collect$$libshutdown$$0000000E  c_w.l(libshutdown2.o)
    0x08000284   0x00000002   Code   RO         8476    .ARM.Collect$$libshutdown$$0000000F  c_w.l(libshutdown2.o)
    0x08000286   0x00000000   Code   RO         8292    .ARM.Collect$$rtentry$$00000000  c_w.l(__rtentry.o)
    0x08000286   0x00000000   Code   RO         8363    .ARM.Collect$$rtentry$$00000002  c_w.l(__rtentry2.o)
    0x08000286   0x00000006   Code   RO         8375    .ARM.Collect$$rtentry$$00000004  c_w.l(__rtentry4.o)
    0x0800028c   0x00000000   Code   RO         8365    .ARM.Collect$$rtentry$$00000009  c_w.l(__rtentry2.o)
    0x0800028c   0x00000004   Code   RO         8366    .ARM.Collect$$rtentry$$0000000A  c_w.l(__rtentry2.o)
    0x08000290   0x00000000   Code   RO         8368    .ARM.Collect$$rtentry$$0000000C  c_w.l(__rtentry2.o)
    0x08000290   0x00000008   Code   RO         8369    .ARM.Collect$$rtentry$$0000000D  c_w.l(__rtentry2.o)
    0x08000298   0x00000002   Code   RO         8413    .ARM.Collect$$rtexit$$00000000  c_w.l(rtexit.o)
    0x0800029a   0x00000000   Code   RO         8429    .ARM.Collect$$rtexit$$00000002  c_w.l(rtexit2.o)
    0x0800029a   0x00000004   Code   RO         8430    .ARM.Collect$$rtexit$$00000003  c_w.l(rtexit2.o)
    0x0800029e   0x00000006   Code   RO         8431    .ARM.Collect$$rtexit$$00000004  c_w.l(rtexit2.o)
    0x080002a4   0x00000010   Code   RO         3723    .emb_text           sys.o
    0x080002b4   0x00000034   Code   RO         8271    .emb_text           c_w.l(rand.o)
    0x080002e8   0x00000068   Code   RO          708    .text               startup_stm32f429xx.o
    0x08000350   0x000000dc   Code   RO         8137    .text               os_cpu_a.o
    0x0800042c   0x00000002   Code   RO         8208    .text               c_w.l(use_no_semi_2.o)
    0x0800042e   0x00000002   PAD
    0x08000430   0x00000018   Code   RO         8216    .text               c_w.l(noretval__2printf.o)
    0x08000448   0x0000004e   Code   RO         8220    .text               c_w.l(_printf_pad.o)
    0x08000496   0x00000052   Code   RO         8222    .text               c_w.l(_printf_str.o)
    0x080004e8   0x00000078   Code   RO         8224    .text               c_w.l(_printf_dec.o)
    0x08000560   0x00000058   Code   RO         8229    .text               c_w.l(_printf_hex_int.o)
    0x080005b8   0x00000138   Code   RO         8259    .text               c_w.l(__printf_flags_wp.o)
    0x080006f0   0x0000003c   Code   RO         8272    .text               c_w.l(rand.o)
    0x0800072c   0x00000058   Code   RO         8276    .text               c_w.l(memcmp.o)
    0x08000784   0x0000008a   Code   RO         8280    .text               c_w.l(rt_memcpy_v6.o)
    0x0800080e   0x00000044   Code   RO         8282    .text               c_w.l(rt_memclr.o)
    0x08000852   0x0000004e   Code   RO         8284    .text               c_w.l(rt_memclr_w.o)
    0x080008a0   0x00000006   Code   RO         8286    .text               c_w.l(heapauxi.o)
    0x080008a6   0x00000002   Code   RO         8290    .text               c_w.l(use_no_semi.o)
    0x080008a8   0x000000b2   Code   RO         8302    .text               c_w.l(_printf_intcommon.o)
    0x0800095a   0x0000002c   Code   RO         8304    .text               c_w.l(_printf_char.o)
    0x08000986   0x00000002   PAD
    0x08000988   0x00000024   Code   RO         8306    .text               c_w.l(_printf_char_file.o)
    0x080009ac   0x00000064   Code   RO         8312    .text               c_w.l(rt_memcpy_w.o)
    0x08000a10   0x00000008   Code   RO         8359    .text               c_w.l(libspace.o)
    0x08000a18   0x00000030   Code   RO         8379    .text               c_w.l(_printf_char_common.o)
    0x08000a48   0x00000008   Code   RO         8381    .text               c_w.l(ferror.o)
    0x08000a50   0x0000004a   Code   RO         8391    .text               c_w.l(sys_stackheap_outer.o)
    0x08000a9a   0x0000000c   Code   RO         8395    .text               c_w.l(exit.o)
    0x08000aa6   0x00000002   Code   RO         8143    i.App_TCBInitHook   app_hooks.o
    0x08000aa8   0x00000002   Code   RO         8144    i.App_TaskCreateHook  app_hooks.o
    0x08000aaa   0x00000002   Code   RO         8145    i.App_TaskDelHook   app_hooks.o
    0x08000aac   0x00000002   Code   RO         8146    i.App_TaskIdleHook  app_hooks.o
    0x08000aae   0x00000002   Code   RO         8147    i.App_TaskReturnHook  app_hooks.o
    0x08000ab0   0x00000002   Code   RO         8148    i.App_TaskStatHook  app_hooks.o
    0x08000ab2   0x00000002   Code   RO         8149    i.App_TaskSwHook    app_hooks.o
    0x08000ab4   0x00000002   Code   RO         8150    i.App_TimeTickHook  app_hooks.o
    0x08000ab6   0x00000004   Code   RO          380    i.BusFault_Handler  stm32f4xx_it.o
    0x08000aba   0x00000002   Code   RO          381    i.DebugMon_Handler  stm32f4xx_it.o
    0x08000abc   0x00000016   Code   RO         3469    i.ETH_DMAReceptionEnable  stm32f4xx_hal_eth.o
    0x08000ad2   0x00000016   Code   RO         3471    i.ETH_DMATransmissionEnable  stm32f4xx_hal_eth.o
    0x08000ae8   0x00000038   Code   RO         3472    i.ETH_FlushTransmitFIFO  stm32f4xx_hal_eth.o
    0x08000b20   0x00000024   Code   RO         4008    i.ETH_GetRxPktSize  lan8720.o
    0x08000b44   0x0000003c   Code   RO         4009    i.ETH_IRQHandler    lan8720.o
    0x08000b80   0x00000034   Code   RO         3473    i.ETH_MACAddressConfig  stm32f4xx_hal_eth.o
    0x08000bb4   0x00000248   Code   RO         3474    i.ETH_MACDMAConfig  stm32f4xx_hal_eth.o
    0x08000dfc   0x00000028   Code   RO         3476    i.ETH_MACReceptionEnable  stm32f4xx_hal_eth.o
    0x08000e24   0x00000028   Code   RO         3478    i.ETH_MACTransmissionEnable  stm32f4xx_hal_eth.o
    0x08000e4c   0x0000003c   Code   RO         4010    i.ETH_Mem_Free      lan8720.o
    0x08000e88   0x00000054   Code   RO         4011    i.ETH_Mem_Malloc    lan8720.o
    0x08000edc   0x00000048   Code   RO         4221    i.EthMemAlloc       lwip_comm.o
    0x08000f24   0x00000074   Code   RO         2889    i.FMC_SDRAM_Init    stm32f4xx_ll_fmc.o
    0x08000f98   0x0000000e   Code   RO         2890    i.FMC_SDRAM_ProgramRefreshRate  stm32f4xx_ll_fmc.o
    0x08000fa6   0x00000052   Code   RO         2891    i.FMC_SDRAM_SendCommand  stm32f4xx_ll_fmc.o
    0x08000ff8   0x00000098   Code   RO         2893    i.FMC_SDRAM_Timing_Init  stm32f4xx_ll_fmc.o
    0x08001090   0x0000001a   Code   RO          722    i.HAL_Delay         stm32f4xx_hal.o
    0x080010aa   0x0000008c   Code   RO         3481    i.HAL_ETH_DMARxDescListInit  stm32f4xx_hal_eth.o
    0x08001136   0x00000084   Code   RO         3482    i.HAL_ETH_DMATxDescListInit  stm32f4xx_hal_eth.o
    0x080011ba   0x000000b2   Code   RO         3485    i.HAL_ETH_GetReceivedFrame  stm32f4xx_hal_eth.o
    0x0800126c   0x000002c0   Code   RO         3489    i.HAL_ETH_Init      stm32f4xx_hal_eth.o
    0x0800152c   0x0000014c   Code   RO         4012    i.HAL_ETH_MspInit   lan8720.o
    0x08001678   0x00000090   Code   RO         3492    i.HAL_ETH_ReadPHYRegister  stm32f4xx_hal_eth.o
    0x08001708   0x00000052   Code   RO         3494    i.HAL_ETH_Start     stm32f4xx_hal_eth.o
    0x0800175a   0x0000013e   Code   RO         3496    i.HAL_ETH_TransmitFrame  stm32f4xx_hal_eth.o
    0x08001898   0x00000090   Code   RO         3498    i.HAL_ETH_WritePHYRegister  stm32f4xx_hal_eth.o
    0x08001928   0x0000021c   Code   RO         1004    i.HAL_GPIO_Init     stm32f4xx_hal_gpio.o
    0x08001b44   0x0000000c   Code   RO         1008    i.HAL_GPIO_WritePin  stm32f4xx_hal_gpio.o
    0x08001b50   0x0000000c   Code   RO          730    i.HAL_GetTick       stm32f4xx_hal.o
    0x08001b5c   0x00000010   Code   RO          731    i.HAL_IncTick       stm32f4xx_hal.o
    0x08001b6c   0x0000003c   Code   RO          732    i.HAL_Init          stm32f4xx_hal.o
    0x08001ba8   0x00000024   Code   RO          733    i.HAL_InitTick      stm32f4xx_hal.o
    0x08001bcc   0x0000000a   Code   RO          735    i.HAL_MspInit       stm32f4xx_hal.o
    0x08001bd6   0x0000001a   Code   RO          876    i.HAL_NVIC_EnableIRQ  stm32f4xx_hal_cortex.o
    0x08001bf0   0x0000007c   Code   RO          882    i.HAL_NVIC_SetPriority  stm32f4xx_hal_cortex.o
    0x08001c6c   0x00000028   Code   RO          883    i.HAL_NVIC_SetPriorityGrouping  stm32f4xx_hal_cortex.o
    0x08001c94   0x000000a4   Code   RO         1193    i.HAL_PWREx_EnableOverDrive  stm32f4xx_hal_pwr_ex.o
    0x08001d38   0x000002b0   Code   RO         1260    i.HAL_RCC_ClockConfig  stm32f4xx_hal_rcc.o
    0x08001fe8   0x00000038   Code   RO         1265    i.HAL_RCC_GetHCLKFreq  stm32f4xx_hal_rcc.o
    0x08002020   0x0000002c   Code   RO         1267    i.HAL_RCC_GetPCLK1Freq  stm32f4xx_hal_rcc.o
    0x0800204c   0x0000002c   Code   RO         1268    i.HAL_RCC_GetPCLK2Freq  stm32f4xx_hal_rcc.o
    0x08002078   0x000000b4   Code   RO         1269    i.HAL_RCC_GetSysClockFreq  stm32f4xx_hal_rcc.o
    0x0800212c   0x00000408   Code   RO         1272    i.HAL_RCC_OscConfig  stm32f4xx_hal_rcc.o
    0x08002534   0x00000040   Code   RO         3175    i.HAL_SDRAM_Init    stm32f4xx_hal_sdram.o
    0x08002574   0x00000134   Code   RO         3842    i.HAL_SDRAM_MspInit  sdram.o
    0x080026a8   0x00000028   Code   RO         3178    i.HAL_SDRAM_ProgramRefreshRate  stm32f4xx_hal_sdram.o
    0x080026d0   0x0000003a   Code   RO         3184    i.HAL_SDRAM_SendCommand  stm32f4xx_hal_sdram.o
    0x0800270a   0x00000028   Code   RO          885    i.HAL_SYSTICK_CLKSourceConfig  stm32f4xx_hal_cortex.o
    0x08002732   0x00000034   Code   RO          887    i.HAL_SYSTICK_Config  stm32f4xx_hal_cortex.o
    0x08002766   0x00000002   Code   RO         2630    i.HAL_TIMEx_BreakCallback  stm32f4xx_hal_tim_ex.o
    0x08002768   0x00000002   Code   RO         2631    i.HAL_TIMEx_CommutationCallback  stm32f4xx_hal_tim_ex.o
    0x0800276a   0x00000002   Code   RO         2020    i.HAL_TIM_IC_CaptureCallback  stm32f4xx_hal_tim.o
    0x0800276c   0x00000196   Code   RO         2033    i.HAL_TIM_IRQHandler  stm32f4xx_hal_tim.o
    0x08002902   0x00000002   Code   RO         2036    i.HAL_TIM_OC_DelayElapsedCallback  stm32f4xx_hal_tim.o
    0x08002904   0x00000002   Code   RO         2063    i.HAL_TIM_PWM_PulseFinishedCallback  stm32f4xx_hal_tim.o
    0x08002906   0x00000002   Code   RO         4093    i.HAL_TIM_PeriodElapsedCallback  timer.o
    0x08002908   0x00000002   Code   RO         2074    i.HAL_TIM_TriggerCallback  stm32f4xx_hal_tim.o
    0x0800290a   0x00000002   Code   RO         1412    i.HAL_UART_ErrorCallback  stm32f4xx_hal_uart.o
    0x0800290c   0x00000008   Code   RO         1414    i.HAL_UART_GetState  stm32f4xx_hal_uart.o
    0x08002914   0x00000130   Code   RO         1415    i.HAL_UART_IRQHandler  stm32f4xx_hal_uart.o
    0x08002a44   0x0000006e   Code   RO         1416    i.HAL_UART_Init     stm32f4xx_hal_uart.o
    0x08002ab2   0x00000002   PAD
    0x08002ab4   0x0000009c   Code   RO         3751    i.HAL_UART_MspInit  usart.o
    0x08002b50   0x00000086   Code   RO         1421    i.HAL_UART_Receive_IT  stm32f4xx_hal_uart.o
    0x08002bd6   0x00000002   PAD
    0x08002bd8   0x00000088   Code   RO         3752    i.HAL_UART_RxCpltCallback  usart.o
    0x08002c60   0x00000002   Code   RO         1427    i.HAL_UART_TxCpltCallback  stm32f4xx_hal_uart.o
    0x08002c62   0x00000004   Code   RO          382    i.HardFault_Handler  stm32f4xx_it.o
    0x08002c66   0x00000002   PAD
    0x08002c68   0x00000050   Code   RO         3894    i.IIC_Ack           myiic.o
    0x08002cb8   0x0000005c   Code   RO         3895    i.IIC_Init          myiic.o
    0x08002d14   0x00000050   Code   RO         3896    i.IIC_NAck          myiic.o
    0x08002d64   0x0000006c   Code   RO         3897    i.IIC_Read_Byte     myiic.o
    0x08002dd0   0x00000068   Code   RO         3898    i.IIC_Send_Byte     myiic.o
    0x08002e38   0x0000004c   Code   RO         3899    i.IIC_Start         myiic.o
    0x08002e84   0x0000004c   Code   RO         3900    i.IIC_Stop          myiic.o
    0x08002ed0   0x00000060   Code   RO         3901    i.IIC_Wait_Ack      myiic.o
    0x08002f30   0x00000094   Code   RO         4014    i.LAN8720_Init      lan8720.o
    0x08002fc4   0x0000005c   Code   RO         3816    i.LED_Init          led.o
    0x08003020   0x00000118   Code   RO          644    i.McuInfoInit       mulcast.o
    0x08003138   0x00000004   Code   RO          383    i.MemManage_Handler  stm32f4xx_it.o
    0x0800313c   0x00000044   Code   RO          645    i.Multicast_Config  mulcast.o
    0x08003180   0x00000018   Code   RO          646    i.Multicast_Send    mulcast.o
    0x08003198   0x00000002   Code   RO          384    i.NMI_Handler       stm32f4xx_it.o
    0x0800319a   0x00000002   PAD
    0x0800319c   0x00000010   Code   RO          889    i.NVIC_GetPriorityGrouping  stm32f4xx_hal_cortex.o
    0x080031ac   0x00000028   Code   RO          890    i.NVIC_SetPriority  stm32f4xx_hal_cortex.o
    0x080031d4   0x00000058   Code   RO         7361    i.OSEventNameSet    os_core.o
    0x0800322c   0x0000002c   Code   RO         7363    i.OSInit            os_core.o
    0x08003258   0x00000030   Code   RO         8033    i.OSInitHookBegin   os_cpu_c.o
    0x08003288   0x00000002   Code   RO         8034    i.OSInitHookEnd     os_cpu_c.o
    0x0800328a   0x00000002   PAD
    0x0800328c   0x00000024   Code   RO         7364    i.OSIntEnter        os_core.o
    0x080032b0   0x00000090   Code   RO         7365    i.OSIntExit         os_core.o
    0x08003340   0x000000a0   Code   RO         7761    i.OSQCreate         os_q.o
    0x080033e0   0x00000104   Code   RO         7762    i.OSQDel            os_q.o
    0x080034e4   0x00000124   Code   RO         7764    i.OSQPend           os_q.o
    0x08003608   0x00000072   Code   RO         7766    i.OSQPost           os_q.o
    0x0800367a   0x00000062   Code   RO         7769    i.OSQQuery          os_q.o
    0x080036dc   0x00000040   Code   RO         7366    i.OSSchedLock       os_core.o
    0x0800371c   0x00000060   Code   RO         7367    i.OSSchedUnlock     os_core.o
    0x0800377c   0x00000054   Code   RO         7833    i.OSSemCreate       os_sem.o
    0x080037d0   0x000000e0   Code   RO         7834    i.OSSemDel          os_sem.o
    0x080038b0   0x000000f0   Code   RO         7835    i.OSSemPend         os_sem.o
    0x080039a0   0x00000058   Code   RO         7837    i.OSSemPost         os_sem.o
    0x080039f8   0x0000004c   Code   RO         7838    i.OSSemQuery        os_sem.o
    0x08003a44   0x00000048   Code   RO         7368    i.OSStart           os_core.o
    0x08003a8c   0x0000004c   Code   RO         7369    i.OSStatInit        os_core.o
    0x08003ad8   0x0000000c   Code   RO         8035    i.OSTCBInitHook     os_cpu_c.o
    0x08003ae4   0x000000a0   Code   RO         7887    i.OSTaskCreate      os_task.o
    0x08003b84   0x000000b8   Code   RO         7888    i.OSTaskCreateExt   os_task.o
    0x08003c3c   0x0000000c   Code   RO         8036    i.OSTaskCreateHook  os_cpu_c.o
    0x08003c48   0x00000160   Code   RO         7889    i.OSTaskDel         os_task.o
    0x08003da8   0x0000000c   Code   RO         8037    i.OSTaskDelHook     os_cpu_c.o
    0x08003db4   0x00000008   Code   RO         8038    i.OSTaskIdleHook    os_cpu_c.o
    0x08003dbc   0x00000070   Code   RO         7892    i.OSTaskNameSet     os_task.o
    0x08003e2c   0x0000000c   Code   RO         8039    i.OSTaskReturnHook  os_cpu_c.o
    0x08003e38   0x00000008   Code   RO         8040    i.OSTaskStatHook    os_cpu_c.o
    0x08003e40   0x00000088   Code   RO         7898    i.OSTaskStkChk      os_task.o
    0x08003ec8   0x00000228   Code   RO         8041    i.OSTaskStkInit     os_cpu_c.o
    0x080040f0   0x000000a8   Code   RO         7899    i.OSTaskSuspend     os_task.o
    0x08004198   0x0000003c   Code   RO         8042    i.OSTaskSwHook      os_cpu_c.o
    0x080041d4   0x00000078   Code   RO         7988    i.OSTimeDly         os_time.o
    0x0800424c   0x00000060   Code   RO         7989    i.OSTimeDlyHMSM     os_time.o
    0x080042ac   0x0000001c   Code   RO         7991    i.OSTimeGet         os_time.o
    0x080042c8   0x000000ec   Code   RO         7370    i.OSTimeTick        os_core.o
    0x080043b4   0x00000008   Code   RO         8043    i.OSTimeTickHook    os_cpu_c.o
    0x080043bc   0x00000002   Code   RO         7372    i.OS_Dummy          os_core.o
    0x080043be   0x00000002   PAD
    0x080043c0   0x00000090   Code   RO         7373    i.OS_EventTaskRdy   os_core.o
    0x08004450   0x0000002e   Code   RO         7374    i.OS_EventTaskRemove  os_core.o
    0x0800447e   0x0000003a   Code   RO         7375    i.OS_EventTaskRemoveMulti  os_core.o
    0x080044b8   0x0000007c   Code   RO         7376    i.OS_EventTaskWait  os_core.o
    0x08004534   0x0000001c   Code   RO         7378    i.OS_EventWaitListInit  os_core.o
    0x08004550   0x00000058   Code   RO         7581    i.OS_FlagInit       os_flag.o
    0x080045a8   0x00000024   Code   RO         7583    i.OS_FlagUnlink     os_flag.o
    0x080045cc   0x00000060   Code   RO         7379    i.OS_InitEventList  os_core.o
    0x0800462c   0x0000005c   Code   RO         7380    i.OS_InitMisc       os_core.o
    0x08004688   0x00000044   Code   RO         7381    i.OS_InitRdyList    os_core.o
    0x080046cc   0x00000080   Code   RO         7382    i.OS_InitTCBList    os_core.o
    0x0800474c   0x00000050   Code   RO         7383    i.OS_InitTaskIdle   os_core.o
    0x0800479c   0x00000050   Code   RO         7384    i.OS_InitTaskStat   os_core.o
    0x080047ec   0x00000012   Code   RO         7385    i.OS_MemClr         os_core.o
    0x080047fe   0x00000002   PAD
    0x08004800   0x00000050   Code   RO         7770    i.OS_QInit          os_q.o
    0x08004850   0x00000074   Code   RO         7387    i.OS_Sched          os_core.o
    0x080048c4   0x0000002c   Code   RO         7388    i.OS_SchedNew       os_core.o
    0x080048f0   0x00000140   Code   RO         7390    i.OS_TCBInit        os_core.o
    0x08004a30   0x00000028   Code   RO         7391    i.OS_TaskIdle       os_core.o
    0x08004a58   0x00000018   Code   RO         7900    i.OS_TaskReturn     os_task.o
    0x08004a70   0x000000a0   Code   RO         7392    i.OS_TaskStat       os_core.o
    0x08004b10   0x0000003c   Code   RO         7393    i.OS_TaskStatStkChk  os_core.o
    0x08004b4c   0x0000001a   Code   RO         7901    i.OS_TaskStkClr     os_task.o
    0x08004b66   0x00000002   PAD
    0x08004b68   0x0000006c   Code   RO         3960    i.PCF8574_Init      pcf8574.o
    0x08004bd4   0x00000022   Code   RO         3962    i.PCF8574_ReadOneByte  pcf8574.o
    0x08004bf6   0x00000026   Code   RO         3963    i.PCF8574_WriteBit  pcf8574.o
    0x08004c1c   0x00000028   Code   RO         3964    i.PCF8574_WriteOneByte  pcf8574.o
    0x08004c44   0x000000ac   Code   RO         3843    i.SDRAM_Init        sdram.o
    0x08004cf0   0x00000048   Code   RO         3844    i.SDRAM_Send_Cmd    sdram.o
    0x08004d38   0x00000002   Code   RO          385    i.SVC_Handler       stm32f4xx_it.o
    0x08004d3a   0x00000002   PAD
    0x08004d3c   0x000000b8   Code   RO         3724    i.Stm32_Clock_Init  sys.o
    0x08004df4   0x00000020   Code   RO         3661    i.SysTick_Handler   delay.o
    0x08004e14   0x00000064   Code   RO          451    i.SystemInit        system_stm32f4xx.o
    0x08004e78   0x00000010   Code   RO         4094    i.TIM3_IRQHandler   timer.o
    0x08004e88   0x00000030   Code   RO         1434    i.UART_EndTransmit_IT  stm32f4xx_hal_uart.o
    0x08004eb8   0x000000bc   Code   RO         1435    i.UART_Receive_IT   stm32f4xx_hal_uart.o
    0x08004f74   0x00000224   Code   RO         1436    i.UART_SetConfig    stm32f4xx_hal_uart.o
    0x08005198   0x00000070   Code   RO         1437    i.UART_Transmit_IT  stm32f4xx_hal_uart.o
    0x08005208   0x00000058   Code   RO         3753    i.USART1_IRQHandler  usart.o
    0x08005260   0x00000004   Code   RO          386    i.UsageFault_Handler  stm32f4xx_it.o
    0x08005264   0x0000000e   Code   RO         8257    i._is_digit         c_w.l(__printf_wp.o)
    0x08005272   0x00000004   Code   RO         3754    i._sys_exit         usart.o
    0x08005276   0x00000002   PAD
    0x08005278   0x00000020   Code   RO         5579    i.arp_timer         timers.o
    0x08005298   0x00000044   Code   RO         3662    i.delay_init        delay.o
    0x080052dc   0x00000050   Code   RO         3663    i.delay_ms          delay.o
    0x0800532c   0x00000008   Code   RO         3664    i.delay_osschedlock  delay.o
    0x08005334   0x00000008   Code   RO         3665    i.delay_osschedunlock  delay.o
    0x0800533c   0x0000000c   Code   RO         3666    i.delay_ostimedly   delay.o
    0x08005348   0x00000058   Code   RO         3667    i.delay_us          delay.o
    0x080053a0   0x00000060   Code   RO         6027    i.do_bind           api_msg.o
    0x08005400   0x000000d8   Code   RO         6029    i.do_connect        api_msg.o
    0x080054d8   0x00000178   Code   RO         6030    i.do_delconn        api_msg.o
    0x08005650   0x00000020   Code   RO         6034    i.do_newconn        api_msg.o
    0x08005670   0x000000a6   Code   RO         6035    i.do_send           api_msg.o
    0x08005716   0x00000002   PAD
    0x08005718   0x000001c0   Code   RO         4329    i.etharp_arp_input  etharp.o
    0x080058d8   0x000002f0   Code   RO         4332    i.etharp_find_entry  etharp.o
    0x08005bc8   0x00000078   Code   RO         4333    i.etharp_free_entry  etharp.o
    0x08005c40   0x00000208   Code   RO         4334    i.etharp_output     etharp.o
    0x08005e48   0x00000114   Code   RO         4335    i.etharp_output_to_arp_index  etharp.o
    0x08005f5c   0x00000278   Code   RO         4336    i.etharp_query      etharp.o
    0x080061d4   0x0000019c   Code   RO         4337    i.etharp_raw        etharp.o
    0x08006370   0x00000030   Code   RO         4338    i.etharp_request    etharp.o
    0x080063a0   0x000000b0   Code   RO         4339    i.etharp_send_ip    etharp.o
    0x08006450   0x00000094   Code   RO         4340    i.etharp_tmr        etharp.o
    0x080064e4   0x00000158   Code   RO         4341    i.etharp_update_arp_entry  etharp.o
    0x0800663c   0x00000144   Code   RO         4342    i.ethernet_input    etharp.o
    0x08006780   0x000000a4   Code   RO         4442    i.ethernetif_init   ethernetif.o
    0x08006824   0x00000030   Code   RO         4443    i.ethernetif_input  ethernetif.o
    0x08006854   0x0000001c   Code   RO         3755    i.fputc             usart.o
    0x08006870   0x00000012   Code   RO         4523    i.icmp_dest_unreach  icmp.o
    0x08006882   0x00000002   PAD
    0x08006884   0x00000334   Code   RO         4524    i.icmp_input        icmp.o
    0x08006bb8   0x00000120   Code   RO         4525    i.icmp_send_response  icmp.o
    0x08006cd8   0x00000012   Code   RO         4526    i.icmp_time_exceeded  icmp.o
    0x08006cea   0x0000002a   Code   RO         4570    i.igmp_delaying_member  igmp.o
    0x08006d14   0x00000024   Code   RO         4572    i.igmp_init         igmp.o
    0x08006d38   0x00000140   Code   RO         4573    i.igmp_input        igmp.o
    0x08006e78   0x0000003c   Code   RO         4574    i.igmp_ip_output_if  igmp.o
    0x08006eb4   0x0000002c   Code   RO         4577    i.igmp_lookfor_group  igmp.o
    0x08006ee0   0x00000058   Code   RO         4578    i.igmp_lookup_group  igmp.o
    0x08006f38   0x00000028   Code   RO         4580    i.igmp_report_groups  igmp.o
    0x08006f60   0x00000134   Code   RO         4581    i.igmp_send         igmp.o
    0x08007094   0x00000048   Code   RO         4582    i.igmp_start        igmp.o
    0x080070dc   0x0000002c   Code   RO         4583    i.igmp_start_timer  igmp.o
    0x08007108   0x00000020   Code   RO         4585    i.igmp_timeout      igmp.o
    0x08007128   0x0000001c   Code   RO         5580    i.igmp_timer        timers.o
    0x08007144   0x0000002c   Code   RO         4586    i.igmp_tmr          igmp.o
    0x08007170   0x00000014   Code   RO         4709    i.inet_chksum       inet_chksum.o
    0x08007184   0x00000056   Code   RO         4710    i.inet_chksum_pbuf  inet_chksum.o
    0x080071da   0x0000004e   Code   RO         4822    i.ip4_addr_isbroadcast  ip_addr.o
    0x08007228   0x0000023c   Code   RO         4890    i.ip_frag           ip_frag.o
    0x08007464   0x0000000a   Code   RO         4891    i.ip_frag_alloc_pbuf_custom_ref  ip_frag.o
    0x0800746e   0x00000002   PAD
    0x08007470   0x0000008c   Code   RO         4892    i.ip_frag_free_pbuf_custom_ref  ip_frag.o
    0x080074fc   0x000001f0   Code   RO         4756    i.ip_input          ip.o
    0x080076ec   0x000000b4   Code   RO         4757    i.ip_output         ip.o
    0x080077a0   0x00000034   Code   RO         4758    i.ip_output_if      ip.o
    0x080077d4   0x000001e4   Code   RO         4759    i.ip_output_if_opt  ip.o
    0x080079b8   0x000001a4   Code   RO         4893    i.ip_reass          ip_frag.o
    0x08007b5c   0x00000310   Code   RO         4894    i.ip_reass_chain_frag_into_datagram_and_validate  ip_frag.o
    0x08007e6c   0x000000b8   Code   RO         4895    i.ip_reass_dequeue_datagram  ip_frag.o
    0x08007f24   0x00000058   Code   RO         4896    i.ip_reass_enqueue_new_datagram  ip_frag.o
    0x08007f7c   0x000001cc   Code   RO         4897    i.ip_reass_free_complete_datagram  ip_frag.o
    0x08008148   0x0000007c   Code   RO         4898    i.ip_reass_remove_oldest_datagram  ip_frag.o
    0x080081c4   0x00000020   Code   RO         5581    i.ip_reass_timer    timers.o
    0x080081e4   0x0000003c   Code   RO         4899    i.ip_reass_tmr      ip_frag.o
    0x08008220   0x00000058   Code   RO         4760    i.ip_route          ip.o
    0x08008278   0x000000bc   Code   RO         4900    i.ipfrag_free_pbuf_custom  ip_frag.o
    0x08008334   0x00000028   Code   RO            4    i.led_task          main.o
    0x0800835c   0x00000088   Code   RO         4444    i.low_level_init    ethernetif.o
    0x080083e4   0x00000108   Code   RO         4445    i.low_level_input   ethernetif.o
    0x080084ec   0x000000f0   Code   RO         4446    i.low_level_output  ethernetif.o
    0x080085dc   0x00000050   Code   RO         4222    i.lwip_comm_default_ip_set  lwip_comm.o
    0x0800862c   0x000001d8   Code   RO         4223    i.lwip_comm_init    lwip_comm.o
    0x08008804   0x0000003c   Code   RO         4224    i.lwip_comm_mem_free  lwip_comm.o
    0x08008840   0x00000074   Code   RO         4225    i.lwip_comm_mem_malloc  lwip_comm.o
    0x080088b4   0x0000000c   Code   RO         4969    i.lwip_htons        def.o
    0x080088c0   0x00000024   Code   RO         5046    i.lwip_init         init.o
    0x080088e4   0x0000000c   Code   RO         4971    i.lwip_ntohs        def.o
    0x080088f0   0x00000010   Code   RO         4226    i.lwip_pkt_handle   lwip_comm.o
    0x08008900   0x00000002   Code   RO         6302    i.lwip_socket_init  sockets.o
    0x08008902   0x0000005e   Code   RO         4713    i.lwip_standard_chksum  inet_chksum.o
    0x08008960   0x000000bc   Code   RO            5    i.main              main.o
    0x08008a1c   0x00000168   Code   RO         5086    i.mem_free          mem.o
    0x08008b84   0x000000f4   Code   RO         5087    i.mem_init          mem.o
    0x08008c78   0x00000288   Code   RO         5088    i.mem_malloc        mem.o
    0x08008f00   0x000001ec   Code   RO         5089    i.mem_trim          mem.o
    0x080090ec   0x000000c0   Code   RO         5141    i.memp_free         memp.o
    0x080091ac   0x00000008   Code   RO         5142    i.memp_get_memorysize  memp.o
    0x080091b4   0x00000068   Code   RO         5143    i.memp_init         memp.o
    0x0800921c   0x00000100   Code   RO         5144    i.memp_malloc       memp.o
    0x0800931c   0x00000074   Code   RO          647    i.multicast_send_data  mulcast.o
    0x08009390   0x0000006c   Code   RO         4137    i.my_mem_free       malloc.o
    0x080093fc   0x0000002c   Code   RO         4138    i.my_mem_init       malloc.o
    0x08009428   0x000000a8   Code   RO         4139    i.my_mem_malloc     malloc.o
    0x080094d0   0x00000040   Code   RO         4140    i.my_mem_perused    malloc.o
    0x08009510   0x00000024   Code   RO         4141    i.myfree            malloc.o
    0x08009534   0x00000028   Code   RO         4142    i.mymalloc          malloc.o
    0x0800955c   0x00000014   Code   RO         4144    i.mymemset          malloc.o
    0x08009570   0x00000020   Code   RO         6167    i.netbuf_delete     netbuf.o
    0x08009590   0x00000110   Code   RO         6037    i.netconn_alloc     api_msg.o
    0x080096a0   0x000000d8   Code   RO         5882    i.netconn_bind      api_lib.o
    0x08009778   0x000000dc   Code   RO         5885    i.netconn_connect   api_lib.o
    0x08009854   0x00000028   Code   RO         5886    i.netconn_delete    api_lib.o
    0x0800987c   0x00000038   Code   RO         6038    i.netconn_drain     api_msg.o
    0x080098b4   0x0000011c   Code   RO         6039    i.netconn_free      api_msg.o
    0x080099d0   0x00000154   Code   RO         5891    i.netconn_new_with_proto_and_callback  api_lib.o
    0x08009b24   0x00000130   Code   RO         5892    i.netconn_recv      api_lib.o
    0x08009c54   0x000001b8   Code   RO         5893    i.netconn_recv_data  api_lib.o
    0x08009e0c   0x000000d4   Code   RO         5896    i.netconn_send      api_lib.o
    0x08009ee0   0x00000114   Code   RO         5204    i.netif_add         netif.o
    0x08009ff4   0x00000002   Code   RO         5206    i.netif_init        netif.o
    0x08009ff6   0x00000022   Code   RO         5208    i.netif_set_addr    netif.o
    0x0800a018   0x00000010   Code   RO         5209    i.netif_set_default  netif.o
    0x0800a028   0x00000010   Code   RO         5211    i.netif_set_gw      netif.o
    0x0800a038   0x00000010   Code   RO         5212    i.netif_set_ipaddr  netif.o
    0x0800a048   0x00000010   Code   RO         5215    i.netif_set_netmask  netif.o
    0x0800a058   0x00000046   Code   RO         5216    i.netif_set_up      netif.o
    0x0800a09e   0x00000002   PAD
    0x0800a0a0   0x0000012c   Code   RO            6    i.netinit_task      main.o
    0x0800a1cc   0x0000041c   Code   RO         5313    i.pbuf_alloc        pbuf.o
    0x0800a5e8   0x00000108   Code   RO         5314    i.pbuf_alloced_custom  pbuf.o
    0x0800a6f0   0x00000148   Code   RO         5315    i.pbuf_cat          pbuf.o
    0x0800a838   0x0000001a   Code   RO         5316    i.pbuf_chain        pbuf.o
    0x0800a852   0x00000012   Code   RO         5317    i.pbuf_clen         pbuf.o
    0x0800a864   0x00000238   Code   RO         5319    i.pbuf_copy         pbuf.o
    0x0800aa9c   0x000001c0   Code   RO         5322    i.pbuf_free         pbuf.o
    0x0800ac5c   0x00000154   Code   RO         5324    i.pbuf_header       pbuf.o
    0x0800adb0   0x000001c4   Code   RO         5327    i.pbuf_realloc      pbuf.o
    0x0800af74   0x0000001a   Code   RO         5328    i.pbuf_ref          pbuf.o
    0x0800af8e   0x00000002   PAD
    0x0800af90   0x0000010c   Code   RO         6040    i.pcb_new           api_msg.o
    0x0800b09c   0x000001b4   Code   RO         5090    i.plug_holes        mem.o
    0x0800b250   0x00000010   Code   RO         5439    i.raw_bind          raw.o
    0x0800b260   0x00000010   Code   RO         5440    i.raw_connect       raw.o
    0x0800b270   0x00000074   Code   RO         5441    i.raw_input         raw.o
    0x0800b2e4   0x00000034   Code   RO         5442    i.raw_new           raw.o
    0x0800b318   0x00000006   Code   RO         5443    i.raw_recv          raw.o
    0x0800b31e   0x00000002   PAD
    0x0800b320   0x00000040   Code   RO         5444    i.raw_remove        raw.o
    0x0800b360   0x00000012   Code   RO         5445    i.raw_send          raw.o
    0x0800b372   0x00000002   PAD
    0x0800b374   0x00000138   Code   RO         5446    i.raw_sendto        raw.o
    0x0800b4ac   0x0000009c   Code   RO         6041    i.recv_raw          api_msg.o
    0x0800b548   0x00000180   Code   RO         6042    i.recv_udp          api_msg.o
    0x0800b6c8   0x00000048   Code   RO            7    i.start_task        main.o
    0x0800b710   0x000000f4   Code   RO         5742    i.sys_arch_mbox_fetch  sys_arch.o
    0x0800b804   0x00000012   Code   RO         5743    i.sys_arch_mbox_tryfetch  sys_arch.o
    0x0800b816   0x00000064   Code   RO         5744    i.sys_arch_sem_wait  sys_arch.o
    0x0800b87a   0x00000002   Code   RO         5745    i.sys_init          sys_arch.o
    0x0800b87c   0x00000084   Code   RO         5746    i.sys_mbox_free     sys_arch.o
    0x0800b900   0x000000bc   Code   RO         5747    i.sys_mbox_new      sys_arch.o
    0x0800b9bc   0x00000020   Code   RO         5748    i.sys_mbox_post     sys_arch.o
    0x0800b9dc   0x00000006   Code   RO         5749    i.sys_mbox_set_invalid  sys_arch.o
    0x0800b9e2   0x00000002   PAD
    0x0800b9e4   0x00000024   Code   RO         5750    i.sys_mbox_trypost  sys_arch.o
    0x0800ba08   0x00000038   Code   RO         5751    i.sys_mbox_valid    sys_arch.o
    0x0800ba40   0x00000084   Code   RO         5754    i.sys_sem_free      sys_arch.o
    0x0800bac4   0x000000a0   Code   RO         5755    i.sys_sem_new       sys_arch.o
    0x0800bb64   0x00000006   Code   RO         5756    i.sys_sem_set_invalid  sys_arch.o
    0x0800bb6a   0x0000000c   Code   RO         5757    i.sys_sem_signal    sys_arch.o
    0x0800bb76   0x00000016   Code   RO         5758    i.sys_sem_valid     sys_arch.o
    0x0800bb8c   0x00000038   Code   RO         5759    i.sys_thread_new    sys_arch.o
    0x0800bbc4   0x00000148   Code   RO         5582    i.sys_timeout       timers.o
    0x0800bd0c   0x00000034   Code   RO         5583    i.sys_timeouts_init  timers.o
    0x0800bd40   0x00000088   Code   RO         5584    i.sys_timeouts_mbox_fetch  timers.o
    0x0800bdc8   0x00000060   Code   RO         5585    i.sys_untimeout     timers.o
    0x0800be28   0x00000040   Code   RO         6471    i.tcpip_apimsg      tcpip.o
    0x0800be68   0x000000dc   Code   RO         6475    i.tcpip_init        tcpip.o
    0x0800bf44   0x0000004c   Code   RO         6476    i.tcpip_input       tcpip.o
    0x0800bf90   0x00000164   Code   RO         6477    i.tcpip_thread      tcpip.o
    0x0800c0f4   0x00000038   Code   RO         3756    i.uart_init         usart.o
    0x0800c12c   0x0000010c   Code   RO         5647    i.udp_bind          udp.o
    0x0800c238   0x00000068   Code   RO         5648    i.udp_connect       udp.o
    0x0800c2a0   0x00000002   Code   RO         5650    i.udp_init          udp.o
    0x0800c2a2   0x00000002   PAD
    0x0800c2a4   0x00000258   Code   RO         5651    i.udp_input         udp.o
    0x0800c4fc   0x0000001c   Code   RO         5652    i.udp_new           udp.o
    0x0800c518   0x00000058   Code   RO         5653    i.udp_new_port      udp.o
    0x0800c570   0x00000006   Code   RO         5654    i.udp_recv          udp.o
    0x0800c576   0x00000002   PAD
    0x0800c578   0x00000040   Code   RO         5655    i.udp_remove        udp.o
    0x0800c5b8   0x00000014   Code   RO         5656    i.udp_send          udp.o
    0x0800c5cc   0x00000048   Code   RO         5657    i.udp_sendto        udp.o
    0x0800c614   0x000001a4   Code   RO         5658    i.udp_sendto_if     udp.o
    0x0800c7b8   0x0000002c   Code   RO          586    i.udpecho_init      udpecho.o
    0x0800c7e4   0x00000148   Code   RO          587    i.udpecho_thread    udpecho.o
    0x0800c92c   0x0000000a   Code   RO         8389    x$fpl$fpinit        fz_wm.l(fpinit.o)
    0x0800c936   0x00000010   Data   RO         1273    .constdata          stm32f4xx_hal_rcc.o
    0x0800c946   0x00000002   PAD
    0x0800c948   0x00000024   Data   RO         4151    .constdata          malloc.o
    0x0800c96c   0x0000000c   Data   RO         4344    .constdata          etharp.o
    0x0800c978   0x00000008   Data   RO         4829    .constdata          ip_addr.o
    0x0800c980   0x00000030   Data   RO         5146    .constdata          memp.o
    0x0800c9b0   0x00000004   Data   RO         5760    .constdata          sys_arch.o
    0x0800c9b4   0x00000100   Data   RO         7395    .constdata          os_core.o
    0x0800cab4   0x00000028   Data   RO         8230    .constdata          c_w.l(_printf_hex_int.o)
    0x0800cadc   0x00000011   Data   RO         8260    .constdata          c_w.l(__printf_flags_wp.o)
    0x0800caed   0x00000003   PAD
    0x0800caf0   0x00000044   Data   RO         4345    .conststring        etharp.o
    0x0800cb34   0x0000008c   Data   RO         5147    .conststring        memp.o
    0x0800cbc0   0x00000020   Data   RO         8477    Region$$Table       anon$$obj.o


    Execution Region RW_IRAM1 (Base: 0x20000000, Size: 0x0001d548, Max: 0x00030000, ABSOLUTE, COMPRESSED[0x0000005c])

    Base Addr    Size         Type   Attr      Idx    E Section Name        Object

    0x20000000   0x00000002   Data   RW            9    .data               main.o
    0x20000002   0x00000002   PAD
    0x20000004   0x00000014   Data   RW          452    .data               system_stm32f4xx.o
    0x20000018   0x00000012   Data   RW          588    .data               udpecho.o
    0x2000002a   0x00000002   PAD
    0x2000002c   0x0000000e   Data   RW          649    .data               mulcast.o
    0x2000003a   0x00000002   PAD
    0x2000003c   0x00000004   Data   RW          738    .data               stm32f4xx_hal.o
    0x20000040   0x00000006   Data   RW         3668    .data               delay.o
    0x20000046   0x00000002   PAD
    0x20000048   0x00000007   Data   RW         3758    .data               usart.o
    0x2000004f   0x00000001   PAD
    0x20000050   0x00000010   Data   RW         4018    .data               lan8720.o
    0x20000060   0x00000024   Data   RW         4152    .data               malloc.o
    0x20000084   0x0000000c   Data   RW         4228    .data               lwip_comm.o
    0x20000090   0x00000001   Data   RW         4346    .data               etharp.o
    0x20000091   0x00000003   PAD
    0x20000094   0x0000000c   Data   RW         4587    .data               igmp.o
    0x200000a0   0x00000012   Data   RW         4761    .data               ip.o
    0x200000b2   0x00000002   PAD
    0x200000b4   0x00000006   Data   RW         4901    .data               ip_frag.o
    0x200000ba   0x00000002   PAD
    0x200000bc   0x00000014   Data   RW         5091    .data               mem.o
    0x200000d0   0x00000034   Data   RW         5148    .data               memp.o
    0x20000104   0x00000009   Data   RW         5217    .data               netif.o
    0x2000010d   0x00000003   PAD
    0x20000110   0x00000004   Data   RW         5447    .data               raw.o
    0x20000114   0x00000004   Data   RW         5586    .data               timers.o
    0x20000118   0x00000008   Data   RW         5659    .data               udp.o
    0x20000120   0x0000000c   Data   RW         6481    .data               tcpip.o
    0x2000012c   0x0000004c   Data   RW         7396    .data               os_core.o
    0x20000178   0x00000004   Data   RW         8047    .data               os_cpu_c.o
    0x2000017c   0x00000b00   Zero   RW            8    .bss                main.o
    0x20000c7c   0x00000449   Zero   RW          648    .bss                mulcast.o
    0x200010c5   0x00000003   PAD
    0x200010c8   0x00000108   Zero   RW         3757    .bss                usart.o
    0x200011d0   0x00000034   Zero   RW         3845    .bss                sdram.o
    0x20001204   0x00000048   Zero   RW         4017    .bss                lan8720.o
    0x2000124c   0x0000003c   Zero   RW         4096    .bss                timer.o
    0x20001288   0x00000018   PAD
    0x200012a0   0x0001a900   Zero   RW         4150    .bss                malloc.o
    0x2001bba0   0x0000004c   Zero   RW         4227    .bss                lwip_comm.o
    0x2001bbec   0x000000c8   Zero   RW         4343    .bss                etharp.o
    0x2001bcb4   0x00000030   Zero   RW         5145    .bss                memp.o
    0x2001bce4   0x00000f20   Zero   RW         7394    .bss                os_core.o
    0x2001cc04   0x00000200   Zero   RW         8046    .bss                os_cpu_c.o
    0x2001ce04   0x000000e4   Zero   RW         8273    .bss                c_w.l(rand.o)
    0x2001cee8   0x00000060   Zero   RW         8360    .bss                c_w.l(libspace.o)
    0x2001cf48   0x00000200   Zero   RW          706    HEAP                startup_stm32f429xx.o
    0x2001d148   0x00000400   Zero   RW          705    STACK               startup_stm32f429xx.o



  Load Region LR$$.ARM.__AT_0x10000000 (Base: 0x10000000, Size: 0x00000000, Max: 0x0000f000, ABSOLUTE)

    Execution Region ER$$.ARM.__AT_0x10000000 (Base: 0x10000000, Size: 0x0000f000, Max: 0x0000f000, ABSOLUTE, UNINIT)

    Base Addr    Size         Type   Attr      Idx    E Section Name        Object

    0x10000000   0x0000f000   Zero   RW         4146    .ARM.__AT_0x10000000  malloc.o



  Load Region LR$$.ARM.__AT_0x1000F000 (Base: 0x1000f000, Size: 0x00000000, Max: 0x00000f00, ABSOLUTE)

    Execution Region ER$$.ARM.__AT_0x1000F000 (Base: 0x1000f000, Size: 0x00000f00, Max: 0x00000f00, ABSOLUTE, UNINIT)

    Base Addr    Size         Type   Attr      Idx    E Section Name        Object

    0x1000f000   0x00000f00   Zero   RW         4147    .ARM.__AT_0x1000F000  malloc.o



  Load Region LR$$.ARM.__AT_0xC01F4000 (Base: 0xc01f4000, Size: 0x00000000, Max: 0x01c3c000, ABSOLUTE)

    Execution Region ER$$.ARM.__AT_0xC01F4000 (Base: 0xc01f4000, Size: 0x01c3c000, Max: 0x01c3c000, ABSOLUTE, UNINIT)

    Base Addr    Size         Type   Attr      Idx    E Section Name        Object

    0xc01f4000   0x01c3c000   Zero   RW         4148    .ARM.__AT_0xC01F4000  malloc.o



  Load Region LR$$.ARM.__AT_0xC1E30000 (Base: 0xc1e30000, Size: 0x00000000, Max: 0x001c3c00, ABSOLUTE)

    Execution Region ER$$.ARM.__AT_0xC1E30000 (Base: 0xc1e30000, Size: 0x001c3c00, Max: 0x001c3c00, ABSOLUTE, UNINIT)

    Base Addr    Size         Type   Attr      Idx    E Section Name        Object

    0xc1e30000   0x001c3c00   Zero   RW         4149    .ARM.__AT_0xC1E30000  malloc.o


==============================================================================

Image component sizes


      Code (inc. data)   RO Data    RW Data    ZI Data      Debug   Object Name

      1772        912          0          0          0      12157   api_lib.o
      2306        890          0          0          0       8262   api_msg.o
        16          0          0          0          0       4040   app_hooks.o
        24          0          0          0          0       1098   def.o
       296         32          0          6          0       4037   delay.o
      4200       1318         80          1        200      13345   etharp.o
       852        144          0          0          0       7064   ethernetif.o
      1144        456          0          0          0       4822   icmp.o
      1130        202          0         12          0       9347   igmp.o
       200          0          0          0          0       2709   inet_chksum.o
        36          0          0          0          0        540   init.o
      1300        274          0         18          0       9116   ip.o
        78          0          8          0          0       7098   ip_addr.o
      3030        954          0          6          0      10628   ip_frag.o
       720         74          0         16         72       4629   lan8720.o
        92         10          0          0          0        859   led.o
       816        278          0         12         76       9358   lwip_comm.o
       600        210          0          2       2816     480364   main.o
       480         54         36         36   31630336       6358   malloc.o
      2180        938          0         20          0       5461   mem.o
       560        288        188         52         48       4130   memp.o
       488        114          0         14       1097      10828   mulcast.o
       712        114          0          0          0       4874   myiic.o
        32          0          0          0          0       1020   netbuf.o
       446        118          0          9          0       7578   netif.o
      2560        432        256         76       3872      25728   os_core.o
       220         36          0          0          0        420   os_cpu_a.o
       734        130          0          4        512      16031   os_cpu_c.o
       124         14          0          0          0       1298   os_flag.o
      1004         54          0          0          0       5535   os_q.o
       712         38          0          0          0       4410   os_sem.o
      1162        116          0          0          0       7064   os_task.o
       244         34          0          0          0       2028   os_time.o
      3522       1480          0          0          0       8983   pbuf.o
       220         10          0          0          0       2787   pcf8574.o
       600        146          0          4          0       6023   raw.o
       552         40          0          0         52       2934   sdram.o
         2          0          0          0          0        495   sockets.o
       104         34        428          0       1536        848   startup_stm32f429xx.o
       160         16          0          4          0       4768   stm32f4xx_hal.o
       338         22          0          0          0      31389   stm32f4xx_hal_cortex.o
      2658         76          0          0          0      12503   stm32f4xx_hal_eth.o
       552         54          0          0          0       2408   stm32f4xx_hal_gpio.o
       164         12          0          0          0       1284   stm32f4xx_hal_pwr_ex.o
      2044         66         16          0          0       5991   stm32f4xx_hal_rcc.o
       162          0          0          0          0       2668   stm32f4xx_hal_sdram.o
       414          0          0          0          0       3654   stm32f4xx_hal_tim.o
         4          0          0          0          0       1590   stm32f4xx_hal_tim_ex.o
      1456         10          0          0          0       7599   stm32f4xx_hal_uart.o
        22          0          0          0          0       3135   stm32f4xx_it.o
       364          0          0          0          0       3468   stm32f4xx_ll_fmc.o
       200          8          0          0          0       1687   sys.o
      1202        432          4          0          0      11445   sys_arch.o
       100         18          0         20          0       1045   system_stm32f4xx.o
       716        288          0         12          0       3382   tcpip.o
        18          6          0          0         60       1581   timer.o
       704        194          0          4          0      10856   timers.o
      1672        378          0          8          0      10429   udp.o
       372        146          0         18          0      13007   udpecho.o
       468         60          0          7        264       5501   usart.o

    ----------------------------------------------------------------------
     49100      11730       1050        380   31640968     853696   Object Totals
         0          0         32          0          0          0   (incl. Generated)
        40          0          2         19         27          0   (incl. Padding)

    ----------------------------------------------------------------------

      Code (inc. data)   RO Data    RW Data    ZI Data      Debug   Library Member Name

        90          0          0          0          0          0   __dczerorl2.o
         8          0          0          0          0         68   __main.o
       312          4         17          0          0         92   __printf_flags_wp.o
        14          0          0          0          0         68   __printf_wp.o
         0          0          0          0          0          0   __rtentry.o
        12          0          0          0          0          0   __rtentry2.o
         6          0          0          0          0          0   __rtentry4.o
        52          8          0          0          0          0   __scatter.o
        28          0          0          0          0          0   __scatter_zi.o
        44          0          0          0          0        108   _printf_char.o
        48          6          0          0          0         96   _printf_char_common.o
        36          4          0          0          0         80   _printf_char_file.o
         6          0          0          0          0          0   _printf_d.o
       120         16          0          0          0         92   _printf_dec.o
        88          4         40          0          0         88   _printf_hex_int.o
       178          0          0          0          0         88   _printf_intcommon.o
        78          0          0          0          0        108   _printf_pad.o
         0          0          0          0          0          0   _printf_percent.o
         4          0          0          0          0          0   _printf_percent_end.o
         6          0          0          0          0          0   _printf_s.o
        82          0          0          0          0         80   _printf_str.o
         6          0          0          0          0          0   _printf_x.o
        12          0          0          0          0         72   exit.o
         8          0          0          0          0         68   ferror.o
         6          0          0          0          0        152   heapauxi.o
         2          0          0          0          0          0   libinit.o
        10          0          0          0          0          0   libinit2.o
         2          0          0          0          0          0   libshutdown.o
         2          0          0          0          0          0   libshutdown2.o
         8          4          0          0         96         68   libspace.o
        88          0          0          0          0         76   memcmp.o
        24          4          0          0          0         84   noretval__2printf.o
       112         18          0          0        228        160   rand.o
        68          0          0          0          0         68   rt_memclr.o
        78          0          0          0          0         80   rt_memclr_w.o
       138          0          0          0          0         68   rt_memcpy_v6.o
       100          0          0          0          0         80   rt_memcpy_w.o
         2          0          0          0          0          0   rtexit.o
        10          0          0          0          0          0   rtexit2.o
        74          0          0          0          0         80   sys_stackheap_outer.o
         2          0          0          0          0         68   use_no_semi.o
         2          0          0          0          0         68   use_no_semi_2.o
        10          0          0          0          0        116   fpinit.o

    ----------------------------------------------------------------------
      1982         68         60          0        324       2276   Library Totals
         6          0          3          0          0          0   (incl. Padding)

    ----------------------------------------------------------------------

      Code (inc. data)   RO Data    RW Data    ZI Data      Debug   Library Name

      1966         68         57          0        324       2160   c_w.l
        10          0          0          0          0        116   fz_wm.l

    ----------------------------------------------------------------------
      1982         68         60          0        324       2276   Library Totals

    ----------------------------------------------------------------------

==============================================================================


      Code (inc. data)   RO Data    RW Data    ZI Data      Debug   

     51082      11798       1110        380   31641292     820328   Grand Totals
     51082      11798       1110         92   31641292     820328   ELF Image Totals (compressed)
     51082      11798       1110         92          0          0   ROM Totals

==============================================================================

    Total RO  Size (Code + RO Data)                52192 (  50.97kB)
    Total RW  Size (RW Data + ZI Data)          31641672 (30900.07kB)
    Total ROM Size (Code + RO Data + RW Data)      52284 (  51.06kB)

==============================================================================

