<html>
<body>
<pre>
<h1>µVision Build Log</h1>
<h2>Tool Versions:</h2>
IDE-Version: ¦ÌVision V5.21.0.0
Copyright (C) 2016 ARM Ltd and ARM Germany GmbH. All rights reserved.
License Information: a Microsoft, Microsoft, LIC=Q7GLQ-NL0JL-TKSB9-4SY1T-6CJL6-UFJQY
 
Tool Versions:
Toolchain:       MDK-ARM Professional  Version: 5.21
Toolchain Path:  D:\MDK5\mdk521\ARM\ARMCC\Bin
C Compiler:      Armcc.exe V5.06 update 3 (build 300)
Assembler:       Armasm.exe V5.06 update 3 (build 300)
Linker/Locator:  ArmLink.exe V5.06 update 3 (build 300)
Library Manager: ArmAr.exe V5.06 update 3 (build 300)
Hex Converter:   FromElf.exe V5.06 update 3 (build 300)
CPU DLL:         SARMCM3.DLL V5.21
Dialog DLL:      DCM.DLL V1.13.8.0
Target DLL:      STLink\ST-LINKIII-KEIL_SWO.dll V2.0.18.0
Dialog DLL:      TCM.DLL V1.14.14.0
 
<h2>Project:</h2>
E:\aaProduct\hd\HardProductUpdate\NewFiu\FiuNv1.0.0\USER\NETWORK.uvprojx
Project File Date:  05/24/2018

<h2>Output:</h2>
*** Using Compiler 'V5.06 update 3 (build 300)', folder: 'D:\MDK5\mdk521\ARM\ARMCC\Bin'
Build target 'NETWORK'
compiling main.c...
linking...
Program Size: Code=51090 RO-data=1110 RW-data=380 ZI-data=31641292  
FromELF: creating hex file...
"..\OBJ\FiuNv1.0.0" - 0 Error(s), 0 Warning(s).

<h2>Collection of Component include folders:</h2>
  E:\aaProduct\hd\HardProductUpdate\NewFiu\FiuNv1.0.0\USER\RTE
  D:\MDK5\mdk521\ARM\PACK\Keil\STM32F4xx_DFP\2.13.0\Drivers\CMSIS\Device\ST\STM32F4xx\Include

<h2>Collection of Component Files used:</h2>
Build Time Elapsed:  00:00:14
</pre>
</body>
</html>
