Component: ARM Compiler 5.05 update 1 (build 106) Tool: armlink [4d0efa]

==============================================================================

Section Cross References

    main.o(i.CanDataDealTask) refers to fiuhostdataanalysis.o(i.HostCanDataAnalysis) for HostCanDataAnalysis
    main.o(i.CanModifiedCheck) refers to rt_memclr_w.o(.text) for __aeabi_memclr4
    main.o(i.CanModifiedCheck) refers to stmflash.o(i.STMFLASH_Read) for STMFLASH_Read
    main.o(i.CanModifiedCheck) refers to main.o(.data) for g_CanAllModified
    main.o(i.CanModifiedCheck) refers to can.o(.data) for g_RemoteCanId
    main.o(i.Error_loop) refers to stm32f4xx_hal_gpio.o(i.HAL_GPIO_WritePin) for HAL_GPIO_WritePin
    main.o(i.Error_loop) refers to pcf8574.o(i.PCF8574_WriteBit) for PCF8574_WriteBit
    main.o(i.Error_loop) refers to noretval__2printf.o(.text) for __2printf
    main.o(i.Error_loop) refers to delay.o(i.delay_ms) for delay_ms
    main.o(i.Error_loop) refers to main.o(.data) for g_Error
    main.o(i.Fuse_check) refers to stm32f4xx_hal_gpio.o(i.HAL_GPIO_WritePin) for HAL_GPIO_WritePin
    main.o(i.Fuse_check) refers to delay.o(i.delay_ms) for delay_ms
    main.o(i.Fuse_check) refers to stm32f4xx_hal_gpio.o(i.HAL_GPIO_ReadPin) for HAL_GPIO_ReadPin
    main.o(i.IpModifiedCheck) refers to stmflash.o(i.STMFLASH_Read) for STMFLASH_Read
    main.o(i.IpModifiedCheck) refers to main.o(.data) for g_IpAllModified
    main.o(i.led_task) refers to pcf8574.o(i.PCF8574_WriteBit) for PCF8574_WriteBit
    main.o(i.led_task) refers to pcf8574.o(i.PCF8574_ReadBit) for PCF8574_ReadBit
    main.o(i.led_task) refers to main.o(i.Error_loop) for Error_loop
    main.o(i.led_task) refers to os_time.o(i.OSTimeDlyHMSM) for OSTimeDlyHMSM
    main.o(i.main) refers to _printf_percent.o(.ARM.Collect$$_printf_percent$$00000000) for _printf_percent
    main.o(i.main) refers to _printf_x.o(.ARM.Collect$$_printf_percent$$0000000C) for _printf_x
    main.o(i.main) refers to _printf_hex_int.o(.text) for _printf_longlong_hex
    main.o(i.main) refers to fiuhostdataanalysis.o(i.ErrorNumInit) for ErrorNumInit
    main.o(i.main) refers to fiuhostdataanalysis.o(i.GlobalDataInit) for GlobalDataInit
    main.o(i.main) refers to sys.o(i.Stm32_Clock_Init) for Stm32_Clock_Init
    main.o(i.main) refers to stm32f4xx_hal.o(i.HAL_Init) for HAL_Init
    main.o(i.main) refers to delay.o(i.delay_init) for delay_init
    main.o(i.main) refers to usart.o(i.uart_init) for uart_init
    main.o(i.main) refers to led.o(i.LED_Init) for LED_Init
    main.o(i.main) refers to sdram.o(i.SDRAM_Init) for SDRAM_Init
    main.o(i.main) refers to pcf8574.o(i.PCF8574_Init) for PCF8574_Init
    main.o(i.main) refers to malloc.o(i.my_mem_init) for my_mem_init
    main.o(i.main) refers to noretval__2printf.o(.text) for __2printf
    main.o(i.main) refers to main.o(i.Fuse_check) for Fuse_check
    main.o(i.main) refers to pcf8574.o(i.PCF8574_ReadBit) for PCF8574_ReadBit
    main.o(i.main) refers to main.o(i.CanModifiedCheck) for CanModifiedCheck
    main.o(i.main) refers to can.o(i.CAN1_Mode_Init) for CAN1_Mode_Init
    main.o(i.main) refers to main.o(i.IpModifiedCheck) for IpModifiedCheck
    main.o(i.main) refers to lwip_comm.o(i.EthMemAlloc) for EthMemAlloc
    main.o(i.main) refers to os_core.o(i.OSInit) for OSInit
    main.o(i.main) refers to os_task.o(i.OSTaskCreate) for OSTaskCreate
    main.o(i.main) refers to os_core.o(i.OSStart) for OSStart
    main.o(i.main) refers to main.o(i.Error_loop) for Error_loop
    main.o(i.main) refers to main.o(.bss) for START_TASK_STK
    main.o(i.main) refers to main.o(i.start_task) for start_task
    main.o(i.netinit_task) refers to _printf_percent.o(.ARM.Collect$$_printf_percent$$00000000) for _printf_percent
    main.o(i.netinit_task) refers to _printf_d.o(.ARM.Collect$$_printf_percent$$00000009) for _printf_d
    main.o(i.netinit_task) refers to _printf_dec.o(.text) for _printf_int_dec
    main.o(i.netinit_task) refers to lwip_comm.o(i.lwip_comm_init) for lwip_comm_init
    main.o(i.netinit_task) refers to noretval__2printf.o(.text) for __2printf
    main.o(i.netinit_task) refers to udpecho.o(i.udpecho_init) for udpecho_init
    main.o(i.netinit_task) refers to mulcast.o(i.Multicast_Config) for Multicast_Config
    main.o(i.netinit_task) refers to mulcast.o(i.McuInfoInit) for McuInfoInit
    main.o(i.netinit_task) refers to stm32f4xx_hal_eth.o(i.HAL_ETH_ReadPHYRegister) for HAL_ETH_ReadPHYRegister
    main.o(i.netinit_task) refers to mulcast.o(i.Multicast_Send) for Multicast_Send
    main.o(i.netinit_task) refers to pcf8574.o(i.PCF8574_WriteBit) for PCF8574_WriteBit
    main.o(i.netinit_task) refers to stm32f4xx_hal_gpio.o(i.HAL_GPIO_WritePin) for HAL_GPIO_WritePin
    main.o(i.netinit_task) refers to delay.o(i.delay_ms) for delay_ms
    main.o(i.netinit_task) refers to os_time.o(i.OSTimeDlyHMSM) for OSTimeDlyHMSM
    main.o(i.netinit_task) refers to main.o(.data) for g_NetInitFine
[...]
    TIM2_IRQHandler                          0x0800969d   Thumb Code    10  timer.o(i.TIM2_IRQHandler)
    TIM2_Init                                0x080096ad   Thumb Code    58  timer.o(i.TIM2_Init)
    TIM_Base_SetConfig                       0x080096ed   Thumb Code   184  stm32f4xx_hal_tim.o(i.TIM_Base_SetConfig)
    TIM_CCxChannelCmd                        0x080097d1   Thumb Code    28  stm32f4xx_hal_tim.o(i.TIM_CCxChannelCmd)
    TIM_OC2_SetConfig                        0x0800985d   Thumb Code   112  stm32f4xx_hal_tim.o(i.TIM_OC2_SetConfig)
    USART1_IRQHandler                        0x08009d2d   Thumb Code    74  usart.o(i.USART1_IRQHandler)
    UsageFault_Handler                       0x08009d85   Thumb Code     4  stm32f4xx_it.o(i.UsageFault_Handler)
    _is_digit                                0x08009d93   Thumb Code    14  __printf_wp.o(i._is_digit)
    _sys_exit                                0x08009da1   Thumb Code     4  usart.o(i._sys_exit)
    ddlgz_set                                0x08009dc5   Thumb Code   256  fiuprocess.o(i.ddlgz_set)
    ddlgz_two_set                            0x08009ec5   Thumb Code   328  fiuprocess.o(i.ddlgz_two_set)
    ddltdgz_process                          0x0800a00d   Thumb Code   216  fiuprocess.o(i.ddltdgz_process)
    delay_init                               0x0800a0e9   Thumb Code    58  delay.o(i.delay_init)
    delay_ms                                 0x0800a12d   Thumb Code    66  delay.o(i.delay_ms)
    delay_osschedlock                        0x0800a17d   Thumb Code     8  delay.o(i.delay_osschedlock)
    delay_osschedunlock                      0x0800a185   Thumb Code     8  delay.o(i.delay_osschedunlock)
    delay_ostimedly                          0x0800a18d   Thumb Code    12  delay.o(i.delay_ostimedly)
    delay_us                                 0x0800a199   Thumb Code    84  delay.o(i.delay_us)
    etharp_output                            0x0800a719   Thumb Code   378  etharp.o(i.etharp_output)
    etharp_query                             0x0800aa35   Thumb Code   460  etharp.o(i.etharp_query)
    etharp_request                           0x0800ae49   Thumb Code    40  etharp.o(i.etharp_request)
    etharp_tmr                               0x0800af29   Thumb Code   144  etharp.o(i.etharp_tmr)
    ethernet_input                           0x0800b115   Thumb Code   200  etharp.o(i.ethernet_input)
    ethernetif_init                          0x0800b259   Thumb Code    56  ethernetif.o(i.ethernetif_init)
    ethernetif_input                         0x0800b2fd   Thumb Code    48  ethernetif.o(i.ethernetif_input)
    fputc                                    0x0800b32d   Thumb Code    22  usart.o(i.fputc)
    fuhegz_process                           0x0800b349   Thumb Code    96  fiuprocess.o(i.fuhegz_process)
    fuhegz_set                               0x0800b3ad   Thumb Code   326  fiuprocess.o(i.fuhegz_set)
    icmp_dest_unreach                        0x0800b4f9   Thumb Code    18  icmp.o(i.icmp_dest_unreach)
    icmp_input                               0x0800b50d   Thumb Code   492  icmp.o(i.icmp_input)
    icmp_time_exceeded                       0x0800b961   Thumb Code    18  icmp.o(i.icmp_time_exceeded)
    igmp_init                                0x0800b99d   Thumb Code    18  igmp.o(i.igmp_init)
    igmp_input                               0x0800b9c1   Thumb Code   312  igmp.o(i.igmp_input)
    igmp_joingroup                           0x0800bb3d   Thumb Code   234  igmp.o(i.igmp_joingroup)
    igmp_lookfor_group                       0x0800bcf1   Thumb Code    40  igmp.o(i.igmp_lookfor_group)
    igmp_report_groups                       0x0800bd75   Thumb Code    36  igmp.o(i.igmp_report_groups)
    igmp_start                               0x0800bed1   Thumb Code    66  igmp.o(i.igmp_start)
    igmp_tmr                                 0x0800bf81   Thumb Code    38  igmp.o(i.igmp_tmr)
    inet_chksum                              0x0800bfad   Thumb Code    20  inet_chksum.o(i.inet_chksum)
    inet_chksum_pbuf                         0x0800bfc1   Thumb Code    86  inet_chksum.o(i.inet_chksum_pbuf)
    ip4_addr_isbroadcast                     0x0800c017   Thumb Code    78  ip_addr.o(i.ip4_addr_isbroadcast)
    ip_frag                                  0x0800c065   Thumb Code   448  ip_frag.o(i.ip_frag)
    ip_input                                 0x0800c339   Thumb Code   476  ip.o(i.ip_input)
    ip_output                                0x0800c529   Thumb Code    84  ip.o(i.ip_output)
    ip_output_if                             0x0800c5dd   Thumb Code    52  ip.o(i.ip_output_if)
    ip_output_if_opt                         0x0800c611   Thumb Code   334  ip.o(i.ip_output_if_opt)
    ip_reass                                 0x0800c7f5   Thumb Code   410  ip_frag.o(i.ip_reass)
    ip_reass_tmr                             0x0800d021   Thumb Code    56  ip_frag.o(i.ip_reass_tmr)
    ip_route                                 0x0800d05d   Thumb Code    80  ip.o(i.ip_route)
    ksldmn_process                           0x0800d171   Thumb Code   232  fiuprocess.o(i.ksldmn_process)
    ksldmn_set                               0x0800d25d   Thumb Code   480  fiuprocess.o(i.ksldmn_set)
    ksldmn_two_set                           0x0800d445   Thumb Code   246  fiuprocess.o(i.ksldmn_two_set)
    kstdgz_process                           0x0800d541   Thumb Code    96  fiuprocess.o(i.kstdgz_process)
    kstdgz_set                               0x0800d5a5   Thumb Code   250  fiuprocess.o(i.kstdgz_set)
    led_task                                 0x0800d6a5   Thumb Code   102  main.o(i.led_task)
    lwip_comm_default_ip_set                 0x0800d991   Thumb Code   260  lwip_comm.o(i.lwip_comm_default_ip_set)
    lwip_comm_init                           0x0800dacd   Thumb Code   256  lwip_comm.o(i.lwip_comm_init)
    lwip_comm_mem_free                       0x0800dca5   Thumb Code    44  lwip_comm.o(i.lwip_comm_mem_free)
    lwip_comm_mem_malloc                     0x0800dce1   Thumb Code   100  lwip_comm.o(i.lwip_comm_mem_malloc)
    lwip_htons                               0x0800dd55   Thumb Code    12  def.o(i.lwip_htons)
    lwip_init                                0x0800dd61   Thumb Code    36  init.o(i.lwip_init)
    lwip_ntohs                               0x0800dd85   Thumb Code    12  def.o(i.lwip_ntohs)
    lwip_pkt_handle                          0x0800dd91   Thumb Code    10  lwip_comm.o(i.lwip_pkt_handle)
    lwip_socket_init                         0x0800dda1   Thumb Code     2  sockets.o(i.lwip_socket_init)
    main                                     0x0800de01   Thumb Code   192  main.o(i.main)
    mem_free                                 0x0800df21   Thumb Code   182  mem.o(i.mem_free)
    mem_init                                 0x0800e089   Thumb Code   114  mem.o(i.mem_init)
    mem_malloc                               0x0800e17d   Thumb Code   390  mem.o(i.mem_malloc)
    mem_trim                                 0x0800e405   Thumb Code   338  mem.o(i.mem_trim)
    memp_free                                0x0800e5f1   Thumb Code    74  memp.o(i.memp_free)
    memp_get_memorysize                      0x0800e6b1   Thumb Code     8  memp.o(i.memp_get_memorysize)
    memp_init                                0x0800e6b9   Thumb Code    86  memp.o(i.memp_init)
    memp_malloc                              0x0800e721   Thumb Code   104  memp.o(i.memp_malloc)
    multicast_send_data                      0x0800e821   Thumb Code    58  mulcast.o(i.multicast_send_data)
    my_mem_free                              0x0800e865   Thumb Code    96  malloc.o(i.my_mem_free)
    my_mem_init                              0x0800e8d1   Thumb Code    34  malloc.o(i.my_mem_init)
    my_mem_malloc                            0x0800e8fd   Thumb Code   156  malloc.o(i.my_mem_malloc)
    my_mem_perused                           0x0800e9a5   Thumb Code    56  malloc.o(i.my_mem_perused)
    myfree                                   0x0800e9e5   Thumb Code    30  malloc.o(i.myfree)
    mymalloc                                 0x0800ea09   Thumb Code    34  malloc.o(i.mymalloc)
    mymemset                                 0x0800ea31   Thumb Code    20  malloc.o(i.mymemset)
    netif_add                                0x0800ea45   Thumb Code   164  netif.o(i.netif_add)
    netif_init                               0x0800eb59   Thumb Code     2  netif.o(i.netif_init)
    netif_set_addr                           0x0800eb5b   Thumb Code    34  netif.o(i.netif_set_addr)
    netif_set_default                        0x0800eb7d   Thumb Code    10  netif.o(i.netif_set_default)
    netif_set_gw                             0x0800eb8d   Thumb Code    16  netif.o(i.netif_set_gw)
    netif_set_ipaddr                         0x0800eb9d   Thumb Code    16  netif.o(i.netif_set_ipaddr)
    netif_set_netmask                        0x0800ebad   Thumb Code    16  netif.o(i.netif_set_netmask)
    netif_set_up                             0x0800ebbd   Thumb Code    70  netif.o(i.netif_set_up)
    netinit_task                             0x0800ec05   Thumb Code   274  main.o(i.netinit_task)
    pbuf_alloc                               0x0800edd1   Thumb Code   652  pbuf.o(i.pbuf_alloc)
    pbuf_alloced_custom                      0x0800f1ed   Thumb Code   148  pbuf.o(i.pbuf_alloced_custom)
    pbuf_cat                                 0x0800f2f5   Thumb Code   126  pbuf.o(i.pbuf_cat)
    pbuf_chain                               0x0800f43d   Thumb Code    26  pbuf.o(i.pbuf_chain)
    pbuf_clen                                0x0800f457   Thumb Code    18  pbuf.o(i.pbuf_clen)
    pbuf_copy                                0x0800f469   Thumb Code   326  pbuf.o(i.pbuf_copy)
    pbuf_free                                0x0800f6a1   Thumb Code   272  pbuf.o(i.pbuf_free)
    pbuf_header                              0x0800f861   Thumb Code   200  pbuf.o(i.pbuf_header)
    pbuf_realloc                             0x0800f9b5   Thumb Code   248  pbuf.o(i.pbuf_realloc)
    pbuf_ref                                 0x0800fb79   Thumb Code    26  pbuf.o(i.pbuf_ref)
    raw_input                                0x0800fd49   Thumb Code   102  raw.o(i.raw_input)
    startFault                               0x0800fdbd   Thumb Code   120  fiuhostdataanalysis.o(i.startFault)
    start_task                               0x0800fe51   Thumb Code    66  main.o(i.start_task)
    sys_arch_mbox_fetch                      0x0800fead   Thumb Code   158  sys_arch.o(i.sys_arch_mbox_fetch)
    sys_arch_sem_wait                        0x0800ffa1   Thumb Code   100  sys_arch.o(i.sys_arch_sem_wait)
    sys_init                                 0x08010005   Thumb Code     2  sys_arch.o(i.sys_init)
    sys_mbox_new                             0x08010009   Thumb Code   108  sys_arch.o(i.sys_mbox_new)
    sys_mbox_trypost                         0x080100c5   Thumb Code    32  sys_arch.o(i.sys_mbox_trypost)
    sys_mbox_valid                           0x080100e9   Thumb Code    56  sys_arch.o(i.sys_mbox_valid)
    sys_sem_new                              0x08010121   Thumb Code    62  sys_arch.o(i.sys_sem_new)
    sys_sem_signal                           0x080101c1   Thumb Code    12  sys_arch.o(i.sys_sem_signal)
    sys_thread_new                           0x080101cd   Thumb Code    52  sys_arch.o(i.sys_thread_new)
    sys_timeout                              0x08010205   Thumb Code   174  timers.o(i.sys_timeout)
    sys_timeouts_init                        0x0801034d   Thumb Code    38  timers.o(i.sys_timeouts_init)
    sys_timeouts_mbox_fetch                  0x08010381   Thumb Code   132  timers.o(i.sys_timeouts_mbox_fetch)
    sys_untimeout                            0x08010409   Thumb Code    90  timers.o(i.sys_untimeout)
    tcpip_init                               0x08010469   Thumb Code    72  tcpip.o(i.tcpip_init)
    tcpip_input                              0x08010545   Thumb Code    72  tcpip.o(i.tcpip_input)
    tdreset_process                          0x080106f5   Thumb Code    28  fiuprocess.o(i.tdreset_process)
    uart_init                                0x08010711   Thumb Code    44  usart.o(i.uart_init)
    udp_bind                                 0x08010749   Thumb Code   170  udp.o(i.udp_bind)
    udp_echoserver_receive_callback          0x08010855   Thumb Code   548  udpecho.o(i.udp_echoserver_receive_callback)
    udp_init                                 0x08010a85   Thumb Code     2  udp.o(i.udp_init)
    udp_input                                0x08010a89   Thumb Code   444  udp.o(i.udp_input)
    udp_new                                  0x08010cc9   Thumb Code    28  udp.o(i.udp_new)
    udp_recv                                 0x08010d3d   Thumb Code     6  udp.o(i.udp_recv)
    udp_remove                               0x08010d45   Thumb Code    60  udp.o(i.udp_remove)
    udp_sendto                               0x08010d85   Thumb Code    72  udp.o(i.udp_sendto)
    udp_sendto_if                            0x08010dcd   Thumb Code   292  udp.o(i.udp_sendto_if)
    udp_server_rev                           0x08010f71   Thumb Code   334  mulcast.o(i.udp_server_rev)
    udpecho_init                             0x08011109   Thumb Code    10  udpecho.o(i.udpecho_init)
    _fp_init                                 0x08011151   Thumb Code    10  fpinit.o(x$fpl$fpinit)
    __fplib_config_fpu_vfp                   0x08011159   Thumb Code     0  fpinit.o(x$fpl$fpinit)
    __fplib_config_pureend_doubles           0x08011159   Thumb Code     0  fpinit.o(x$fpl$fpinit)
    APBAHBPrescTable                         0x0801115a   Data          16  stm32f4xx_hal_rcc.o(.constdata)
    memtblsize                               0x0801116c   Data          12  malloc.o(.constdata)
    memblksize                               0x08011178   Data          12  malloc.o(.constdata)
    memsize                                  0x08011184   Data          12  malloc.o(.constdata)
    ethbroadcast                             0x08011190   Data           6  etharp.o(.constdata)
    ethzero                                  0x08011196   Data           6  etharp.o(.constdata)
    ip_addr_any                              0x0801119c   Data           4  ip_addr.o(.constdata)
    ip_addr_broadcast                        0x080111a0   Data           4  ip_addr.o(.constdata)
    pvNullPointer                            0x080111d4   Data           4  sys_arch.o(.constdata)
    OSUnMapTbl                               0x080111d8   Data         256  os_core.o(.constdata)
    Region$$Table$$Base                      0x080113e4   Number         0  anon$$obj.o(Region$$Table)
    Region$$Table$$Limit                     0x08011404   Number         0  anon$$obj.o(Region$$Table)
    mem3base                                 0x10000000   Data       61440  malloc.o(.ARM.__AT_0x10000000)
    mem3mapbase                              0x1000f000   Data        3840  malloc.o(.ARM.__AT_0x1000F000)
    g_NetInitFine                            0x20000000   Data           1  main.o(.data)
    g_arMcuInfoDataLen                       0x20000002   Data           2  main.o(.data)
    g_Error                                  0x20000004   Data           1  main.o(.data)
    g_IpAllModified                          0x20000005   Data           1  main.o(.data)
    g_LocalUdpPort                           0x20000006   Data           2  main.o(.data)
    g_IP_ADDR0                               0x20000008   Data           1  main.o(.data)
    g_IP_ADDR1                               0x20000009   Data           1  main.o(.data)
    g_IP_ADDR2                               0x2000000a   Data           1  main.o(.data)
    g_IP_ADDR3                               0x2000000b   Data           1  main.o(.data)
    g_NETMASK_ADDR0                          0x2000000c   Data           1  main.o(.data)
    g_NETMASK_ADDR1                          0x2000000d   Data           1  main.o(.data)
    g_NETMASK_ADDR2                          0x2000000e   Data           1  main.o(.data)
    g_NETMASK_ADDR3                          0x2000000f   Data           1  main.o(.data)
    g_GW_ADDR0                               0x20000010   Data           1  main.o(.data)
    g_GW_ADDR1                               0x20000011   Data           1  main.o(.data)
    g_GW_ADDR2                               0x20000012   Data           1  main.o(.data)
    g_GW_ADDR3                               0x20000013   Data           1  main.o(.data)
    g_CanAllModified                         0x20000014   Data           1  main.o(.data)
    SystemCoreClock                          0x20000018   Data           4  system_stm32f4xx.o(.data)
    AHBPrescTable                            0x2000001c   Data          16  system_stm32f4xx.o(.data)
    udp_server_multi_pcb                     0x20000030   Data           4  mulcast.o(.data)
    ipgroup_rev                              0x20000034   Data           4  mulcast.o(.data)
    ipgroup_send                             0x20000038   Data           4  mulcast.o(.data)
    __stdout                                 0x20000048   Data           4  usart.o(.data)
    USART_RX_STA                             0x2000004c   Data           2  usart.o(.data)
    aRxBuffer                                0x2000004e   Data           1  usart.o(.data)
    DMARxDscrTab                             0x20000050   Data           4  lan8720.o(.data)
    DMATxDscrTab                             0x20000054   Data           4  lan8720.o(.data)
    Rx_Buff                                  0x20000058   Data           4  lan8720.o(.data)
    Tx_Buff                                  0x2000005c   Data           4  lan8720.o(.data)
    g_DataFromHost                           0x20000060   Data           8  fiuhostdataanalysis.o(.data)
    g_DealDataCur                            0x20000068   Data           2  fiuhostdataanalysis.o(.data)
    g_IntrDataCur                            0x2000006a   Data           2  fiuhostdataanalysis.o(.data)
    P0                                       0x20000070   Data           8  fiuhostdataanalysis.o(.data)
    P1                                       0x20000078   Data           8  fiuhostdataanalysis.o(.data)
    P2                                       0x20000080   Data           8  fiuhostdataanalysis.o(.data)
    P3_0                                     0x20000088   Data           2  fiuhostdataanalysis.o(.data)
    P3_1                                     0x2000008a   Data           2  fiuhostdataanalysis.o(.data)
    P3_2                                     0x2000008c   Data           2  fiuhostdataanalysis.o(.data)
    P3_3                                     0x2000008e   Data           2  fiuhostdataanalysis.o(.data)
    P4_0                                     0x20000090   Data           2  fiuhostdataanalysis.o(.data)
    P4_1                                     0x20000092   Data           2  fiuhostdataanalysis.o(.data)
    g_Ptime                                  0x20000094   Data           2  fiuhostdataanalysis.o(.data)
    g_Pfreq                                  0x20000096   Data           1  fiuhostdataanalysis.o(.data)
    g_Pduty                                  0x20000097   Data           1  fiuhostdataanalysis.o(.data)
    g_CRC                                    0x20000098   Data           1  fiuhostdataanalysis.o(.data)
    g_Cmd3Err3Cnt                            0x20000099   Data           1  fiuhostdataanalysis.o(.data)
    g_workStatus                             0x2000009a   Data           1  fiuhostdataanalysis.o(.data)
    g_bLoose                                 0x2000009b   Data           1  fiuhostdataanalysis.o(.data)
    g_bFreq                                  0x2000009c   Data           1  fiuhostdataanalysis.o(.data)
    g_bDuty                                  0x2000009d   Data           1  fiuhostdataanalysis.o(.data)
    g_bTime                                  0x2000009e   Data           1  fiuhostdataanalysis.o(.data)
    g_HostConfigPass                         0x2000009f   Data           1  fiuhostdataanalysis.o(.data)
    g_SendTxcmd                              0x200000a0   Data           1  fiuhostdataanalysis.o(.data)
    FIU_CurCmd                               0x200000a1   Data           1  fiuhostdataanalysis.o(.data)
    FIU_Cmd0_CurErrorType                    0x200000a2   Data           1  fiuhostdataanalysis.o(.data)
    FIU_Cmd1_Flag                            0x200000a3   Data           1  fiuhostdataanalysis.o(.data)
    FIU_Cmd2_Flag                            0x200000a4   Data           1  fiuhostdataanalysis.o(.data)
    FIU_Cmd2_ErrorType0Flag                  0x200000a5   Data           1  fiuhostdataanalysis.o(.data)
    FIU_Cmd2_ErrorType0FlagWithLoadFlag      0x200000a6   Data           1  fiuhostdataanalysis.o(.data)
    FIU_Cmd2_ErrorType0Cnt                   0x200000a7   Data           1  fiuhostdataanalysis.o(.data)
    FIU_Cmd3_Flag                            0x200000a8   Data           1  fiuhostdataanalysis.o(.data)
    FIU_Cmd3_ErrorType3Flag                  0x200000a9   Data           1  fiuhostdataanalysis.o(.data)
    FIU_Cmd3_ErrorType3Cnt                   0x200000aa   Data           1  fiuhostdataanalysis.o(.data)
    FIU_Cmd4_FreqDutyFlag                    0x200000ab   Data           1  fiuhostdataanalysis.o(.data)
    FIU_Cmd4_ResistanceFlag                  0x200000ac   Data           1  fiuhostdataanalysis.o(.data)
    FIU_Cmd2_Err0                            0x200000ad   Data           1  fiuhostdataanalysis.o(.data)
    g_WorkMode                               0x200000ae   Data           1  fiuhostdataanalysis.o(.data)
    DataRead                                 0x200000af   Data           3  fiuprocess.o(.data)
    utemp1                                   0x200000b2   Data           1  fiuprocess.o(.data)
    uKstdSetChan                             0x200000b3   Data           1  fiuprocess.o(.data)
    uKsmnSetChan                             0x200000b4   Data           1  fiuprocess.o(.data)
    uFaultModePreStatus                      0x200000b5   Data           1  fiuprocess.o(.data)
    uFaultModeNowStatus                      0x200000b6   Data           1  fiuprocess.o(.data)
    uFaultModeStatus                         0x200000b7   Data           1  fiuprocess.o(.data)
    g_RemoteCanId                            0x200000b8   Data           4  can.o(.data)
    g_LocalCanId_r                           0x200000bc   Data           4  can.o(.data)
    mallco_dev                               0x200000c0   Data          36  malloc.o(.data)
    ARPTimer                                 0x200000e4   Data           4  lwip_comm.o(.data)
    TCPIP_THREAD_TASK_STK                    0x200000e8   Data           4  lwip_comm.o(.data)
    LWIP_DHCP_TASK_STK                       0x200000ec   Data           4  lwip_comm.o(.data)
    current_netif                            0x20000100   Data           4  ip.o(.data)
    current_header                           0x20000104   Data           4  ip.o(.data)
    current_iphdr_src                        0x20000108   Data           4  ip.o(.data)
    current_iphdr_dest                       0x2000010c   Data           4  ip.o(.data)
    ram_heap                                 0x2000011c   Data           4  mem.o(.data)
    memp_memory                              0x20000160   Data           4  memp.o(.data)
    netif_list                               0x20000164   Data           4  netif.o(.data)
    netif_default                            0x20000168   Data           4  netif.o(.data)
    udp_pcbs                                 0x2000017c   Data           4  udp.o(.data)
    OSCtxSwCtr                               0x2000018c   Data           4  os_core.o(.data)
    OSEventFreeList                          0x20000190   Data           4  os_core.o(.data)
    OSFlagFreeList                           0x20000194   Data           4  os_core.o(.data)
    OSCPUUsage                               0x20000198   Data           1  os_core.o(.data)
    OSIdleCtrMax                             0x2000019c   Data           4  os_core.o(.data)
    OSIdleCtrRun                             0x200001a0   Data           4  os_core.o(.data)
    OSStatRdy                                0x200001a4   Data           1  os_core.o(.data)
    OSIntNesting                             0x200001a5   Data           1  os_core.o(.data)
    OSLockNesting                            0x200001a6   Data           1  os_core.o(.data)
    OSPrioCur                                0x200001a7   Data           1  os_core.o(.data)
    OSPrioHighRdy                            0x200001a8   Data           1  os_core.o(.data)
    OSRdyGrp                                 0x200001a9   Data           1  os_core.o(.data)
    OSRdyTbl                                 0x200001aa   Data           8  os_core.o(.data)
    OSRunning                                0x200001b2   Data           1  os_core.o(.data)
    OSTaskCtr                                0x200001b3   Data           1  os_core.o(.data)
    OSIdleCtr                                0x200001b4   Data           4  os_core.o(.data)
    OSTCBCur                                 0x200001b8   Data           4  os_core.o(.data)
    OSTCBFreeList                            0x200001bc   Data           4  os_core.o(.data)
    OSTCBHighRdy                             0x200001c0   Data           4  os_core.o(.data)
    OSTCBList                                0x200001c4   Data           4  os_core.o(.data)
    OSTickStepState                          0x200001c8   Data           1  os_core.o(.data)
    OSQFreeList                              0x200001cc   Data           4  os_core.o(.data)
    OSTaskRegNextAvailID                     0x200001d0   Data           1  os_core.o(.data)
    OSTime                                   0x200001d4   Data           4  os_core.o(.data)
    OS_CPU_ExceptStkBase                     0x200001d8   Data           4  os_cpu_c.o(.data)
    g_arMcuInfoData                          0x200001dc   Data         200  main.o(.bss)
    CAN_TASK_STK                             0x200002a4   Data         512  main.o(.bss)
    LED_TASK_STK                             0x200004a4   Data        1024  main.o(.bss)
    NETINIT_TASK_STK                         0x200008a4   Data        8072  main.o(.bss)
    START_TASK_STK                           0x2000282c   Data        2048  main.o(.bss)
    g_MCUinfo                                0x2000302c   Data         104  mulcast.o(.bss)
    pFlash                                   0x20003094   Data          32  stm32f4xx_hal_flash.o(.bss)
    USART_RX_BUF                             0x200030b4   Data         200  usart.o(.bss)
    UART1_Handler                            0x2000317c   Data          64  usart.o(.bss)
    SDRAM_Handler                            0x200031bc   Data          52  sdram.o(.bss)
    ETH_Handler                              0x200031f0   Data          72  lan8720.o(.bss)
    TIM10_Handler                            0x20003238   Data          60  timer.o(.bss)
    TIM10_CH1Handler                         0x20003274   Data          28  timer.o(.bss)
    TIM2_Handler                             0x20003290   Data          60  timer.o(.bss)
    g_FiuByte17Data                          0x200032cc   Data          17  fiuhostdataanalysis.o(.bss)
    g_HOSTCANDATABUF                         0x200032dd   Data         200  fiuhostdataanalysis.o(.bss)
    g_HostConfigErr                          0x200033a5   Data          80  fiuhostdataanalysis.o(.bss)
    FIU_Cmd0_CurPinFlag                      0x200033f5   Data          80  fiuhostdataanalysis.o(.bss)
    uKasuStatus                              0x20003446   Data          72  fiuprocess.o(.bss)
    uKamnStatus                              0x2000348e   Data          72  fiuprocess.o(.bss)
    uDqStatus                                0x200034d6   Data          28  fiuprocess.o(.bss)
    uResistance                              0x200034f2   Data          30  fiuprocess.o(.bss)
    uFiuCom_buf                              0x20003510   Data          17  fiuprocess.o(.bss)
    CAN1_Handler                             0x20003524   Data          64  can.o(.bss)
    TxMessage                                0x20003564   Data          28  can.o(.bss)
    RxMessage                                0x20003580   Data          36  can.o(.bss)
    mem1base                                 0x200035c0   Data       102400  malloc.o(.bss)
    mem1mapbase                              0x2001c5c0   Data        6400  malloc.o(.bss)
    lwipdev                                  0x2001dec0   Data          23  lwip_comm.o(.bss)
    lwip_netif                               0x2001ded8   Data          52  lwip_comm.o(.bss)
    OSEventTbl                               0x2001e004   Data         480  os_core.o(.bss)
    OSFlagTbl                                0x2001e1e4   Data          80  os_core.o(.bss)
    OSTaskStatStk                            0x2001e234   Data         512  os_core.o(.bss)
    OSTaskIdleStk                            0x2001e434   Data         512  os_core.o(.bss)
    OSTCBPrioTbl                             0x2001e634   Data         256  os_core.o(.bss)
    OSTCBTbl                                 0x2001e734   Data        1936  os_core.o(.bss)
    OSQTbl                                   0x2001eec4   Data          96  os_core.o(.bss)
    OS_CPU_ExceptStk                         0x2001ef24   Data         512  os_cpu_c.o(.bss)
    _random_number_data                      0x2001f124   Data         228  rand.o(.bss)
    __libspace_start                         0x2001f208   Data          96  libspace.o(.bss)
    __temporary_stack_top$libspace           0x2001f268   Data           0  libspace.o(.bss)
    mem2base                                 0xc01f4000   Data       29605888  malloc.o(.ARM.__AT_0xC01F4000)
    mem2mapbase                              0xc1e30000   Data       1850368  malloc.o(.ARM.__AT_0xC1E30000)



==============================================================================

Memory Map of the image

  Image Entry point : 0x080001ad

  Load Region LR_IROM1 (Base: 0x08000000, Size: 0x000115e0, Max: 0x00100000, ABSOLUTE, COMPRESSED[0x00011474])

    Execution Region ER_IROM1 (Base: 0x08000000, Size: 0x00011404, Max: 0x00100000, ABSOLUTE)

    Base Addr    Size         Type   Attr      Idx    E Section Name        Object

    0x08000000   0x000001ac   Data   RO          789    RESET               startup_stm32f429xx.o
    0x080001ac   0x00000008   Code   RO         9177  * !!!main             c_w.l(__main.o)
    0x080001b4   0x00000034   Code   RO         9473    !!!scatter          c_w.l(__scatter.o)
    0x080001e8   0x0000005a   Code   RO         9471    !!dczerorl2         c_w.l(__dczerorl2.o)
    0x08000242   0x00000002   PAD
    0x08000244   0x0000001c   Code   RO         9475    !!handler_zi        c_w.l(__scatter_zi.o)
    0x08000260   0x00000000   Code   RO         9157    .ARM.Collect$$_printf_percent$$00000000  c_w.l(_printf_percent.o)
    0x08000260   0x00000006   Code   RO         9156    .ARM.Collect$$_printf_percent$$00000009  c_w.l(_printf_d.o)
    0x08000266   0x00000006   Code   RO         9155    .ARM.Collect$$_printf_percent$$0000000C  c_w.l(_printf_x.o)
    0x0800026c   0x00000006   Code   RO         9154    .ARM.Collect$$_printf_percent$$00000014  c_w.l(_printf_s.o)
    0x08000272   0x00000004   Code   RO         9223    .ARM.Collect$$_printf_percent$$00000017  c_w.l(_printf_percent_end.o)
    0x08000276   0x00000002   Code   RO         9396    .ARM.Collect$$libinit$$00000000  c_w.l(libinit.o)
    0x08000278   0x00000004   Code   RO         9229    .ARM.Collect$$libinit$$00000001  c_w.l(libinit2.o)
    0x0800027c   0x00000000   Code   RO         9232    .ARM.Collect$$libinit$$00000004  c_w.l(libinit2.o)
    0x0800027c   0x00000000   Code   RO         9235    .ARM.Collect$$libinit$$0000000A  c_w.l(libinit2.o)
    0x0800027c   0x00000000   Code   RO         9237    .ARM.Collect$$libinit$$0000000C  c_w.l(libinit2.o)
    0x0800027c   0x00000004   Code   RO         9238    .ARM.Collect$$libinit$$0000000D  c_w.l(libinit2.o)
    0x08000280   0x00000000   Code   RO         9239    .ARM.Collect$$libinit$$0000000E  c_w.l(libinit2.o)
    0x08000280   0x00000000   Code   RO         9242    .ARM.Collect$$libinit$$00000011  c_w.l(libinit2.o)
    0x08000280   0x00000000   Code   RO         9244    .ARM.Collect$$libinit$$00000013  c_w.l(libinit2.o)
    0x08000280   0x00000000   Code   RO         9246    .ARM.Collect$$libinit$$00000015  c_w.l(libinit2.o)
    0x08000280   0x00000000   Code   RO         9248    .ARM.Collect$$libinit$$00000017  c_w.l(libinit2.o)
    0x08000280   0x00000000   Code   RO         9250    .ARM.Collect$$libinit$$00000019  c_w.l(libinit2.o)
    0x08000280   0x00000000   Code   RO         9252    .ARM.Collect$$libinit$$0000001B  c_w.l(libinit2.o)
    0x08000280   0x00000000   Code   RO         9254    .ARM.Collect$$libinit$$0000001D  c_w.l(libinit2.o)
    0x08000280   0x00000000   Code   RO         9256    .ARM.Collect$$libinit$$0000001F  c_w.l(libinit2.o)
    0x08000280   0x00000000   Code   RO         9258    .ARM.Collect$$libinit$$00000021  c_w.l(libinit2.o)
    0x08000280   0x00000000   Code   RO         9260    .ARM.Collect$$libinit$$00000023  c_w.l(libinit2.o)
    0x08000280   0x00000000   Code   RO         9262    .ARM.Collect$$libinit$$00000025  c_w.l(libinit2.o)
    0x08000280   0x00000000   Code   RO         9266    .ARM.Collect$$libinit$$0000002C  c_w.l(libinit2.o)
    0x08000280   0x00000000   Code   RO         9268    .ARM.Collect$$libinit$$0000002E  c_w.l(libinit2.o)
    0x08000280   0x00000000   Code   RO         9270    .ARM.Collect$$libinit$$00000030  c_w.l(libinit2.o)
    0x08000280   0x00000000   Code   RO         9272    .ARM.Collect$$libinit$$00000032  c_w.l(libinit2.o)
    0x08000280   0x00000002   Code   RO         9273    .ARM.Collect$$libinit$$00000033  c_w.l(libinit2.o)
    0x08000282   0x00000002   Code   RO         9439    .ARM.Collect$$libshutdown$$00000000  c_w.l(libshutdown.o)
    0x08000284   0x00000000   Code   RO         9456    .ARM.Collect$$libshutdown$$00000003  c_w.l(libshutdown2.o)
    0x08000284   0x00000000   Code   RO         9459    .ARM.Collect$$libshutdown$$00000006  c_w.l(libshutdown2.o)
    0x08000284   0x00000000   Code   RO         9462    .ARM.Collect$$libshutdown$$00000009  c_w.l(libshutdown2.o)
    0x08000284   0x00000000   Code   RO         9464    .ARM.Collect$$libshutdown$$0000000B  c_w.l(libshutdown2.o)
    0x08000284   0x00000000   Code   RO         9467    .ARM.Collect$$libshutdown$$0000000E  c_w.l(libshutdown2.o)
    0x08000284   0x00000002   Code   RO         9468    .ARM.Collect$$libshutdown$$0000000F  c_w.l(libshutdown2.o)
    0x08000286   0x00000000   Code   RO         9205    .ARM.Collect$$rtentry$$00000000  c_w.l(__rtentry.o)
    0x08000286   0x00000000   Code   RO         9336    .ARM.Collect$$rtentry$$00000002  c_w.l(__rtentry2.o)
    0x08000286   0x00000006   Code   RO         9348    .ARM.Collect$$rtentry$$00000004  c_w.l(__rtentry4.o)
    0x0800028c   0x00000000   Code   RO         9338    .ARM.Collect$$rtentry$$00000009  c_w.l(__rtentry2.o)
    0x0800028c   0x00000004   Code   RO         9339    .ARM.Collect$$rtentry$$0000000A  c_w.l(__rtentry2.o)
    0x08000290   0x00000000   Code   RO         9341    .ARM.Collect$$rtentry$$0000000C  c_w.l(__rtentry2.o)
    0x08000290   0x00000008   Code   RO         9342    .ARM.Collect$$rtentry$$0000000D  c_w.l(__rtentry2.o)
    0x08000298   0x00000002   Code   RO         9403    .ARM.Collect$$rtexit$$00000000  c_w.l(rtexit.o)
    0x0800029a   0x00000000   Code   RO         9421    .ARM.Collect$$rtexit$$00000002  c_w.l(rtexit2.o)
    0x0800029a   0x00000004   Code   RO         9422    .ARM.Collect$$rtexit$$00000003  c_w.l(rtexit2.o)
    0x0800029e   0x00000006   Code   RO         9423    .ARM.Collect$$rtexit$$00000004  c_w.l(rtexit2.o)
    0x080002a4   0x00000010   Code   RO         4203    .emb_text           sys.o
    0x080002b4   0x00000034   Code   RO         9158    .emb_text           c_w.l(rand.o)
    0x080002e8   0x00000068   Code   RO          790    .text               startup_stm32f429xx.o
    0x08000350   0x000000dc   Code   RO         9024    .text               os_cpu_a.o
    0x0800042c   0x00000002   Code   RO         9095    .text               c_w.l(use_no_semi_2.o)
    0x0800042e   0x00000002   PAD
    0x08000430   0x00000018   Code   RO         9103    .text               c_w.l(noretval__2printf.o)
    0x08000448   0x0000004e   Code   RO         9107    .text               c_w.l(_printf_pad.o)
    0x08000496   0x00000052   Code   RO         9109    .text               c_w.l(_printf_str.o)
    0x080004e8   0x00000078   Code   RO         9111    .text               c_w.l(_printf_dec.o)
    0x08000560   0x00000058   Code   RO         9116    .text               c_w.l(_printf_hex_int.o)
    0x080005b8   0x00000138   Code   RO         9146    .text               c_w.l(__printf_flags_wp.o)
    0x080006f0   0x0000003c   Code   RO         9159    .text               c_w.l(rand.o)
    0x0800072c   0x00000058   Code   RO         9163    .text               c_w.l(memcmp.o)
    0x08000784   0x00000048   Code   RO         9165    .text               c_w.l(strcpy.o)
    0x080007cc   0x0000008a   Code   RO         9169    .text               c_w.l(rt_memcpy_v6.o)
    0x08000856   0x00000044   Code   RO         9171    .text               c_w.l(rt_memclr.o)
    0x0800089a   0x0000004e   Code   RO         9173    .text               c_w.l(rt_memclr_w.o)
    0x080008e8   0x00000006   Code   RO         9175    .text               c_w.l(heapauxi.o)
    0x080008ee   0x00000002   Code   RO         9203    .text               c_w.l(use_no_semi.o)
    0x080008f0   0x000000b2   Code   RO         9217    .text               c_w.l(_printf_intcommon.o)
    0x080009a2   0x0000002c   Code   RO         9219    .text               c_w.l(_printf_char.o)
    0x080009ce   0x00000002   PAD
    0x080009d0   0x00000024   Code   RO         9221    .text               c_w.l(_printf_char_file.o)
    0x080009f4   0x00000064   Code   RO         9227    .text               c_w.l(rt_memcpy_w.o)
    0x08000a58   0x00000008   Code   RO         9332    .text               c_w.l(libspace.o)
    0x08000a60   0x00000030   Code   RO         9357    .text               c_w.l(_printf_char_common.o)
    0x08000a90   0x00000008   Code   RO         9359    .text               c_w.l(ferror.o)
    0x08000a98   0x0000004a   Code   RO         9377    .text               c_w.l(sys_stackheap_outer.o)
    0x08000ae2   0x0000000c   Code   RO         9381    .text               c_w.l(exit.o)
    0x08000aee   0x00000002   Code   RO         9030    i.App_TCBInitHook   app_hooks.o
    0x08000af0   0x00000002   Code   RO         9031    i.App_TaskCreateHook  app_hooks.o
    0x08000af2   0x00000002   Code   RO         9032    i.App_TaskDelHook   app_hooks.o
    0x08000af4   0x00000002   Code   RO         9033    i.App_TaskIdleHook  app_hooks.o
    0x08000af6   0x00000002   Code   RO         9034    i.App_TaskReturnHook  app_hooks.o
    0x08000af8   0x00000002   Code   RO         9035    i.App_TaskStatHook  app_hooks.o
    0x08000afa   0x00000002   Code   RO         9036    i.App_TaskSwHook    app_hooks.o
    0x08000afc   0x00000002   Code   RO         9037    i.App_TimeTickHook  app_hooks.o
    0x08000afe   0x00000004   Code   RO          418    i.BusFault_Handler  stm32f4xx_it.o
    0x08000b02   0x00000002   PAD
    0x08000b04   0x0000008c   Code   RO         4957    i.CAN1_Mode_Init    can.o
    0x08000b90   0x00000010   Code   RO         4958    i.CAN1_RX0_IRQHandler  can.o
    0x08000ba0   0x00000068   Code   RO         4960    i.CAN1_Send_Msg     can.o
    0x08000c08   0x000001a8   Code   RO         4011    i.CAN_Receive_IT    stm32f4xx_hal_can.o
    0x08000db0   0x00000074   Code   RO         4012    i.CAN_Transmit_IT   stm32f4xx_hal_can.o
    0x08000e24   0x00000008   Code   RO            4    i.CanDataDealTask   main.o
    0x08000e2c   0x000000d0   Code   RO            5    i.CanModifiedCheck  main.o
    0x08000efc   0x00000054   Code   RO         4691    i.DataAtPxToFiuBytes17  fiuhostdataanalysis.o
    0x08000f50   0x00000002   Code   RO          419    i.DebugMon_Handler  stm32f4xx_it.o
    0x08000f52   0x00000016   Code   RO         3551    i.ETH_DMAReceptionEnable  stm32f4xx_hal_eth.o
    0x08000f68   0x00000016   Code   RO         3553    i.ETH_DMATransmissionEnable  stm32f4xx_hal_eth.o
    0x08000f7e   0x00000038   Code   RO         3554    i.ETH_FlushTransmitFIFO  stm32f4xx_hal_eth.o
    0x08000fb6   0x00000024   Code   RO         4488    i.ETH_GetRxPktSize  lan8720.o
    0x08000fda   0x00000002   PAD
    0x08000fdc   0x0000003c   Code   RO         4489    i.ETH_IRQHandler    lan8720.o
    0x08001018   0x00000034   Code   RO         3555    i.ETH_MACAddressConfig  stm32f4xx_hal_eth.o
    0x0800104c   0x00000248   Code   RO         3556    i.ETH_MACDMAConfig  stm32f4xx_hal_eth.o
    0x08001294   0x00000028   Code   RO         3558    i.ETH_MACReceptionEnable  stm32f4xx_hal_eth.o
    0x080012bc   0x00000028   Code   RO         3560    i.ETH_MACTransmissionEnable  stm32f4xx_hal_eth.o
    0x080012e4   0x0000003c   Code   RO         4490    i.ETH_Mem_Free      lan8720.o
    0x08001320   0x00000054   Code   RO         4491    i.ETH_Mem_Malloc    lan8720.o
    0x08001374   0x00000024   Code   RO         4692    i.ErrorNumInit      fiuhostdataanalysis.o
    0x08001398   0x00000064   Code   RO            6    i.Error_loop        main.o
    0x080013fc   0x00000048   Code   RO         5100    i.EthMemAlloc       lwip_comm.o
    0x08001444   0x00000090   Code   RO         4693    i.FIU_Cmd0_CurPinFlag_init  fiuhostdataanalysis.o
    0x080014d4   0x0000006c   Code   RO         3861    i.FLASH_Erase_Sector  stm32f4xx_hal_flash_ex.o
    0x08001540   0x00000078   Code   RO         3862    i.FLASH_FlushCaches  stm32f4xx_hal_flash_ex.o
    0x080015b8   0x0000005c   Code   RO         3863    i.FLASH_MassErase   stm32f4xx_hal_flash_ex.o
    0x08001614   0x00000024   Code   RO         3743    i.FLASH_Program_Byte  stm32f4xx_hal_flash.o
    0x08001638   0x0000002c   Code   RO         3744    i.FLASH_Program_DoubleWord  stm32f4xx_hal_flash.o
    0x08001664   0x00000028   Code   RO         3745    i.FLASH_Program_HalfWord  stm32f4xx_hal_flash.o
    0x0800168c   0x00000028   Code   RO         3746    i.FLASH_Program_Word  stm32f4xx_hal_flash.o
    0x080016b4   0x000000b4   Code   RO         3747    i.FLASH_SetErrorCode  stm32f4xx_hal_flash.o
    0x08001768   0x00000070   Code   RO         3748    i.FLASH_WaitForLastOperation  stm32f4xx_hal_flash.o
    0x080017d8   0x00000074   Code   RO         2971    i.FMC_SDRAM_Init    stm32f4xx_ll_fmc.o
    0x0800184c   0x0000000e   Code   RO         2972    i.FMC_SDRAM_ProgramRefreshRate  stm32f4xx_ll_fmc.o
    0x0800185a   0x00000052   Code   RO         2973    i.FMC_SDRAM_SendCommand  stm32f4xx_ll_fmc.o
    0x080018ac   0x00000098   Code   RO         2975    i.FMC_SDRAM_Timing_Init  stm32f4xx_ll_fmc.o
    0x08001944   0x00000084   Code   RO         4802    i.FiuCom_Process    fiuprocess.o
    0x080019c8   0x00000028   Code   RO          624    i.FiuRelayPinActive  udpecho.o
    0x080019f0   0x000000dc   Code   RO            7    i.Fuse_check        main.o
    0x08001acc   0x0000000c   Code   RO         4694    i.GlobalDataInit    fiuhostdataanalysis.o
    0x08001ad8   0x0000012c   Code   RO         4013    i.HAL_CAN_ConfigFilter  stm32f4xx_hal_can.o
    0x08001c04   0x00000002   Code   RO         4015    i.HAL_CAN_ErrorCallback  stm32f4xx_hal_can.o
    0x08001c06   0x00000002   PAD
    0x08001c08   0x000001cc   Code   RO         4018    i.HAL_CAN_IRQHandler  stm32f4xx_hal_can.o
    0x08001dd4   0x000001c0   Code   RO         4019    i.HAL_CAN_Init      stm32f4xx_hal_can.o
    0x08001f94   0x00000098   Code   RO         4961    i.HAL_CAN_MspInit   can.o
    0x0800202c   0x00000084   Code   RO         4962    i.HAL_CAN_RxCpltCallback  can.o
    0x080020b0   0x00000260   Code   RO         4026    i.HAL_CAN_Transmit  stm32f4xx_hal_can.o
    0x08002310   0x00000002   Code   RO         4028    i.HAL_CAN_TxCpltCallback  stm32f4xx_hal_can.o
    0x08002312   0x0000001a   Code   RO          804    i.HAL_Delay         stm32f4xx_hal.o
    0x0800232c   0x0000008c   Code   RO         3563    i.HAL_ETH_DMARxDescListInit  stm32f4xx_hal_eth.o
    0x080023b8   0x00000084   Code   RO         3564    i.HAL_ETH_DMATxDescListInit  stm32f4xx_hal_eth.o
    0x0800243c   0x000000b2   Code   RO         3567    i.HAL_ETH_GetReceivedFrame  stm32f4xx_hal_eth.o
    0x080024ee   0x00000002   PAD
    0x080024f0   0x000002c0   Code   RO         3571    i.HAL_ETH_Init      stm32f4xx_hal_eth.o
    0x080027b0   0x0000014c   Code   RO         4492    i.HAL_ETH_MspInit   lan8720.o
    0x080028fc   0x00000090   Code   RO         3574    i.HAL_ETH_ReadPHYRegister  stm32f4xx_hal_eth.o
    0x0800298c   0x00000052   Code   RO         3576    i.HAL_ETH_Start     stm32f4xx_hal_eth.o
    0x080029de   0x0000013e   Code   RO         3578    i.HAL_ETH_TransmitFrame  stm32f4xx_hal_eth.o
    0x08002b1c   0x00000090   Code   RO         3580    i.HAL_ETH_WritePHYRegister  stm32f4xx_hal_eth.o
    0x08002bac   0x000000b0   Code   RO         3878    i.HAL_FLASHEx_Erase  stm32f4xx_hal_flash_ex.o
    0x08002c5c   0x00000014   Code   RO         3752    i.HAL_FLASH_Lock    stm32f4xx_hal_flash.o
    0x08002c70   0x00000098   Code   RO         3757    i.HAL_FLASH_Program  stm32f4xx_hal_flash.o
    0x08002d08   0x0000002c   Code   RO         3759    i.HAL_FLASH_Unlock  stm32f4xx_hal_flash.o
    0x08002d34   0x0000021c   Code   RO         1086    i.HAL_GPIO_Init     stm32f4xx_hal_gpio.o
    0x08002f50   0x00000010   Code   RO         1088    i.HAL_GPIO_ReadPin  stm32f4xx_hal_gpio.o
    0x08002f60   0x0000000c   Code   RO         1090    i.HAL_GPIO_WritePin  stm32f4xx_hal_gpio.o
    0x08002f6c   0x0000000c   Code   RO          812    i.HAL_GetTick       stm32f4xx_hal.o
    0x08002f78   0x00000010   Code   RO          813    i.HAL_IncTick       stm32f4xx_hal.o
    0x08002f88   0x0000003c   Code   RO          814    i.HAL_Init          stm32f4xx_hal.o
    0x08002fc4   0x00000024   Code   RO          815    i.HAL_InitTick      stm32f4xx_hal.o
    0x08002fe8   0x0000000a   Code   RO          817    i.HAL_MspInit       stm32f4xx_hal.o
    0x08002ff2   0x0000001a   Code   RO          958    i.HAL_NVIC_EnableIRQ  stm32f4xx_hal_cortex.o
    0x0800300c   0x0000007c   Code   RO          964    i.HAL_NVIC_SetPriority  stm32f4xx_hal_cortex.o
    0x08003088   0x00000028   Code   RO          965    i.HAL_NVIC_SetPriorityGrouping  stm32f4xx_hal_cortex.o
    0x080030b0   0x00000044   Code   RO          966    i.HAL_NVIC_SystemReset  stm32f4xx_hal_cortex.o
    0x080030f4   0x000000a4   Code   RO         1275    i.HAL_PWREx_EnableOverDrive  stm32f4xx_hal_pwr_ex.o
    0x08003198   0x000002b0   Code   RO         1342    i.HAL_RCC_ClockConfig  stm32f4xx_hal_rcc.o
    0x08003448   0x00000038   Code   RO         1347    i.HAL_RCC_GetHCLKFreq  stm32f4xx_hal_rcc.o
    0x08003480   0x0000002c   Code   RO         1349    i.HAL_RCC_GetPCLK1Freq  stm32f4xx_hal_rcc.o
    0x080034ac   0x0000002c   Code   RO         1350    i.HAL_RCC_GetPCLK2Freq  stm32f4xx_hal_rcc.o
    0x080034d8   0x000000b4   Code   RO         1351    i.HAL_RCC_GetSysClockFreq  stm32f4xx_hal_rcc.o
    0x0800358c   0x00000408   Code   RO         1354    i.HAL_RCC_OscConfig  stm32f4xx_hal_rcc.o
    0x08003994   0x00000040   Code   RO         3257    i.HAL_SDRAM_Init    stm32f4xx_hal_sdram.o
    0x080039d4   0x00000134   Code   RO         4322    i.HAL_SDRAM_MspInit  sdram.o
    0x08003b08   0x00000028   Code   RO         3260    i.HAL_SDRAM_ProgramRefreshRate  stm32f4xx_hal_sdram.o
    0x08003b30   0x0000003a   Code   RO         3266    i.HAL_SDRAM_SendCommand  stm32f4xx_hal_sdram.o
    0x08003b6a   0x00000028   Code   RO          967    i.HAL_SYSTICK_CLKSourceConfig  stm32f4xx_hal_cortex.o
    0x08003b92   0x00000034   Code   RO          969    i.HAL_SYSTICK_Config  stm32f4xx_hal_cortex.o
    0x08003bc6   0x00000002   Code   RO         2712    i.HAL_TIMEx_BreakCallback  stm32f4xx_hal_tim_ex.o
    0x08003bc8   0x00000002   Code   RO         2713    i.HAL_TIMEx_CommutationCallback  stm32f4xx_hal_tim_ex.o
    0x08003bca   0x00000046   Code   RO         2071    i.HAL_TIM_Base_DeInit  stm32f4xx_hal_tim.o
    0x08003c10   0x00000034   Code   RO         2073    i.HAL_TIM_Base_Init  stm32f4xx_hal_tim.o
    0x08003c44   0x00000002   Code   RO         2074    i.HAL_TIM_Base_MspDeInit  stm32f4xx_hal_tim.o
    0x08003c46   0x00000002   PAD
    0x08003c48   0x00000044   Code   RO         4572    i.HAL_TIM_Base_MspInit  timer.o
    0x08003c8c   0x0000001e   Code   RO         2078    i.HAL_TIM_Base_Start_IT  stm32f4xx_hal_tim.o
    0x08003caa   0x00000038   Code   RO         2081    i.HAL_TIM_Base_Stop_IT  stm32f4xx_hal_tim.o
    0x08003ce2   0x00000002   Code   RO         2102    i.HAL_TIM_IC_CaptureCallback  stm32f4xx_hal_tim.o
    0x08003ce4   0x00000196   Code   RO         2115    i.HAL_TIM_IRQHandler  stm32f4xx_hal_tim.o
    0x08003e7a   0x00000002   Code   RO         2118    i.HAL_TIM_OC_DelayElapsedCallback  stm32f4xx_hal_tim.o
    0x08003e7c   0x00000108   Code   RO         2139    i.HAL_TIM_PWM_ConfigChannel  stm32f4xx_hal_tim.o
    0x08003f84   0x00000046   Code   RO         2140    i.HAL_TIM_PWM_DeInit  stm32f4xx_hal_tim.o
    0x08003fca   0x00000034   Code   RO         2142    i.HAL_TIM_PWM_Init  stm32f4xx_hal_tim.o
    0x08003ffe   0x00000002   Code   RO         2143    i.HAL_TIM_PWM_MspDeInit  stm32f4xx_hal_tim.o
    0x08004000   0x0000007c   Code   RO         4573    i.HAL_TIM_PWM_MspInit  timer.o
    0x0800407c   0x00000002   Code   RO         2145    i.HAL_TIM_PWM_PulseFinishedCallback  stm32f4xx_hal_tim.o
    0x0800407e   0x00000002   PAD
    0x08004080   0x0000004c   Code   RO         2146    i.HAL_TIM_PWM_Start  stm32f4xx_hal_tim.o
    0x080040cc   0x00000088   Code   RO         2149    i.HAL_TIM_PWM_Stop  stm32f4xx_hal_tim.o
    0x08004154   0x00000070   Code   RO         4574    i.HAL_TIM_PeriodElapsedCallback  timer.o
    0x080041c4   0x00000002   Code   RO         2156    i.HAL_TIM_TriggerCallback  stm32f4xx_hal_tim.o
    0x080041c6   0x00000002   Code   RO         1494    i.HAL_UART_ErrorCallback  stm32f4xx_hal_uart.o
    0x080041c8   0x00000008   Code   RO         1496    i.HAL_UART_GetState  stm32f4xx_hal_uart.o
    0x080041d0   0x00000130   Code   RO         1497    i.HAL_UART_IRQHandler  stm32f4xx_hal_uart.o
    0x08004300   0x0000006e   Code   RO         1498    i.HAL_UART_Init     stm32f4xx_hal_uart.o
    0x0800436e   0x00000002   PAD
    0x08004370   0x0000009c   Code   RO         4231    i.HAL_UART_MspInit  usart.o
    0x0800440c   0x00000086   Code   RO         1503    i.HAL_UART_Receive_IT  stm32f4xx_hal_uart.o
    0x08004492   0x00000002   PAD
    0x08004494   0x00000088   Code   RO         4232    i.HAL_UART_RxCpltCallback  usart.o
    0x0800451c   0x00000002   Code   RO         1509    i.HAL_UART_TxCpltCallback  stm32f4xx_hal_uart.o
    0x0800451e   0x00000002   PAD
    0x08004520   0x000000c0   Code   RO         4804    i.HI_FunRelay_Set   fiuprocess.o
    0x080045e0   0x000005a8   Code   RO         4805    i.HV_FunRelay_Set   fiuprocess.o
    0x08004b88   0x00000004   Code   RO          420    i.HardFault_Handler  stm32f4xx_it.o
    0x08004b8c   0x000004c4   Code   RO         4695    i.HostCanDataAnalysis  fiuhostdataanalysis.o
    0x08005050   0x00000418   Code   RO         4696    i.HostCanDataAnalysisNoLoopBuf  fiuhostdataanalysis.o
    0x08005468   0x00000384   Code   RO         4697    i.HostConfigCheck   fiuhostdataanalysis.o
    0x080057ec   0x00000050   Code   RO         4374    i.IIC_Ack           myiic.o
    0x0800583c   0x0000005c   Code   RO         4375    i.IIC_Init          myiic.o
    0x08005898   0x00000050   Code   RO         4376    i.IIC_NAck          myiic.o
    0x080058e8   0x0000006c   Code   RO         4377    i.IIC_Read_Byte     myiic.o
    0x08005954   0x00000068   Code   RO         4378    i.IIC_Send_Byte     myiic.o
    0x080059bc   0x0000004c   Code   RO         4379    i.IIC_Start         myiic.o
    0x08005a08   0x0000004c   Code   RO         4380    i.IIC_Stop          myiic.o
    0x08005a54   0x00000060   Code   RO         4381    i.IIC_Wait_Ack      myiic.o
    0x08005ab4   0x00000090   Code   RO         4698    i.InfModify         fiuhostdataanalysis.o
    0x08005b44   0x000000e0   Code   RO            8    i.IpModifiedCheck   main.o
    0x08005c24   0x00000094   Code   RO         4494    i.LAN8720_Init      lan8720.o
    0x08005cb8   0x00000564   Code   RO         4296    i.LED_Init          led.o
    0x0800621c   0x00000064   Code   RO         4699    i.McuFault64BitValuePinClr  fiuhostdataanalysis.o
    0x08006280   0x0000005c   Code   RO         4700    i.McuFault64BitValuePinSet  fiuhostdataanalysis.o
    0x080062dc   0x00000a6c   Code   RO         4701    i.McuGetHostConfigInfo  fiuhostdataanalysis.o
    0x08006d48   0x00000130   Code   RO          713    i.McuInfoInit       mulcast.o
    0x08006e78   0x00000004   Code   RO          421    i.MemManage_Handler  stm32f4xx_it.o
    0x08006e7c   0x000000a0   Code   RO          714    i.Multicast_Config  mulcast.o
    0x08006f1c   0x00000010   Code   RO          715    i.Multicast_Send    mulcast.o
    0x08006f2c   0x00000002   Code   RO          422    i.NMI_Handler       stm32f4xx_it.o
    0x08006f2e   0x00000002   PAD
    0x08006f30   0x00000010   Code   RO          971    i.NVIC_GetPriorityGrouping  stm32f4xx_hal_cortex.o
    0x08006f40   0x00000028   Code   RO          972    i.NVIC_SetPriority  stm32f4xx_hal_cortex.o
    0x08006f68   0x00000058   Code   RO         8248    i.OSEventNameSet    os_core.o
    0x08006fc0   0x0000002c   Code   RO         8250    i.OSInit            os_core.o
    0x08006fec   0x00000030   Code   RO         8920    i.OSInitHookBegin   os_cpu_c.o
    0x0800701c   0x00000002   Code   RO         8921    i.OSInitHookEnd     os_cpu_c.o
    0x0800701e   0x00000002   PAD
    0x08007020   0x00000024   Code   RO         8251    i.OSIntEnter        os_core.o
    0x08007044   0x00000090   Code   RO         8252    i.OSIntExit         os_core.o
    0x080070d4   0x000000a0   Code   RO         8648    i.OSQCreate         os_q.o
    0x08007174   0x00000124   Code   RO         8651    i.OSQPend           os_q.o
    0x08007298   0x00000072   Code   RO         8653    i.OSQPost           os_q.o
    0x0800730a   0x00000062   Code   RO         8656    i.OSQQuery          os_q.o
    0x0800736c   0x00000040   Code   RO         8253    i.OSSchedLock       os_core.o
    0x080073ac   0x00000060   Code   RO         8254    i.OSSchedUnlock     os_core.o
    0x0800740c   0x00000054   Code   RO         8720    i.OSSemCreate       os_sem.o
    0x08007460   0x000000f0   Code   RO         8722    i.OSSemPend         os_sem.o
    0x08007550   0x00000058   Code   RO         8724    i.OSSemPost         os_sem.o
    0x080075a8   0x00000048   Code   RO         8255    i.OSStart           os_core.o
    0x080075f0   0x0000004c   Code   RO         8256    i.OSStatInit        os_core.o
    0x0800763c   0x0000000c   Code   RO         8922    i.OSTCBInitHook     os_cpu_c.o
    0x08007648   0x000000a0   Code   RO         8774    i.OSTaskCreate      os_task.o
    0x080076e8   0x000000b8   Code   RO         8775    i.OSTaskCreateExt   os_task.o
    0x080077a0   0x0000000c   Code   RO         8923    i.OSTaskCreateHook  os_cpu_c.o
    0x080077ac   0x00000160   Code   RO         8776    i.OSTaskDel         os_task.o
    0x0800790c   0x0000000c   Code   RO         8924    i.OSTaskDelHook     os_cpu_c.o
    0x08007918   0x00000008   Code   RO         8925    i.OSTaskIdleHook    os_cpu_c.o
    0x08007920   0x00000070   Code   RO         8779    i.OSTaskNameSet     os_task.o
    0x08007990   0x0000000c   Code   RO         8926    i.OSTaskReturnHook  os_cpu_c.o
    0x0800799c   0x00000008   Code   RO         8927    i.OSTaskStatHook    os_cpu_c.o
    0x080079a4   0x00000088   Code   RO         8785    i.OSTaskStkChk      os_task.o
    0x08007a2c   0x00000228   Code   RO         8928    i.OSTaskStkInit     os_cpu_c.o
    0x08007c54   0x000000a8   Code   RO         8786    i.OSTaskSuspend     os_task.o
    0x08007cfc   0x0000003c   Code   RO         8929    i.OSTaskSwHook      os_cpu_c.o
    0x08007d38   0x00000078   Code   RO         8875    i.OSTimeDly         os_time.o
    0x08007db0   0x00000060   Code   RO         8876    i.OSTimeDlyHMSM     os_time.o
    0x08007e10   0x0000001c   Code   RO         8878    i.OSTimeGet         os_time.o
    0x08007e2c   0x000000ec   Code   RO         8257    i.OSTimeTick        os_core.o
    0x08007f18   0x00000008   Code   RO         8930    i.OSTimeTickHook    os_cpu_c.o
    0x08007f20   0x00000002   Code   RO         8259    i.OS_Dummy          os_core.o
    0x08007f22   0x00000002   PAD
    0x08007f24   0x00000090   Code   RO         8260    i.OS_EventTaskRdy   os_core.o
    0x08007fb4   0x0000002e   Code   RO         8261    i.OS_EventTaskRemove  os_core.o
    0x08007fe2   0x0000003a   Code   RO         8262    i.OS_EventTaskRemoveMulti  os_core.o
    0x0800801c   0x0000007c   Code   RO         8263    i.OS_EventTaskWait  os_core.o
    0x08008098   0x0000001c   Code   RO         8265    i.OS_EventWaitListInit  os_core.o
    0x080080b4   0x00000058   Code   RO         8468    i.OS_FlagInit       os_flag.o
    0x0800810c   0x00000024   Code   RO         8470    i.OS_FlagUnlink     os_flag.o
    0x08008130   0x00000060   Code   RO         8266    i.OS_InitEventList  os_core.o
    0x08008190   0x0000005c   Code   RO         8267    i.OS_InitMisc       os_core.o
    0x080081ec   0x00000044   Code   RO         8268    i.OS_InitRdyList    os_core.o
    0x08008230   0x00000080   Code   RO         8269    i.OS_InitTCBList    os_core.o
    0x080082b0   0x00000050   Code   RO         8270    i.OS_InitTaskIdle   os_core.o
    0x08008300   0x00000050   Code   RO         8271    i.OS_InitTaskStat   os_core.o
    0x08008350   0x00000012   Code   RO         8272    i.OS_MemClr         os_core.o
    0x08008362   0x00000002   PAD
    0x08008364   0x00000050   Code   RO         8657    i.OS_QInit          os_q.o
    0x080083b4   0x00000074   Code   RO         8274    i.OS_Sched          os_core.o
    0x08008428   0x0000002c   Code   RO         8275    i.OS_SchedNew       os_core.o
    0x08008454   0x00000140   Code   RO         8277    i.OS_TCBInit        os_core.o
    0x08008594   0x00000028   Code   RO         8278    i.OS_TaskIdle       os_core.o
    0x080085bc   0x00000018   Code   RO         8787    i.OS_TaskReturn     os_task.o
    0x080085d4   0x000000a0   Code   RO         8279    i.OS_TaskStat       os_core.o
    0x08008674   0x0000003c   Code   RO         8280    i.OS_TaskStatStkChk  os_core.o
    0x080086b0   0x0000001a   Code   RO         8788    i.OS_TaskStkClr     os_task.o
    0x080086ca   0x00000026   Code   RO         4440    i.PCF8574_Init      pcf8574.o
    0x080086f0   0x0000001a   Code   RO         4441    i.PCF8574_ReadBit   pcf8574.o
    0x0800870a   0x00000022   Code   RO         4442    i.PCF8574_ReadOneByte  pcf8574.o
    0x0800872c   0x00000026   Code   RO         4443    i.PCF8574_WriteBit  pcf8574.o
    0x08008752   0x00000028   Code   RO         4444    i.PCF8574_WriteOneByte  pcf8574.o
    0x0800877a   0x00000002   PAD
    0x0800877c   0x00000094   Code   RO         4702    i.P_init            fiuhostdataanalysis.o
    0x08008810   0x00000174   Code   RO         4807    i.Resistance_select  fiuprocess.o
    0x08008984   0x000000ac   Code   RO         4323    i.SDRAM_Init        sdram.o
    0x08008a30   0x00000048   Code   RO         4324    i.SDRAM_Send_Cmd    sdram.o
    0x08008a78   0x00000144   Code   RO         4640    i.STMFLASH_GetFlashSector  stmflash.o
    0x08008bbc   0x00000020   Code   RO         4641    i.STMFLASH_Read     stmflash.o
    0x08008bdc   0x00000006   Code   RO         4642    i.STMFLASH_ReadWord  stmflash.o
    0x08008be2   0x00000002   PAD
    0x08008be4   0x000000b4   Code   RO         4643    i.STMFLASH_Write    stmflash.o
    0x08008c98   0x00000002   Code   RO          423    i.SVC_Handler       stm32f4xx_it.o
    0x08008c9a   0x00000002   PAD
    0x08008c9c   0x00000384   Code   RO         4808    i.Sn74374_Clear0    fiuprocess.o
    0x08009020   0x00000016   Code   RO         4809    i.Sn74374_Set0      fiuprocess.o
    0x08009036   0x00000002   PAD
    0x08009038   0x000004d4   Code   RO         4810    i.Sn74374_fun       fiuprocess.o
    0x0800950c   0x000000b8   Code   RO         4204    i.Stm32_Clock_Init  sys.o
    0x080095c4   0x00000020   Code   RO         4141    i.SysTick_Handler   delay.o
    0x080095e4   0x00000064   Code   RO          489    i.SystemInit        system_stm32f4xx.o
    0x08009648   0x00000054   Code   RO         4575    i.TIM10_PWM_Init    timer.o
    0x0800969c   0x00000010   Code   RO         4576    i.TIM2_IRQHandler   timer.o
    0x080096ac   0x00000040   Code   RO         4577    i.TIM2_Init         timer.o
    0x080096ec   0x000000e4   Code   RO         2157    i.TIM_Base_SetConfig  stm32f4xx_hal_tim.o
    0x080097d0   0x0000001c   Code   RO         2158    i.TIM_CCxChannelCmd  stm32f4xx_hal_tim.o
    0x080097ec   0x00000070   Code   RO         2166    i.TIM_OC1_SetConfig  stm32f4xx_hal_tim.o
    0x0800985c   0x00000078   Code   RO         2167    i.TIM_OC2_SetConfig  stm32f4xx_hal_tim.o
    0x080098d4   0x00000078   Code   RO         2168    i.TIM_OC3_SetConfig  stm32f4xx_hal_tim.o
    0x0800994c   0x00000060   Code   RO         2169    i.TIM_OC4_SetConfig  stm32f4xx_hal_tim.o
    0x080099ac   0x00000030   Code   RO         1516    i.UART_EndTransmit_IT  stm32f4xx_hal_uart.o
    0x080099dc   0x000000bc   Code   RO         1517    i.UART_Receive_IT   stm32f4xx_hal_uart.o
    0x08009a98   0x00000224   Code   RO         1518    i.UART_SetConfig    stm32f4xx_hal_uart.o
    0x08009cbc   0x00000070   Code   RO         1519    i.UART_Transmit_IT  stm32f4xx_hal_uart.o
    0x08009d2c   0x00000058   Code   RO         4233    i.USART1_IRQHandler  usart.o
    0x08009d84   0x00000004   Code   RO          424    i.UsageFault_Handler  stm32f4xx_it.o
    0x08009d88   0x0000000a   Code   RO         4703    i.__set_FAULTMASK   fiuhostdataanalysis.o
    0x08009d92   0x0000000e   Code   RO         9144    i._is_digit         c_w.l(__printf_wp.o)
    0x08009da0   0x00000004   Code   RO         4234    i._sys_exit         usart.o
    0x08009da4   0x00000020   Code   RO         6463    i.arp_timer         timers.o
    0x08009dc4   0x00000100   Code   RO         4811    i.ddlgz_set         fiuprocess.o
    0x08009ec4   0x00000148   Code   RO         4812    i.ddlgz_two_set     fiuprocess.o
    0x0800a00c   0x000000dc   Code   RO         4813    i.ddltdgz_process   fiuprocess.o
    0x0800a0e8   0x00000044   Code   RO         4142    i.delay_init        delay.o
    0x0800a12c   0x00000050   Code   RO         4143    i.delay_ms          delay.o
    0x0800a17c   0x00000008   Code   RO         4144    i.delay_osschedlock  delay.o
    0x0800a184   0x00000008   Code   RO         4145    i.delay_osschedunlock  delay.o
    0x0800a18c   0x0000000c   Code   RO         4146    i.delay_ostimedly   delay.o
    0x0800a198   0x00000058   Code   RO         4147    i.delay_us          delay.o
    0x0800a1f0   0x000001c0   Code   RO         5209    i.etharp_arp_input  etharp.o
    0x0800a3b0   0x000002f0   Code   RO         5212    i.etharp_find_entry  etharp.o
    0x0800a6a0   0x00000078   Code   RO         5213    i.etharp_free_entry  etharp.o
    0x0800a718   0x00000208   Code   RO         5214    i.etharp_output     etharp.o
    0x0800a920   0x00000114   Code   RO         5215    i.etharp_output_to_arp_index  etharp.o
    0x0800aa34   0x00000278   Code   RO         5216    i.etharp_query      etharp.o
    0x0800acac   0x0000019c   Code   RO         5217    i.etharp_raw        etharp.o
    0x0800ae48   0x00000030   Code   RO         5218    i.etharp_request    etharp.o
    0x0800ae78   0x000000b0   Code   RO         5219    i.etharp_send_ip    etharp.o
    0x0800af28   0x00000094   Code   RO         5220    i.etharp_tmr        etharp.o
    0x0800afbc   0x00000158   Code   RO         5221    i.etharp_update_arp_entry  etharp.o
    0x0800b114   0x00000144   Code   RO         5222    i.ethernet_input    etharp.o
    0x0800b258   0x000000a4   Code   RO         5322    i.ethernetif_init   ethernetif.o
    0x0800b2fc   0x00000030   Code   RO         5323    i.ethernetif_input  ethernetif.o
    0x0800b32c   0x0000001c   Code   RO         4235    i.fputc             usart.o
    0x0800b348   0x00000064   Code   RO         4814    i.fuhegz_process    fiuprocess.o
    0x0800b3ac   0x0000014c   Code   RO         4815    i.fuhegz_set        fiuprocess.o
    0x0800b4f8   0x00000012   Code   RO         5403    i.icmp_dest_unreach  icmp.o
    0x0800b50a   0x00000002   PAD
    0x0800b50c   0x00000334   Code   RO         5404    i.icmp_input        icmp.o
    0x0800b840   0x00000120   Code   RO         5405    i.icmp_send_response  icmp.o
    0x0800b960   0x00000012   Code   RO         5406    i.icmp_time_exceeded  icmp.o
    0x0800b972   0x0000002a   Code   RO         5450    i.igmp_delaying_member  igmp.o
    0x0800b99c   0x00000024   Code   RO         5452    i.igmp_init         igmp.o
    0x0800b9c0   0x00000140   Code   RO         5453    i.igmp_input        igmp.o
    0x0800bb00   0x0000003c   Code   RO         5454    i.igmp_ip_output_if  igmp.o
    0x0800bb3c   0x000001b4   Code   RO         5455    i.igmp_joingroup    igmp.o
    0x0800bcf0   0x0000002c   Code   RO         5457    i.igmp_lookfor_group  igmp.o
    0x0800bd1c   0x00000058   Code   RO         5458    i.igmp_lookup_group  igmp.o
    0x0800bd74   0x00000028   Code   RO         5460    i.igmp_report_groups  igmp.o
    0x0800bd9c   0x00000134   Code   RO         5461    i.igmp_send         igmp.o
    0x0800bed0   0x00000048   Code   RO         5462    i.igmp_start        igmp.o
    0x0800bf18   0x0000002c   Code   RO         5463    i.igmp_start_timer  igmp.o
    0x0800bf44   0x00000020   Code   RO         5465    i.igmp_timeout      igmp.o
    0x0800bf64   0x0000001c   Code   RO         6464    i.igmp_timer        timers.o
    0x0800bf80   0x0000002c   Code   RO         5466    i.igmp_tmr          igmp.o
    0x0800bfac   0x00000014   Code   RO         5593    i.inet_chksum       inet_chksum.o
    0x0800bfc0   0x00000056   Code   RO         5594    i.inet_chksum_pbuf  inet_chksum.o
    0x0800c016   0x0000004e   Code   RO         5706    i.ip4_addr_isbroadcast  ip_addr.o
    0x0800c064   0x0000023c   Code   RO         5774    i.ip_frag           ip_frag.o
    0x0800c2a0   0x0000000a   Code   RO         5775    i.ip_frag_alloc_pbuf_custom_ref  ip_frag.o
    0x0800c2aa   0x00000002   PAD
    0x0800c2ac   0x0000008c   Code   RO         5776    i.ip_frag_free_pbuf_custom_ref  ip_frag.o
    0x0800c338   0x000001f0   Code   RO         5640    i.ip_input          ip.o
    0x0800c528   0x000000b4   Code   RO         5641    i.ip_output         ip.o
    0x0800c5dc   0x00000034   Code   RO         5642    i.ip_output_if      ip.o
    0x0800c610   0x000001e4   Code   RO         5643    i.ip_output_if_opt  ip.o
    0x0800c7f4   0x000001a4   Code   RO         5777    i.ip_reass          ip_frag.o
    0x0800c998   0x00000310   Code   RO         5778    i.ip_reass_chain_frag_into_datagram_and_validate  ip_frag.o
    0x0800cca8   0x000000b8   Code   RO         5779    i.ip_reass_dequeue_datagram  ip_frag.o
    0x0800cd60   0x00000058   Code   RO         5780    i.ip_reass_enqueue_new_datagram  ip_frag.o
    0x0800cdb8   0x000001cc   Code   RO         5781    i.ip_reass_free_complete_datagram  ip_frag.o
    0x0800cf84   0x0000007c   Code   RO         5782    i.ip_reass_remove_oldest_datagram  ip_frag.o
    0x0800d000   0x00000020   Code   RO         6465    i.ip_reass_timer    timers.o
    0x0800d020   0x0000003c   Code   RO         5783    i.ip_reass_tmr      ip_frag.o
    0x0800d05c   0x00000058   Code   RO         5644    i.ip_route          ip.o
    0x0800d0b4   0x000000bc   Code   RO         5784    i.ipfrag_free_pbuf_custom  ip_frag.o
    0x0800d170   0x000000ec   Code   RO         4816    i.ksldmn_process    fiuprocess.o
    0x0800d25c   0x000001e8   Code   RO         4817    i.ksldmn_set        fiuprocess.o
    0x0800d444   0x000000fc   Code   RO         4818    i.ksldmn_two_set    fiuprocess.o
    0x0800d540   0x00000064   Code   RO         4819    i.kstdgz_process    fiuprocess.o
    0x0800d5a4   0x00000100   Code   RO         4820    i.kstdgz_set        fiuprocess.o
    0x0800d6a4   0x0000006c   Code   RO            9    i.led_task          main.o
    0x0800d710   0x00000088   Code   RO         5324    i.low_level_init    ethernetif.o
    0x0800d798   0x00000108   Code   RO         5325    i.low_level_input   ethernetif.o
    0x0800d8a0   0x000000f0   Code   RO         5326    i.low_level_output  ethernetif.o
    0x0800d990   0x0000013c   Code   RO         5101    i.lwip_comm_default_ip_set  lwip_comm.o
    0x0800dacc   0x000001d8   Code   RO         5102    i.lwip_comm_init    lwip_comm.o
    0x0800dca4   0x0000003c   Code   RO         5103    i.lwip_comm_mem_free  lwip_comm.o
    0x0800dce0   0x00000074   Code   RO         5104    i.lwip_comm_mem_malloc  lwip_comm.o
    0x0800dd54   0x0000000c   Code   RO         5853    i.lwip_htons        def.o
    0x0800dd60   0x00000024   Code   RO         5930    i.lwip_init         init.o
    0x0800dd84   0x0000000c   Code   RO         5855    i.lwip_ntohs        def.o
    0x0800dd90   0x00000010   Code   RO         5105    i.lwip_pkt_handle   lwip_comm.o
    0x0800dda0   0x00000002   Code   RO         7189    i.lwip_socket_init  sockets.o
    0x0800dda2   0x0000005e   Code   RO         5597    i.lwip_standard_chksum  inet_chksum.o
    0x0800de00   0x00000120   Code   RO           10    i.main              main.o
    0x0800df20   0x00000168   Code   RO         5970    i.mem_free          mem.o
    0x0800e088   0x000000f4   Code   RO         5971    i.mem_init          mem.o
    0x0800e17c   0x00000288   Code   RO         5972    i.mem_malloc        mem.o
    0x0800e404   0x000001ec   Code   RO         5973    i.mem_trim          mem.o
    0x0800e5f0   0x000000c0   Code   RO         6025    i.memp_free         memp.o
    0x0800e6b0   0x00000008   Code   RO         6026    i.memp_get_memorysize  memp.o
    0x0800e6b8   0x00000068   Code   RO         6027    i.memp_init         memp.o
    0x0800e720   0x00000100   Code   RO         6028    i.memp_malloc       memp.o
    0x0800e820   0x00000044   Code   RO          716    i.multicast_send_data  mulcast.o
    0x0800e864   0x0000006c   Code   RO         5016    i.my_mem_free       malloc.o
    0x0800e8d0   0x0000002c   Code   RO         5017    i.my_mem_init       malloc.o
    0x0800e8fc   0x000000a8   Code   RO         5018    i.my_mem_malloc     malloc.o
    0x0800e9a4   0x00000040   Code   RO         5019    i.my_mem_perused    malloc.o
    0x0800e9e4   0x00000024   Code   RO         5020    i.myfree            malloc.o
    0x0800ea08   0x00000028   Code   RO         5021    i.mymalloc          malloc.o
    0x0800ea30   0x00000014   Code   RO         5023    i.mymemset          malloc.o
    0x0800ea44   0x00000114   Code   RO         6088    i.netif_add         netif.o
    0x0800eb58   0x00000002   Code   RO         6090    i.netif_init        netif.o
    0x0800eb5a   0x00000022   Code   RO         6092    i.netif_set_addr    netif.o
    0x0800eb7c   0x00000010   Code   RO         6093    i.netif_set_default  netif.o
    0x0800eb8c   0x00000010   Code   RO         6095    i.netif_set_gw      netif.o
    0x0800eb9c   0x00000010   Code   RO         6096    i.netif_set_ipaddr  netif.o
    0x0800ebac   0x00000010   Code   RO         6099    i.netif_set_netmask  netif.o
    0x0800ebbc   0x00000046   Code   RO         6100    i.netif_set_up      netif.o
    0x0800ec02   0x00000002   PAD
    0x0800ec04   0x000001cc   Code   RO           11    i.netinit_task      main.o
    0x0800edd0   0x0000041c   Code   RO         6197    i.pbuf_alloc        pbuf.o
    0x0800f1ec   0x00000108   Code   RO         6198    i.pbuf_alloced_custom  pbuf.o
    0x0800f2f4   0x00000148   Code   RO         6199    i.pbuf_cat          pbuf.o
    0x0800f43c   0x0000001a   Code   RO         6200    i.pbuf_chain        pbuf.o
    0x0800f456   0x00000012   Code   RO         6201    i.pbuf_clen         pbuf.o
    0x0800f468   0x00000238   Code   RO         6203    i.pbuf_copy         pbuf.o
    0x0800f6a0   0x000001c0   Code   RO         6206    i.pbuf_free         pbuf.o
    0x0800f860   0x00000154   Code   RO         6208    i.pbuf_header       pbuf.o
    0x0800f9b4   0x000001c4   Code   RO         6211    i.pbuf_realloc      pbuf.o
    0x0800fb78   0x0000001a   Code   RO         6212    i.pbuf_ref          pbuf.o
    0x0800fb92   0x00000002   PAD
    0x0800fb94   0x000001b4   Code   RO         5974    i.plug_holes        mem.o
    0x0800fd48   0x00000074   Code   RO         6325    i.raw_input         raw.o
    0x0800fdbc   0x00000094   Code   RO         4704    i.startFault        fiuhostdataanalysis.o
    0x0800fe50   0x0000005c   Code   RO           12    i.start_task        main.o
    0x0800feac   0x000000f4   Code   RO         6626    i.sys_arch_mbox_fetch  sys_arch.o
    0x0800ffa0   0x00000064   Code   RO         6628    i.sys_arch_sem_wait  sys_arch.o
    0x08010004   0x00000002   Code   RO         6629    i.sys_init          sys_arch.o
    0x08010006   0x00000002   PAD
    0x08010008   0x000000bc   Code   RO         6631    i.sys_mbox_new      sys_arch.o
    0x080100c4   0x00000024   Code   RO         6634    i.sys_mbox_trypost  sys_arch.o
    0x080100e8   0x00000038   Code   RO         6635    i.sys_mbox_valid    sys_arch.o
    0x08010120   0x000000a0   Code   RO         6639    i.sys_sem_new       sys_arch.o
    0x080101c0   0x0000000c   Code   RO         6641    i.sys_sem_signal    sys_arch.o
    0x080101cc   0x00000038   Code   RO         6643    i.sys_thread_new    sys_arch.o
    0x08010204   0x00000148   Code   RO         6466    i.sys_timeout       timers.o
    0x0801034c   0x00000034   Code   RO         6467    i.sys_timeouts_init  timers.o
    0x08010380   0x00000088   Code   RO         6468    i.sys_timeouts_mbox_fetch  timers.o
    0x08010408   0x00000060   Code   RO         6469    i.sys_untimeout     timers.o
    0x08010468   0x000000dc   Code   RO         7362    i.tcpip_init        tcpip.o
    0x08010544   0x0000004c   Code   RO         7363    i.tcpip_input       tcpip.o
    0x08010590   0x00000164   Code   RO         7364    i.tcpip_thread      tcpip.o
    0x080106f4   0x0000001c   Code   RO         4821    i.tdreset_process   fiuprocess.o
    0x08010710   0x00000038   Code   RO         4236    i.uart_init         usart.o
    0x08010748   0x0000010c   Code   RO         6531    i.udp_bind          udp.o
    0x08010854   0x00000230   Code   RO          625    i.udp_echoserver_receive_callback  udpecho.o
    0x08010a84   0x00000002   Code   RO         6534    i.udp_init          udp.o
    0x08010a86   0x00000002   PAD
    0x08010a88   0x00000240   Code   RO         6535    i.udp_input         udp.o
    0x08010cc8   0x0000001c   Code   RO         6536    i.udp_new           udp.o
    0x08010ce4   0x00000058   Code   RO         6537    i.udp_new_port      udp.o
    0x08010d3c   0x00000006   Code   RO         6538    i.udp_recv          udp.o
    0x08010d42   0x00000002   PAD
    0x08010d44   0x00000040   Code   RO         6539    i.udp_remove        udp.o
    0x08010d84   0x00000048   Code   RO         6541    i.udp_sendto        udp.o
    0x08010dcc   0x000001a4   Code   RO         6542    i.udp_sendto_if     udp.o
    0x08010f70   0x00000198   Code   RO          717    i.udp_server_rev    mulcast.o
    0x08011108   0x0000000a   Code   RO          626    i.udpecho_init      udpecho.o
    0x08011112   0x00000002   PAD
    0x08011114   0x0000003c   Code   RO          627    i.udpecho_thread    udpecho.o
    0x08011150   0x0000000a   Code   RO         9375    x$fpl$fpinit        fz_wm.l(fpinit.o)
    0x0801115a   0x00000010   Data   RO         1355    .constdata          stm32f4xx_hal_rcc.o
    0x0801116a   0x00000002   PAD
    0x0801116c   0x00000024   Data   RO         5030    .constdata          malloc.o
    0x08011190   0x0000000c   Data   RO         5224    .constdata          etharp.o
    0x0801119c   0x00000008   Data   RO         5713    .constdata          ip_addr.o
    0x080111a4   0x00000030   Data   RO         6030    .constdata          memp.o
    0x080111d4   0x00000004   Data   RO         6644    .constdata          sys_arch.o
    0x080111d8   0x00000100   Data   RO         8282    .constdata          os_core.o
    0x080112d8   0x00000028   Data   RO         9117    .constdata          c_w.l(_printf_hex_int.o)
    0x08011300   0x00000011   Data   RO         9147    .constdata          c_w.l(__printf_flags_wp.o)
    0x08011311   0x00000003   PAD
    0x08011314   0x00000044   Data   RO         5225    .conststring        etharp.o
    0x08011358   0x0000008c   Data   RO         6031    .conststring        memp.o
    0x080113e4   0x00000020   Data   RO         9469    Region$$Table       anon$$obj.o


    Execution Region RW_IRAM1 (Base: 0x20000000, Size: 0x0001fe68, Max: 0x00030000, ABSOLUTE, COMPRESSED[0x00000070])

    Base Addr    Size         Type   Attr      Idx    E Section Name        Object

    0x20000000   0x00000015   Data   RW           14    .data               main.o
    0x20000015   0x00000003   PAD
    0x20000018   0x00000014   Data   RW          490    .data               system_stm32f4xx.o
    0x2000002c   0x00000004   Data   RW          629    .data               udpecho.o
    0x20000030   0x0000000c   Data   RW          719    .data               mulcast.o
    0x2000003c   0x00000004   Data   RW          820    .data               stm32f4xx_hal.o
    0x20000040   0x00000006   Data   RW         4148    .data               delay.o
    0x20000046   0x00000002   PAD
    0x20000048   0x00000007   Data   RW         4238    .data               usart.o
    0x2000004f   0x00000001   PAD
    0x20000050   0x00000010   Data   RW         4498    .data               lan8720.o
    0x20000060   0x0000004f   Data   RW         4706    .data               fiuhostdataanalysis.o
    0x200000af   0x00000009   Data   RW         4823    .data               fiuprocess.o
    0x200000b8   0x00000008   Data   RW         4964    .data               can.o
    0x200000c0   0x00000024   Data   RW         5031    .data               malloc.o
    0x200000e4   0x0000000c   Data   RW         5107    .data               lwip_comm.o
    0x200000f0   0x00000001   Data   RW         5226    .data               etharp.o
    0x200000f1   0x00000003   PAD
    0x200000f4   0x0000000c   Data   RW         5467    .data               igmp.o
    0x20000100   0x00000012   Data   RW         5645    .data               ip.o
    0x20000112   0x00000002   PAD
    0x20000114   0x00000006   Data   RW         5785    .data               ip_frag.o
    0x2000011a   0x00000002   PAD
    0x2000011c   0x00000014   Data   RW         5975    .data               mem.o
    0x20000130   0x00000034   Data   RW         6032    .data               memp.o
    0x20000164   0x00000009   Data   RW         6101    .data               netif.o
    0x2000016d   0x00000003   PAD
    0x20000170   0x00000004   Data   RW         6331    .data               raw.o
    0x20000174   0x00000004   Data   RW         6470    .data               timers.o
    0x20000178   0x00000008   Data   RW         6543    .data               udp.o
    0x20000180   0x0000000c   Data   RW         7368    .data               tcpip.o
    0x2000018c   0x0000004c   Data   RW         8283    .data               os_core.o
    0x200001d8   0x00000004   Data   RW         8934    .data               os_cpu_c.o
    0x200001dc   0x00002e50   Zero   RW           13    .bss                main.o
    0x2000302c   0x00000068   Zero   RW          718    .bss                mulcast.o
    0x20003094   0x00000020   Zero   RW         3760    .bss                stm32f4xx_hal_flash.o
    0x200030b4   0x00000108   Zero   RW         4237    .bss                usart.o
    0x200031bc   0x00000034   Zero   RW         4325    .bss                sdram.o
    0x200031f0   0x00000048   Zero   RW         4497    .bss                lan8720.o
    0x20003238   0x00000094   Zero   RW         4579    .bss                timer.o
    0x200032cc   0x00000179   Zero   RW         4705    .bss                fiuhostdataanalysis.o
    0x20003445   0x00000001   PAD
    0x20003446   0x000000db   Zero   RW         4822    .bss                fiuprocess.o
    0x20003521   0x00000003   PAD
    0x20003524   0x00000080   Zero   RW         4963    .bss                can.o
    0x200035a4   0x0000001c   PAD
    0x200035c0   0x0001a900   Zero   RW         5029    .bss                malloc.o
    0x2001dec0   0x0000004c   Zero   RW         5106    .bss                lwip_comm.o
    0x2001df0c   0x000000c8   Zero   RW         5223    .bss                etharp.o
    0x2001dfd4   0x00000030   Zero   RW         6029    .bss                memp.o
    0x2001e004   0x00000f20   Zero   RW         8281    .bss                os_core.o
    0x2001ef24   0x00000200   Zero   RW         8933    .bss                os_cpu_c.o
    0x2001f124   0x000000e4   Zero   RW         9160    .bss                c_w.l(rand.o)
    0x2001f208   0x00000060   Zero   RW         9333    .bss                c_w.l(libspace.o)
    0x2001f268   0x00000400   Zero   RW          788    HEAP                startup_stm32f429xx.o
    0x2001f668   0x00000800   Zero   RW          787    STACK               startup_stm32f429xx.o



  Load Region LR$$.ARM.__AT_0x10000000 (Base: 0x10000000, Size: 0x00000000, Max: 0x0000f000, ABSOLUTE)

    Execution Region ER$$.ARM.__AT_0x10000000 (Base: 0x10000000, Size: 0x0000f000, Max: 0x0000f000, ABSOLUTE, UNINIT)

    Base Addr    Size         Type   Attr      Idx    E Section Name        Object

    0x10000000   0x0000f000   Zero   RW         5025    .ARM.__AT_0x10000000  malloc.o



  Load Region LR$$.ARM.__AT_0x1000F000 (Base: 0x1000f000, Size: 0x00000000, Max: 0x00000f00, ABSOLUTE)

    Execution Region ER$$.ARM.__AT_0x1000F000 (Base: 0x1000f000, Size: 0x00000f00, Max: 0x00000f00, ABSOLUTE, UNINIT)

    Base Addr    Size         Type   Attr      Idx    E Section Name        Object

    0x1000f000   0x00000f00   Zero   RW         5026    .ARM.__AT_0x1000F000  malloc.o



  Load Region LR$$.ARM.__AT_0xC01F4000 (Base: 0xc01f4000, Size: 0x00000000, Max: 0x01c3c000, ABSOLUTE)

    Execution Region ER$$.ARM.__AT_0xC01F4000 (Base: 0xc01f4000, Size: 0x01c3c000, Max: 0x01c3c000, ABSOLUTE, UNINIT)

    Base Addr    Size         Type   Attr      Idx    E Section Name        Object

    0xc01f4000   0x01c3c000   Zero   RW         5027    .ARM.__AT_0xC01F4000  malloc.o



  Load Region LR$$.ARM.__AT_0xC1E30000 (Base: 0xc1e30000, Size: 0x00000000, Max: 0x001c3c00, ABSOLUTE)

    Execution Region ER$$.ARM.__AT_0xC1E30000 (Base: 0xc1e30000, Size: 0x001c3c00, Max: 0x001c3c00, ABSOLUTE, UNINIT)

    Base Addr    Size         Type   Attr      Idx    E Section Name        Object

    0xc1e30000   0x001c3c00   Zero   RW         5028    .ARM.__AT_0xC1E30000  malloc.o


==============================================================================

Image component sizes


      Code (inc. data)   RO Data    RW Data    ZI Data      Debug   Object Name

        16          0          0          0          0       4040   app_hooks.o
       544         66          0          8        128       4421   can.o
        24          0          0          0          0       1098   def.o
       296         32          0          6          0       4037   delay.o
      4200       1318         80          1        200      13345   etharp.o
       852        144          0          0          0       7080   ethernetif.o
      6754        470          0         79        377      15930   fiuhostdataanalysis.o
      6898        236          0          9        219      17178   fiuprocess.o
      1144        456          0          0          0       4822   icmp.o
      1566        404          0         12          0      10244   igmp.o
         0          0          0          0          0       3828   inet.o
       200          0          0          0          0       2709   inet_chksum.o
        36          0          0          0          0        540   init.o
      1300        274          0         18          0       9116   ip.o
        78          0          8          0          0       7098   ip_addr.o
      3030        954          0          6          0      10628   ip_frag.o
       720         74          0         16         72       4629   lan8720.o
      1380         42          0          0          0       1715   led.o
      1052        330          0         12         76       8608   lwip_comm.o
      1708        436          0         21      11856     508433   main.o
       480         54         36         36   31630336       6358   malloc.o
      2180        938          0         20          0       5461   mem.o
       560        288        188         52         48       4130   memp.o
       956        194          0         12        104      12305   mulcast.o
       712        114          0          0          0       4874   myiic.o
       446        118          0          9          0       7578   netif.o
      2560        432        256         76       3872      25728   os_core.o
       220         36          0          0          0        420   os_cpu_a.o
       734        130          0          4        512      16031   os_cpu_c.o
       124         14          0          0          0       1298   os_flag.o
       744         38          0          0          0       4482   os_q.o
       412         24          0          0          0       2570   os_sem.o
      1162        116          0          0          0       7064   os_task.o
       244         34          0          0          0       2028   os_time.o
      3522       1480          0          0          0       8983   pbuf.o
       176          0          0          0          0       2981   pcf8574.o
       116         14          0          4          0       1536   raw.o
       552         40          0          0         52       2934   sdram.o
         2          0          0          0          0        495   sockets.o
       104         34        428          0       3072        848   startup_stm32f429xx.o
       160         16          0          4          0       4768   stm32f4xx_hal.o
      2360         34          0          0          0       6707   stm32f4xx_hal_can.o
       406         30          0          0          0      32020   stm32f4xx_hal_cortex.o
      2658         76          0          0          0      12503   stm32f4xx_hal_eth.o
       668         60          0          0         32       5998   stm32f4xx_hal_flash.o
       496         24          0          0          0       3362   stm32f4xx_hal_flash_ex.o
       568         54          0          0          0       3075   stm32f4xx_hal_gpio.o
       164         12          0          0          0       1284   stm32f4xx_hal_pwr_ex.o
      2044         66         16          0          0       5991   stm32f4xx_hal_rcc.o
       162          0          0          0          0       2668   stm32f4xx_hal_sdram.o
      1928         98          0          0          0      15352   stm32f4xx_hal_tim.o
         4          0          0          0          0       1590   stm32f4xx_hal_tim_ex.o
      1456         10          0          0          0       7599   stm32f4xx_hal_uart.o
        22          0          0          0          0       3135   stm32f4xx_it.o
       364          0          0          0          0       3468   stm32f4xx_ll_fmc.o
       542         94          0          0          0       3427   stmflash.o
       200          8          0          0          0       1687   sys.o
       854        272          4          0          0       7460   sys_arch.o
       100         18          0         20          0       1045   system_stm32f4xx.o
       652        284          0         12          0       2695   tcpip.o
       468         64          0          0        148       4442   timer.o
       704        194          0          4          0      10856   timers.o
      1524        370          0          8          0       8992   udp.o
       670         24          0          4          0      21748   udpecho.o
       468         60          0          7        264       5501   usart.o

    ----------------------------------------------------------------------
     67496      11202       1050        476   31651400     934976   Object Totals
         0          0         32          0          0          0   (incl. Generated)
        50          0          2         16         32          0   (incl. Padding)

    ----------------------------------------------------------------------

      Code (inc. data)   RO Data    RW Data    ZI Data      Debug   Library Member Name

        90          0          0          0          0          0   __dczerorl2.o
         8          0          0          0          0         68   __main.o
       312          4         17          0          0         92   __printf_flags_wp.o
        14          0          0          0          0         68   __printf_wp.o
         0          0          0          0          0          0   __rtentry.o
        12          0          0          0          0          0   __rtentry2.o
         6          0          0          0          0          0   __rtentry4.o
        52          8          0          0          0          0   __scatter.o
        28          0          0          0          0          0   __scatter_zi.o
        44          0          0          0          0        108   _printf_char.o
        48          6          0          0          0         96   _printf_char_common.o
        36          4          0          0          0         80   _printf_char_file.o
         6          0          0          0          0          0   _printf_d.o
       120         16          0          0          0         92   _printf_dec.o
        88          4         40          0          0         88   _printf_hex_int.o
       178          0          0          0          0         88   _printf_intcommon.o
        78          0          0          0          0        108   _printf_pad.o
         0          0          0          0          0          0   _printf_percent.o
         4          0          0          0          0          0   _printf_percent_end.o
         6          0          0          0          0          0   _printf_s.o
        82          0          0          0          0         80   _printf_str.o
         6          0          0          0          0          0   _printf_x.o
        12          0          0          0          0         72   exit.o
         8          0          0          0          0         68   ferror.o
         6          0          0          0          0        152   heapauxi.o
         2          0          0          0          0          0   libinit.o
        10          0          0          0          0          0   libinit2.o
         2          0          0          0          0          0   libshutdown.o
         2          0          0          0          0          0   libshutdown2.o
         8          4          0          0         96         68   libspace.o
        88          0          0          0          0         76   memcmp.o
        24          4          0          0          0         84   noretval__2printf.o
       112         18          0          0        228        160   rand.o
        68          0          0          0          0         68   rt_memclr.o
        78          0          0          0          0         80   rt_memclr_w.o
       138          0          0          0          0         68   rt_memcpy_v6.o
       100          0          0          0          0         80   rt_memcpy_w.o
         2          0          0          0          0          0   rtexit.o
        10          0          0          0          0          0   rtexit2.o
        72          0          0          0          0         80   strcpy.o
        74          0          0          0          0         80   sys_stackheap_outer.o
         2          0          0          0          0         68   use_no_semi.o
         2          0          0          0          0         68   use_no_semi_2.o
        10          0          0          0          0        116   fpinit.o

    ----------------------------------------------------------------------
      2054         68         60          0        324       2356   Library Totals
         6          0          3          0          0          0   (incl. Padding)

    ----------------------------------------------------------------------

      Code (inc. data)   RO Data    RW Data    ZI Data      Debug   Library Name

      2038         68         57          0        324       2240   c_w.l
        10          0          0          0          0        116   fz_wm.l

    ----------------------------------------------------------------------
      2054         68         60          0        324       2356   Library Totals

    ----------------------------------------------------------------------

==============================================================================


      Code (inc. data)   RO Data    RW Data    ZI Data      Debug   

     69550      11270       1110        476   31651724     896036   Grand Totals
     69550      11270       1110        112   31651724     896036   ELF Image Totals (compressed)
     69550      11270       1110        112          0          0   ROM Totals

==============================================================================

    Total RO  Size (Code + RO Data)                70660 (  69.00kB)
    Total RW  Size (RW Data + ZI Data)          31652200 (30910.35kB)
    Total ROM Size (Code + RO Data + RW Data)      70772 (  69.11kB)

==============================================================================

