<html>
<body>
<pre>
<h1>µVision Build Log</h1>
<h2>Tool Versions:</h2>
IDE-Version: ¦ÌVision V5.14.0.0
Copyright (C) 2015 ARM Ltd and ARM Germany GmbH. All rights reserved.
License Information: kl ivviw, Microsoft, LIC=CRMLQ-NDN88-22GL4-FI5W4-FS84D-V8YK9
 
Tool Versions:
Toolchain:       MDK-ARM Professional  Version: 5.14.0.0
Toolchain Path:  D:\MDK5\mdk511a_exe\ARM\ARMCC\Bin
C Compiler:      Armcc.exe V5.05 update 1 (build 106)
Assembler:       Armasm.exe V5.05 update 1 (build 106)
Linker/Locator:  ArmLink.exe V5.05 update 1 (build 106)
Library Manager: ArmAr.exe V5.05 update 1 (build 106)
Hex Converter:   FromElf.exe V5.05 update 1 (build 106)
CPU DLL:         SARMCM3.DLL V5.14.0.0
Dialog DLL:      DCM.DLL V1.13.1.0
Target DLL:      STLink\ST-LINKIII-KEIL_SWO.dll V2.0.14.0_KEIL
Dialog DLL:      TCM.DLL V1.14.4.0
 
<h2>Project:</h2>
E:\aaProduct\hd\HardProductUpdate\NewFiu\FiuNv\USER\FiuNv.uvprojx
Project File Date:  08/15/2018

<h2>Output:</h2>
Build target 'FiuNv'
compiling main.c...
compiling stm32f4xx_it.c...
compiling system_stm32f4xx.c...
compiling udpecho.c...
..\LWIP\udpecho\udpecho.c(167): warning:  #175-D: subscript out of range
                        tmp_flash[64] = tmp_buf[10];
..\LWIP\udpecho\udpecho.c(168): warning:  #175-D: subscript out of range
                        tmp_flash[65] = tmp_buf[11];
..\LWIP\udpecho\udpecho.c(169): warning:  #175-D: subscript out of range
                        tmp_flash[66] = tmp_buf[12];
..\LWIP\udpecho\udpecho.c(170): warning:  #175-D: subscript out of range
                        tmp_flash[67] = tmp_buf[13];
..\LWIP\udpecho\udpecho.c(171): warning:  #175-D: subscript out of range
                        tmp_flash[68] = tmp_buf[14];
..\LWIP\udpecho\udpecho.c(172): warning:  #175-D: subscript out of range
                        tmp_flash[69] = tmp_buf[15];
..\LWIP\udpecho\udpecho.c(174): warning:  #175-D: subscript out of range
                        tmp_flash[72] = tmp_buf[16];
..\LWIP\udpecho\udpecho.c(175): warning:  #175-D: subscript out of range
                        tmp_flash[73] = tmp_buf[17];
..\LWIP\udpecho\udpecho.c(176): warning:  #175-D: subscript out of range
                        tmp_flash[74] = tmp_buf[18];
..\LWIP\udpecho\udpecho.c(177): warning:  #175-D: subscript out of range
                        tmp_flash[75] = tmp_buf[19];
..\LWIP\udpecho\udpecho.c(178): warning:  #175-D: subscript out of range
                        tmp_flash[76] = tmp_buf[20];
..\LWIP\udpecho\udpecho.c(179): warning:  #175-D: subscript out of range
                        tmp_flash[77] = tmp_buf[21];
..\LWIP\udpecho\udpecho.c(180): warning:  #175-D: subscript out of range
                        tmp_flash[78] = tmp_buf[22];
..\LWIP\udpecho\udpecho.c(181): warning:  #175-D: subscript out of range
                        tmp_flash[79] = tmp_buf[23];
..\LWIP\udpecho\udpecho.c(205): warning: C4488E: write to variable 'tmp_flash' with offset out of bounds
}
..\LWIP\udpecho\udpecho.c(205): warning: C4488E: write to variable 'tmp_flash' with offset out of bounds
}
..\LWIP\udpecho\udpecho.c(205): warning: C4488E: write to variable 'tmp_flash' with offset out of bounds
}
..\LWIP\udpecho\udpecho.c(205): warning: C4488E: write to variable 'tmp_flash' with offset out of bounds
}
..\LWIP\udpecho\udpecho.c(205): warning: C4488E: write to variable 'tmp_flash' with offset out of bounds
}
..\LWIP\udpecho\udpecho.c(205): warning: C4488E: write to variable 'tmp_flash' with offset out of bounds
}
..\LWIP\udpecho\udpecho.c(205): warning: C4488E: write to variable 'tmp_flash' with offset out of bounds
}
..\LWIP\udpecho\udpecho.c(205): warning: C4488E: write to variable 'tmp_flash' with offset out of bounds
}
..\LWIP\udpecho\udpecho.c(205): warning: C4488E: write to variable 'tmp_flash' with offset out of bounds
}
..\LWIP\udpecho\udpecho.c(205): warning: C4488E: write to variable 'tmp_flash' with offset out of bounds
}
..\LWIP\udpecho\udpecho.c(205): warning: C4488E: write to variable 'tmp_flash' with offset out of bounds
}
..\LWIP\udpecho\udpecho.c(205): warning: C4488E: write to variable 'tmp_flash' with offset out of bounds
}
..\LWIP\udpecho\udpecho.c(205): warning: C4488E: write to variable 'tmp_flash' with offset out of bounds
}
..\LWIP\udpecho\udpecho.c(205): warning: C4488E: write to variable 'tmp_flash' with offset out of bounds
}
..\LWIP\udpecho\udpecho.c: 28 warnings, 0 errors
compiling mulcast.c...
..\LWIP\udpecho\mulcast.c(19): warning:  #177-D: variable "j" was declared but never referenced
        int i,j; 
..\LWIP\udpecho\mulcast.c(129): warning:  #177-D: variable "i" was declared but never referenced
        int i;   
..\LWIP\udpecho\mulcast.c(178): warning:  #167-D: argument of type "int8_t *" is incompatible with parameter of type "char *restrict"
        strcpy(g_MCUinfo.devName ,DEVNAME);
..\LWIP\udpecho\mulcast.c(179): warning:  #167-D: argument of type "int8_t *" is incompatible with parameter of type "char *restrict"
        strcpy(g_MCUinfo.devSN,DEVSN);
..\LWIP\udpecho\mulcast.c(180): warning:  #167-D: argument of type "int8_t *" is incompatible with parameter of type "char *restrict"
        strcpy(g_MCUinfo.mcuType,MCUTYPE);
..\LWIP\udpecho\mulcast.c: 5 warnings, 0 errors
assembling startup_stm32f429xx.s...
compiling stm32f4xx_hal.c...
compiling stm32f4xx_hal_cortex.c...
compiling stm32f4xx_hal_gpio.c...
compiling stm32f4xx_hal_pwr.c...
compiling stm32f4xx_hal_pwr_ex.c...
compiling stm32f4xx_hal_rcc.c...
compiling stm32f4xx_hal_rcc_ex.c...
compiling stm32f4xx_hal_uart.c...
compiling stm32f4xx_hal_usart.c...
compiling stm32f4xx_hal_dma.c...
compiling stm32f4xx_hal_dma_ex.c...
compiling stm32f4xx_hal_tim.c...
compiling stm32f4xx_hal_tim_ex.c...
compiling stm32f4xx_ll_fmc.c...
compiling stm32f4xx_hal_sram.c...
compiling stm32f4xx_hal_sdram.c...
compiling stm32f4xx_hal_dma2d.c...
compiling stm32f4xx_hal_eth.c...
compiling stm32f4xx_hal_flash.c...
compiling stm32f4xx_hal_flash_ex.c...
compiling stm32f4xx_hal_can.c...
compiling delay.c...
compiling sys.c...
compiling usart.c...
compiling led.c...
compiling sdram.c...
compiling myiic.c...
compiling pcf8574.c...
compiling lan8720.c...
..\HARDWARE\LAN8720\lan8720.c(21): warning:  #177-D: variable "eth_err" was declared but never referenced
        HAL_StatusTypeDef eth_err;
..\HARDWARE\LAN8720\lan8720.c: 1 warning, 0 errors
compiling timer.c...
..\HARDWARE\TIMER\timer.c(134): warning:  #1-D: last line of file ends without a newline
  #endif
..\HARDWARE\TIMER\timer.c: 1 warning, 0 errors
compiling stmflash.c...
compiling FiuHostDataAnalysis.c...
..\HARDWARE\Fiu\FiuHostDataAnalysis.c(106): warning:  #177-D: variable "i" was declared but never referenced
        int i;
..\HARDWARE\Fiu\FiuHostDataAnalysis.c(618): warning:  #177-D: variable "i" was declared but never referenced
        int i;
..\HARDWARE\Fiu\FiuHostDataAnalysis.c: 2 warnings, 0 errors
compiling FiuProcess.c...
..\HARDWARE\Fiu\FiuProcess.c(503): warning:  #177-D: variable "i" was declared but never referenced
        u8 i,utemp,uDqNumber,uDqPin;
..\HARDWARE\Fiu\FiuProcess.c(755): warning:  #186-D: pointless comparison of unsigned integer with zero
        if(((uFiuCom_Buftemp>=0)&&(uFiuCom_Buftemp<6))|(uFiuCom_Buftemp==7))
..\HARDWARE\Fiu\FiuProcess.c: 2 warnings, 0 errors
compiling can.c...
..\HARDWARE\CAN\can.c(118): warning:  #177-D: variable "i" was declared but never referenced
      int i=0;
..\HARDWARE\CAN\can.c: 1 warning, 0 errors
compiling malloc.c...
compiling lwip_comm.c...
..\LWIP\lwip_app\lwip_comm\lwip_comm.c(86): warning:  #550-D: variable "sn1" was set but never used
        u32 sn0,sn1,sn2;
..\LWIP\lwip_app\lwip_comm\lwip_comm.c(86): warning:  #550-D: variable "sn2" was set but never used
        u32 sn0,sn1,sn2;
..\LWIP\lwip_app\lwip_comm\lwip_comm.c: 2 warnings, 0 errors
compiling etharp.c...
compiling ethernetif.c...
compiling autoip.c...
compiling icmp.c...
compiling igmp.c...
compiling inet.c...
compiling inet_chksum.c...
compiling ip.c...
compiling ip_addr.c...
compiling ip_frag.c...
compiling def.c...
compiling dhcp.c...
compiling dns.c...
compiling init.c...
compiling mem.c...
compiling memp.c...
compiling netif.c...
compiling pbuf.c...
compiling raw.c...
compiling stats.c...
compiling tcp.c...
compiling tcp_in.c...
compiling tcp_out.c...
compiling timers.c...
compiling udp.c...
compiling sys_arch.c...
compiling api_lib.c...
compiling api_msg.c...
compiling err.c...
compiling netbuf.c...
compiling netdb.c...
compiling netifapi.c...
compiling sockets.c...
compiling tcpip.c...
compiling bsp.c...
compiling cpu_bsp.c...
compiling cpu_c.c...
compiling cpu_core.c...
assembling cpu_a.asm...
compiling lib_ascii.c...
compiling lib_math.c...
compiling lib_mem.c...
compiling lib_str.c...
assembling lib_mem_a.asm...
compiling os_core.c...
compiling os_flag.c...
compiling os_mbox.c...
compiling os_mem.c...
compiling os_mutex.c...
compiling os_q.c...
compiling os_sem.c...
compiling os_task.c...
compiling os_time.c...
compiling os_tmr.c...
compiling os_cpu_c.c...
assembling os_cpu_a.asm...
compiling app_hooks.c...
linking...
Program Size: Code=68758 RO-data=1110 RW-data=476 ZI-data=31651724  
FromELF: creating hex file...
"..\RELEASEFILES\FiuNv1-1-1.axf" - 0 Error(s), 42 Warning(s).

<h2>Collection of Component include folders:</h2>
  E:\aaProduct\hd\HardProductUpdate\NewFiu\FiuNv\USER\RTE
  D:\MDK5\mdk511a_exe\ARM\PACK\Keil\STM32F4xx_DFP\2.11.0

<h2>Collection of Component Files used:</h2>
</pre>
</body>
</html>
